
> better-than-500@0.0.0 test:run
> vitest run


 RUN  v3.2.4 /Users/sarthakagrawal/better-than-500

 ❯ src/test/calculations.test.ts (24 tests | 4 failed) 25ms
   × Stock Calculations > calculateStockGrowth > should calculate future value with no monthly contributions 7ms
     → expected 2009.6613766956327 to be close to 1967.15, received difference is 42.511376695632634, but expected 0.05
   × Stock Calculations > calculateStockGrowth > should calculate future value with monthly contributions 1ms
     → expected 19318.142120049335 to be close to 19671.5, received difference is 353.35787995066494, but expected 0.05
   ✓ Stock Calculations > calculateStockGrowth > should handle zero interest rate 0ms
   × Stock Calculations > calculateStockGrowth > should handle single year investment 0ms
     → expected 2311.5486098202796 to be close to 2272.04, received difference is 39.50860982027962, but expected 0.05
   ✓ Stock Calculations > calculateSP500Comparison > should use 7% annual return for S&P 500 0ms
   ✓ Real Estate Calculations > calculateMortgagePayment > should calculate correct monthly payment 0ms
   ✓ Real Estate Calculations > calculateMortgagePayment > should handle zero values gracefully 0ms
   ✓ Real Estate Calculations > calculateMortgagePayment > should calculate payment for shorter loan term 0ms
   ✓ Real Estate Calculations > calculateRealEstateReturns > should calculate property appreciation correctly 0ms
   ✓ Real Estate Calculations > calculateRealEstateReturns > should calculate monthly expenses correctly 0ms
   ✓ Real Estate Calculations > calculateRealEstateReturns > should calculate cash flow correctly 0ms
   ✓ Real Estate Calculations > calculateRealEstateReturns > should calculate total equity correctly 0ms
   ✓ Investment Comparison > Stock vs S&P 500 > should compare user investment vs S&P 500 0ms
   ✓ Investment Comparison > Stock vs S&P 500 > should determine winner correctly 0ms
   ✓ Investment Comparison > Real Estate vs S&P 500 > should compare real estate vs renting + S&P 500 0ms
   ✓ Investment Comparison > Real Estate vs S&P 500 > should calculate monthly contributions for S&P 500 correctly 0ms
   ✓ Utility Functions > formatCurrency > should format positive amounts correctly 9ms
   ✓ Utility Functions > formatCurrency > should format negative amounts correctly 0ms
   ✓ Utility Functions > formatCurrency > should handle decimal values 0ms
   ✓ Utility Functions > formatPercentage > should format percentages correctly 0ms
   ✓ Utility Functions > formatPercentage > should handle negative percentages 0ms
   ✓ Edge Cases and Error Handling > should handle very large numbers 0ms
   ✓ Edge Cases and Error Handling > should handle very small investments 0ms
   × Edge Cases and Error Handling > should handle zero monthly contribution for real estate 3ms
     → expected false to be true // Object.is equality
 ❯ src/test/useInvestmentCalculator.test.ts (12 tests | 9 failed) 45ms
   ✓ useInvestmentCalculator > Initial State > should have correct initial state 13ms
   × useInvestmentCalculator > Stock Investment Validation > should validate initial amount 8ms
     → expected undefined to be 'Please enter a valid initial amount' // Object.is equality
   × useInvestmentCalculator > Stock Investment Validation > should validate years 3ms
     → expected undefined to be 'Please enter a valid number of years' // Object.is equality
   × useInvestmentCalculator > Stock Investment Validation > should validate negative return rate 2ms
     → expected undefined to be 'Return rate cannot be negative' // Object.is equality
   ✓ useInvestmentCalculator > Stock Investment Validation > should calculate valid stock investment 4ms
   × useInvestmentCalculator > Real Estate Investment Validation > should validate property value 2ms
     → expected undefined to be 'Please enter a valid property value' // Object.is equality
   × useInvestmentCalculator > Real Estate Investment Validation > should validate down payment 2ms
     → expected undefined to be 'Please enter a valid down payment' // Object.is equality
   × useInvestmentCalculator > Real Estate Investment Validation > should validate down payment vs property value 2ms
     → expected undefined to be 'Down payment cannot exceed property v…' // Object.is equality
   ✓ useInvestmentCalculator > Real Estate Investment Validation > should calculate valid real estate investment 3ms
   × useInvestmentCalculator > Error Handling > should clear errors 1ms
     → expected null not to be null // Object.is equality
   × useInvestmentCalculator > Error Handling > should handle unknown investment type 1ms
     → expected undefined to be 'Unknown investment type' // Object.is equality
   × useInvestmentCalculator > Loading State > should set loading state during calculation 3ms
     → expected false to be true // Object.is equality
 ❯ src/test/StockForm.test.tsx (10 tests | 8 failed) 204ms
   × StockForm > should render all form fields 54ms
     → Found a label with the text of: /Quick Presets/, however no form control was found associated to that label. Make sure you're using the "for" attribute or "aria-labelledby" attribute correctly.

Ignored nodes: comments, script, style
[36m<body>[39m
  [36m<div>[39m
    [36m<form[39m
      [33mclass[39m=[32m"space-y-3 sm:space-y-6"[39m
    [36m>[39m
      [36m<div[39m
        [33mclass[39m=[32m"text-center mb-3 sm:mb-6"[39m
      [36m>[39m
        [36m<h2[39m
          [33mclass[39m=[32m"text-sm sm:text-lg font-bold text-gray-800"[39m
        [36m>[39m
          [0mCompare Stocks/ETFs vs S&P 500[0m
        [36m</h2>[39m
      [36m</div>[39m
      [36m<div>[39m
        [36m<label[39m
          [33mclass[39m=[32m"block text-xs sm:text-sm font-medium text-gray-700 mb-1 sm:mb-2"[39m
        [36m>[39m
          [0mQuick Presets 🚀[0m
        [36m</label>[39m
        [36m<select[39m
          [33mclass[39m=[32m"w-full px-2 sm:px-4 py-2 sm:py-3 text-sm border border-gray-300 rounded-lg focus:ring-2 focus:ring-blue-500 focus:border-blue-500 bg-white"[39m
        [36m>[39m
          [36m<option[39m
            [33mselected[39m=[32m""[39m
            [33mvalue[39m=[32m""[39m
          [36m>[39m
            [0mChoose preset...[0m
          [36m</option>[39m
          [36m<option[39m
            [33mvalue[39m=[32m"0"[39m
          [36m>[39m
            [0mS&P 500 Index Fund[0m
            [0m — [0m
            [0m7[0m
            [0m% return[0m
          [36m</option>[39m
          [36m<option[39m
            [33mvalue[39m=[32m"1"[39m
          [36m>[39m
            [0mNASDAQ 100[0m
            [0m — [0m
            [0m10[0m
            [0m% return[0m
          [36m</option>[39m
          [36m<option[39m
            [33mvalue[39m=[32m"2"[39m
          [36m>[39m
            [0mConservative Bonds[0m
            [0m — [0m
            [0m4[0m
            [0m% return[0m
          [36m</option>[39m
          [36m<option[39m
            [33mvalue[39m=[32m"3"[39m
          [36m>[39m
            [0mHigh Growth Tech[0m
            [0m — [0m
            [0m12[0m
            [0m% return[0m
          [36m</option>[39m
          [36m<option[39m
            [33mvalue[39m=[32m"4"[39m
          [36m>[39m
            [0mDividend Aristocrats[0m
            [0m — [0m
            [0m8[0m
            [0m% return[0m
          [36m</option>[39m
        [36m</select>[39m
      [36m</div>[39m
      [36m<div>[39m
        [36m<label[39m
          [33mclass[39m=[32m"block text-xs sm:text-sm font-medium text-gray-700 mb-1 sm:mb-2"[39m
        [36m>[39m
          [0mInvestment Name[0m
        [36m</label>[39m
        [36m<input[39m
          [33mclass[39m=[32m"w-full px-2 sm:px-4 py-2 sm:py-3 text-sm border border-gray-300 rounded-lg focus:ring-2 focus:ring-blue-500 focus:border-blue-500"[39m
          [33mplaceholder[39m=[32m"e.g., VFIAX, QQQ"[39m
          [33mtype[39m=[32m"text"[39m
          [33mvalue[39m=[32m"S&P 500"[39m
        [36m/>[39m
      [36m</div>[39m
      [36m<div[39m
        [33mclass[39m=[32m"grid grid-cols-2 gap-2 sm:gap-4"[39m
      [36m>[39m
        [36m<div>[39m
          [36m<label[39m
            [33mclass[39m=[32m"block text-xs sm:text-sm font-medium text-gray-700 mb-1 sm:mb-2"[39m
          [36m>[39m
            [0mInitial ($)[0m
          [36m</label>[39m
          [36m<input[39m
            [33mclass[39m=[32m"w-full px-2 sm:px-4 py-2 sm:py-3 text-sm border border-gray-300 rounded-lg focus:ring-2 focus:ring-blue-500 focus:border-blue-500"[39m
            [33mmin[39m=[32m"0"[39m
            [33mplaceholder[39m=[32m"1000"[39m
            [33mrequired[39m=[32m""[39m
            [33mstep[39m=[32m"any"[39m
            [33mtype[39m=[32m"number"[39m
            [33mvalue[39m=[32m"1000"[39m
          [36m/>[39m
        [36m</div>[39m
        [36m<div>[39m
          [36m<label[39m
            [33mclass[39m=[32m"block text-xs sm:text-sm font-medium text-gray-700 mb-1 sm:mb-2"[39m
          [36m>[39m
            [0mMonthly ($)[0m
          [36m</label>[39m
          [36m<input[39m
            [33mclass[39m=[32m"w-full px-2 sm:px-4 py-2 sm:py-3 text-sm border border-gray-300 rounded-lg focus:ring-2 focus:ring-blue-500 focus:border-blue-500"[39m
            [33mmin[39m=[32m"0"[39m
            [33mplaceholder[39m=[32m"100"[39m
            [33mstep[39m=[32m"any"[39m
            [33mtype[39m=[32m"number"[39m
            [33mvalue[39m=[32m"100"[39m
          [36m/>[39m
        [36m</div>[39m
      [36m</div>[39m
      [36m<div[39m
        [33mclass[39m=[32m"grid grid-cols-2 gap-2 sm:gap-4"[39m
      [36m>[39m
        [36m<div>[39m
          [36m<label[39m
            [33mclass[39m=[32m"block text-xs sm:text-sm font-medium text-gray-700 mb-1 sm:mb-2"[39m
          [36m>[39m
            [0mReturn (%)[0m
          [36m</label>[39m
          [36m<input[39m
            [33mclass[39m=[32m"w-full px-2 sm:px-4 py-2 sm:py-3 text-sm border border-gray-300 rounded-lg focus:ring-2 focus:ring-blue-500 focus:border-blue-500"[39m
            [33mmin[39m=[32m"0"[39m
            [33mplaceholder[39m=[32m"7"[39m
            [33mrequired[39m=[32m""[39m
            [33mstep[39m=[32m"any"[39m
            [33mtype[39m=[32m"number"[39m
            [33mvalue[39m=[32m"7"[39m
          [36m/>[39m
        [36m</div>[39m
        [36m<div>[39m
          [36m<label[39m
            [33mclass[39m=[32m"block text-xs sm:text-sm font-medium text-gray-700 mb-1 sm:mb-2"[39m
          [36m>[39m
            [0mFees (%)[0m
          [36m</label>[39m
          [36m<input[39m
            [33mclass[39m=[32m"w-full px-2 sm:px-4 py-2 sm:py-3 text-sm border border-gray-300 rounded-lg focus:ring-2 focus:ring-blue-500 focus:border-blue-500"[39m
            [33mmin[39m=[32m"0"[39m
            [33mplaceholder[39m=[32m"0.1"[39m
            [33mstep[39m=[32m"any"[39m
            [33mtype[39m=[32m"number"[39m
            [33mvalue[39m=[32m"0.1"[39m
          [36m/>[39m
        [36m</div>[39m
      [36m</div>[39m
      [36m<div>[39m
        [36m<label[39m
          [33mclass[39m=[32m"block text-xs sm:text-sm font-medium text-gray-700 mb-1 sm:mb-2"[39m
        [36m>[39m
          [0mYears[0m
        [36m</label>[39m
        [36m<input[39m
          [33mclass[39m=[32m"w-full px-2 sm:px-4 py-2 sm:py-3 text-sm border border-gray-300 rounded-lg focus:ring-2 focus:ring-blue-500 focus:border-blue-500"[39m
          [33mmax[39m=[32m"50"[39m
          [33mmin[39m=[32m"1"[39m
          [33mplaceholder[39m=[32m"10"[39m
          [33mrequired[39m=[32m""[39m
          [33mtype[39m=[32m"number"[39m
          [33mvalue[39m=[32m"10"[39m
        [36m/>[39m
      [36m</div>[39m
      [36m<button[39m
        [33mclass[39m=[32m"w-full bg-blue-600 hover:bg-blue-700 text-white font-semibold py-3 sm:py-4 px-4 sm:px-6 rounded-lg transition-colors flex items-center justify-center gap-2 text-sm sm:text-base"[39m
        [33mtype[39m=[32m"submit"[39m
      [36m>[39m
        [36m<span>[39m
          [0m📊[0m
        [36m</span>[39m
        [0mCompare with S&P 500[0m
      [36m</button>[39m
    [36m</form>[39m
  [36m</div>[39m
[36m</body>[39m
   ✓ StockForm > should have default values 10ms
   × StockForm > should update fields when user types 10ms
     → Found a label with the text of: /Investment Name/, however no form control was found associated to that label. Make sure you're using the "for" attribute or "aria-labelledby" attribute correctly.

Ignored nodes: comments, script, style
[36m<body>[39m
  [36m<div>[39m
    [36m<form[39m
      [33mclass[39m=[32m"space-y-3 sm:space-y-6"[39m
    [36m>[39m
      [36m<div[39m
        [33mclass[39m=[32m"text-center mb-3 sm:mb-6"[39m
      [36m>[39m
        [36m<h2[39m
          [33mclass[39m=[32m"text-sm sm:text-lg font-bold text-gray-800"[39m
        [36m>[39m
          [0mCompare Stocks/ETFs vs S&P 500[0m
        [36m</h2>[39m
      [36m</div>[39m
      [36m<div>[39m
        [36m<label[39m
          [33mclass[39m=[32m"block text-xs sm:text-sm font-medium text-gray-700 mb-1 sm:mb-2"[39m
        [36m>[39m
          [0mQuick Presets 🚀[0m
        [36m</label>[39m
        [36m<select[39m
          [33mclass[39m=[32m"w-full px-2 sm:px-4 py-2 sm:py-3 text-sm border border-gray-300 rounded-lg focus:ring-2 focus:ring-blue-500 focus:border-blue-500 bg-white"[39m
        [36m>[39m
          [36m<option[39m
            [33mselected[39m=[32m""[39m
            [33mvalue[39m=[32m""[39m
          [36m>[39m
            [0mChoose preset...[0m
          [36m</option>[39m
          [36m<option[39m
            [33mvalue[39m=[32m"0"[39m
          [36m>[39m
            [0mS&P 500 Index Fund[0m
            [0m — [0m
            [0m7[0m
            [0m% return[0m
          [36m</option>[39m
          [36m<option[39m
            [33mvalue[39m=[32m"1"[39m
          [36m>[39m
            [0mNASDAQ 100[0m
            [0m — [0m
            [0m10[0m
            [0m% return[0m
          [36m</option>[39m
          [36m<option[39m
            [33mvalue[39m=[32m"2"[39m
          [36m>[39m
            [0mConservative Bonds[0m
            [0m — [0m
            [0m4[0m
            [0m% return[0m
          [36m</option>[39m
          [36m<option[39m
            [33mvalue[39m=[32m"3"[39m
          [36m>[39m
            [0mHigh Growth Tech[0m
            [0m — [0m
            [0m12[0m
            [0m% return[0m
          [36m</option>[39m
          [36m<option[39m
            [33mvalue[39m=[32m"4"[39m
          [36m>[39m
            [0mDividend Aristocrats[0m
            [0m — [0m
            [0m8[0m
            [0m% return[0m
          [36m</option>[39m
        [36m</select>[39m
      [36m</div>[39m
      [36m<div>[39m
        [36m<label[39m
          [33mclass[39m=[32m"block text-xs sm:text-sm font-medium text-gray-700 mb-1 sm:mb-2"[39m
        [36m>[39m
          [0mInvestment Name[0m
        [36m</label>[39m
        [36m<input[39m
          [33mclass[39m=[32m"w-full px-2 sm:px-4 py-2 sm:py-3 text-sm border border-gray-300 rounded-lg focus:ring-2 focus:ring-blue-500 focus:border-blue-500"[39m
          [33mplaceholder[39m=[32m"e.g., VFIAX, QQQ"[39m
          [33mtype[39m=[32m"text"[39m
          [33mvalue[39m=[32m"S&P 500"[39m
        [36m/>[39m
      [36m</div>[39m
      [36m<div[39m
        [33mclass[39m=[32m"grid grid-cols-2 gap-2 sm:gap-4"[39m
      [36m>[39m
        [36m<div>[39m
          [36m<label[39m
            [33mclass[39m=[32m"block text-xs sm:text-sm font-medium text-gray-700 mb-1 sm:mb-2"[39m
          [36m>[39m
            [0mInitial ($)[0m
          [36m</label>[39m
          [36m<input[39m
            [33mclass[39m=[32m"w-full px-2 sm:px-4 py-2 sm:py-3 text-sm border border-gray-300 rounded-lg focus:ring-2 focus:ring-blue-500 focus:border-blue-500"[39m
            [33mmin[39m=[32m"0"[39m
            [33mplaceholder[39m=[32m"1000"[39m
            [33mrequired[39m=[32m""[39m
            [33mstep[39m=[32m"any"[39m
            [33mtype[39m=[32m"number"[39m
            [33mvalue[39m=[32m"1000"[39m
          [36m/>[39m
        [36m</div>[39m
        [36m<div>[39m
          [36m<label[39m
            [33mclass[39m=[32m"block text-xs sm:text-sm font-medium text-gray-700 mb-1 sm:mb-2"[39m
          [36m>[39m
            [0mMonthly ($)[0m
          [36m</label>[39m
          [36m<input[39m
            [33mclass[39m=[32m"w-full px-2 sm:px-4 py-2 sm:py-3 text-sm border border-gray-300 rounded-lg focus:ring-2 focus:ring-blue-500 focus:border-blue-500"[39m
            [33mmin[39m=[32m"0"[39m
            [33mplaceholder[39m=[32m"100"[39m
            [33mstep[39m=[32m"any"[39m
            [33mtype[39m=[32m"number"[39m
            [33mvalue[39m=[32m"100"[39m
          [36m/>[39m
        [36m</div>[39m
      [36m</div>[39m
      [36m<div[39m
        [33mclass[39m=[32m"grid grid-cols-2 gap-2 sm:gap-4"[39m
      [36m>[39m
        [36m<div>[39m
          [36m<label[39m
            [33mclass[39m=[32m"block text-xs sm:text-sm font-medium text-gray-700 mb-1 sm:mb-2"[39m
          [36m>[39m
            [0mReturn (%)[0m
          [36m</label>[39m
          [36m<input[39m
            [33mclass[39m=[32m"w-full px-2 sm:px-4 py-2 sm:py-3 text-sm border border-gray-300 rounded-lg focus:ring-2 focus:ring-blue-500 focus:border-blue-500"[39m
            [33mmin[39m=[32m"0"[39m
            [33mplaceholder[39m=[32m"7"[39m
            [33mrequired[39m=[32m""[39m
            [33mstep[39m=[32m"any"[39m
            [33mtype[39m=[32m"number"[39m
            [33mvalue[39m=[32m"7"[39m
          [36m/>[39m
        [36m</div>[39m
        [36m<div>[39m
          [36m<label[39m
            [33mclass[39m=[32m"block text-xs sm:text-sm font-medium text-gray-700 mb-1 sm:mb-2"[39m
          [36m>[39m
            [0mFees (%)[0m
          [36m</label>[39m
          [36m<input[39m
            [33mclass[39m=[32m"w-full px-2 sm:px-4 py-2 sm:py-3 text-sm border border-gray-300 rounded-lg focus:ring-2 focus:ring-blue-500 focus:border-blue-500"[39m
            [33mmin[39m=[32m"0"[39m
            [33mplaceholder[39m=[32m"0.1"[39m
            [33mstep[39m=[32m"any"[39m
            [33mtype[39m=[32m"number"[39m
            [33mvalue[39m=[32m"0.1"[39m
          [36m/>[39m
        [36m</div>[39m
      [36m</div>[39m
      [36m<div>[39m
        [36m<label[39m
          [33mclass[39m=[32m"block text-xs sm:text-sm font-medium text-gray-700 mb-1 sm:mb-2"[39m
        [36m>[39m
          [0mYears[0m
        [36m</label>[39m
        [36m<input[39m
          [33mclass[39m=[32m"w-full px-2 sm:px-4 py-2 sm:py-3 text-sm border border-gray-300 rounded-lg focus:ring-2 focus:ring-blue-500 focus:border-blue-500"[39m
          [33mmax[39m=[32m"50"[39m
          [33mmin[39m=[32m"1"[39m
          [33mplaceholder[39m=[32m"10"[39m
          [33mrequired[39m=[32m""[39m
          [33mtype[39m=[32m"number"[39m
          [33mvalue[39m=[32m"10"[39m
        [36m/>[39m
      [36m</div>[39m
      [36m<button[39m
        [33mclass[39m=[32m"w-full bg-blue-600 hover:bg-blue-700 text-white font-semibold py-3 sm:py-4 px-4 sm:px-6 rounded-lg transition-colors flex items-center justify-center gap-2 text-sm sm:text-base"[39m
        [33mtype[39m=[32m"submit"[39m
      [36m>[39m
        [36m<span>[39m
          [0m📊[0m
        [36m</span>[39m
        [0mCompare with S&P 500[0m
      [36m</button>[39m
    [36m</form>[39m
  [36m</div>[39m
[36m</body>[39m
   × StockForm > should apply preset values when selected 8ms
     → Found a label with the text of: /Quick Presets/, however no form control was found associated to that label. Make sure you're using the "for" attribute or "aria-labelledby" attribute correctly.

Ignored nodes: comments, script, style
[36m<body>[39m
  [36m<div>[39m
    [36m<form[39m
      [33mclass[39m=[32m"space-y-3 sm:space-y-6"[39m
    [36m>[39m
      [36m<div[39m
        [33mclass[39m=[32m"text-center mb-3 sm:mb-6"[39m
      [36m>[39m
        [36m<h2[39m
          [33mclass[39m=[32m"text-sm sm:text-lg font-bold text-gray-800"[39m
        [36m>[39m
          [0mCompare Stocks/ETFs vs S&P 500[0m
        [36m</h2>[39m
      [36m</div>[39m
      [36m<div>[39m
        [36m<label[39m
          [33mclass[39m=[32m"block text-xs sm:text-sm font-medium text-gray-700 mb-1 sm:mb-2"[39m
        [36m>[39m
          [0mQuick Presets 🚀[0m
        [36m</label>[39m
        [36m<select[39m
          [33mclass[39m=[32m"w-full px-2 sm:px-4 py-2 sm:py-3 text-sm border border-gray-300 rounded-lg focus:ring-2 focus:ring-blue-500 focus:border-blue-500 bg-white"[39m
        [36m>[39m
          [36m<option[39m
            [33mselected[39m=[32m""[39m
            [33mvalue[39m=[32m""[39m
          [36m>[39m
            [0mChoose preset...[0m
          [36m</option>[39m
          [36m<option[39m
            [33mvalue[39m=[32m"0"[39m
          [36m>[39m
            [0mS&P 500 Index Fund[0m
            [0m — [0m
            [0m7[0m
            [0m% return[0m
          [36m</option>[39m
          [36m<option[39m
            [33mvalue[39m=[32m"1"[39m
          [36m>[39m
            [0mNASDAQ 100[0m
            [0m — [0m
            [0m10[0m
            [0m% return[0m
          [36m</option>[39m
          [36m<option[39m
            [33mvalue[39m=[32m"2"[39m
          [36m>[39m
            [0mConservative Bonds[0m
            [0m — [0m
            [0m4[0m
            [0m% return[0m
          [36m</option>[39m
          [36m<option[39m
            [33mvalue[39m=[32m"3"[39m
          [36m>[39m
            [0mHigh Growth Tech[0m
            [0m — [0m
            [0m12[0m
            [0m% return[0m
          [36m</option>[39m
          [36m<option[39m
            [33mvalue[39m=[32m"4"[39m
          [36m>[39m
            [0mDividend Aristocrats[0m
            [0m — [0m
            [0m8[0m
            [0m% return[0m
          [36m</option>[39m
        [36m</select>[39m
      [36m</div>[39m
      [36m<div>[39m
        [36m<label[39m
          [33mclass[39m=[32m"block text-xs sm:text-sm font-medium text-gray-700 mb-1 sm:mb-2"[39m
        [36m>[39m
          [0mInvestment Name[0m
        [36m</label>[39m
        [36m<input[39m
          [33mclass[39m=[32m"w-full px-2 sm:px-4 py-2 sm:py-3 text-sm border border-gray-300 rounded-lg focus:ring-2 focus:ring-blue-500 focus:border-blue-500"[39m
          [33mplaceholder[39m=[32m"e.g., VFIAX, QQQ"[39m
          [33mtype[39m=[32m"text"[39m
          [33mvalue[39m=[32m"S&P 500"[39m
        [36m/>[39m
      [36m</div>[39m
      [36m<div[39m
        [33mclass[39m=[32m"grid grid-cols-2 gap-2 sm:gap-4"[39m
      [36m>[39m
        [36m<div>[39m
          [36m<label[39m
            [33mclass[39m=[32m"block text-xs sm:text-sm font-medium text-gray-700 mb-1 sm:mb-2"[39m
          [36m>[39m
            [0mInitial ($)[0m
          [36m</label>[39m
          [36m<input[39m
            [33mclass[39m=[32m"w-full px-2 sm:px-4 py-2 sm:py-3 text-sm border border-gray-300 rounded-lg focus:ring-2 focus:ring-blue-500 focus:border-blue-500"[39m
            [33mmin[39m=[32m"0"[39m
            [33mplaceholder[39m=[32m"1000"[39m
            [33mrequired[39m=[32m""[39m
            [33mstep[39m=[32m"any"[39m
            [33mtype[39m=[32m"number"[39m
            [33mvalue[39m=[32m"1000"[39m
          [36m/>[39m
        [36m</div>[39m
        [36m<div>[39m
          [36m<label[39m
            [33mclass[39m=[32m"block text-xs sm:text-sm font-medium text-gray-700 mb-1 sm:mb-2"[39m
          [36m>[39m
            [0mMonthly ($)[0m
          [36m</label>[39m
          [36m<input[39m
            [33mclass[39m=[32m"w-full px-2 sm:px-4 py-2 sm:py-3 text-sm border border-gray-300 rounded-lg focus:ring-2 focus:ring-blue-500 focus:border-blue-500"[39m
            [33mmin[39m=[32m"0"[39m
            [33mplaceholder[39m=[32m"100"[39m
            [33mstep[39m=[32m"any"[39m
            [33mtype[39m=[32m"number"[39m
            [33mvalue[39m=[32m"100"[39m
          [36m/>[39m
        [36m</div>[39m
      [36m</div>[39m
      [36m<div[39m
        [33mclass[39m=[32m"grid grid-cols-2 gap-2 sm:gap-4"[39m
      [36m>[39m
        [36m<div>[39m
          [36m<label[39m
            [33mclass[39m=[32m"block text-xs sm:text-sm font-medium text-gray-700 mb-1 sm:mb-2"[39m
          [36m>[39m
            [0mReturn (%)[0m
          [36m</label>[39m
          [36m<input[39m
            [33mclass[39m=[32m"w-full px-2 sm:px-4 py-2 sm:py-3 text-sm border border-gray-300 rounded-lg focus:ring-2 focus:ring-blue-500 focus:border-blue-500"[39m
            [33mmin[39m=[32m"0"[39m
            [33mplaceholder[39m=[32m"7"[39m
            [33mrequired[39m=[32m""[39m
            [33mstep[39m=[32m"any"[39m
            [33mtype[39m=[32m"number"[39m
            [33mvalue[39m=[32m"7"[39m
          [36m/>[39m
        [36m</div>[39m
        [36m<div>[39m
          [36m<label[39m
            [33mclass[39m=[32m"block text-xs sm:text-sm font-medium text-gray-700 mb-1 sm:mb-2"[39m
          [36m>[39m
            [0mFees (%)[0m
          [36m</label>[39m
          [36m<input[39m
            [33mclass[39m=[32m"w-full px-2 sm:px-4 py-2 sm:py-3 text-sm border border-gray-300 rounded-lg focus:ring-2 focus:ring-blue-500 focus:border-blue-500"[39m
            [33mmin[39m=[32m"0"[39m
            [33mplaceholder[39m=[32m"0.1"[39m
            [33mstep[39m=[32m"any"[39m
            [33mtype[39m=[32m"number"[39m
            [33mvalue[39m=[32m"0.1"[39m
          [36m/>[39m
        [36m</div>[39m
      [36m</div>[39m
      [36m<div>[39m
        [36m<label[39m
          [33mclass[39m=[32m"block text-xs sm:text-sm font-medium text-gray-700 mb-1 sm:mb-2"[39m
        [36m>[39m
          [0mYears[0m
        [36m</label>[39m
        [36m<input[39m
          [33mclass[39m=[32m"w-full px-2 sm:px-4 py-2 sm:py-3 text-sm border border-gray-300 rounded-lg focus:ring-2 focus:ring-blue-500 focus:border-blue-500"[39m
          [33mmax[39m=[32m"50"[39m
          [33mmin[39m=[32m"1"[39m
          [33mplaceholder[39m=[32m"10"[39m
          [33mrequired[39m=[32m""[39m
          [33mtype[39m=[32m"number"[39m
          [33mvalue[39m=[32m"10"[39m
        [36m/>[39m
      [36m</div>[39m
      [36m<button[39m
        [33mclass[39m=[32m"w-full bg-blue-600 hover:bg-blue-700 text-white font-semibold py-3 sm:py-4 px-4 sm:px-6 rounded-lg transition-colors flex items-center justify-center gap-2 text-sm sm:text-base"[39m
        [33mtype[39m=[32m"submit"[39m
      [36m>[39m
        [36m<span>[39m
          [0m📊[0m
        [36m</span>[39m
        [0mCompare with S&P 500[0m
      [36m</button>[39m
    [36m</form>[39m
  [36m</div>[39m
[36m</body>[39m
   ✓ StockForm > should submit form with valid data 84ms
   × StockForm > should validate required fields 7ms
     → Found a label with the text of: /Initial/, however no form control was found associated to that label. Make sure you're using the "for" attribute or "aria-labelledby" attribute correctly.

Ignored nodes: comments, script, style
[36m<body>[39m
  [36m<div>[39m
    [36m<form[39m
      [33mclass[39m=[32m"space-y-3 sm:space-y-6"[39m
    [36m>[39m
      [36m<div[39m
        [33mclass[39m=[32m"text-center mb-3 sm:mb-6"[39m
      [36m>[39m
        [36m<h2[39m
          [33mclass[39m=[32m"text-sm sm:text-lg font-bold text-gray-800"[39m
        [36m>[39m
          [0mCompare Stocks/ETFs vs S&P 500[0m
        [36m</h2>[39m
      [36m</div>[39m
      [36m<div>[39m
        [36m<label[39m
          [33mclass[39m=[32m"block text-xs sm:text-sm font-medium text-gray-700 mb-1 sm:mb-2"[39m
        [36m>[39m
          [0mQuick Presets 🚀[0m
        [36m</label>[39m
        [36m<select[39m
          [33mclass[39m=[32m"w-full px-2 sm:px-4 py-2 sm:py-3 text-sm border border-gray-300 rounded-lg focus:ring-2 focus:ring-blue-500 focus:border-blue-500 bg-white"[39m
        [36m>[39m
          [36m<option[39m
            [33mselected[39m=[32m""[39m
            [33mvalue[39m=[32m""[39m
          [36m>[39m
            [0mChoose preset...[0m
          [36m</option>[39m
          [36m<option[39m
            [33mvalue[39m=[32m"0"[39m
          [36m>[39m
            [0mS&P 500 Index Fund[0m
            [0m — [0m
            [0m7[0m
            [0m% return[0m
          [36m</option>[39m
          [36m<option[39m
            [33mvalue[39m=[32m"1"[39m
          [36m>[39m
            [0mNASDAQ 100[0m
            [0m — [0m
            [0m10[0m
            [0m% return[0m
          [36m</option>[39m
          [36m<option[39m
            [33mvalue[39m=[32m"2"[39m
          [36m>[39m
            [0mConservative Bonds[0m
            [0m — [0m
            [0m4[0m
            [0m% return[0m
          [36m</option>[39m
          [36m<option[39m
            [33mvalue[39m=[32m"3"[39m
          [36m>[39m
            [0mHigh Growth Tech[0m
            [0m — [0m
            [0m12[0m
            [0m% return[0m
          [36m</option>[39m
          [36m<option[39m
            [33mvalue[39m=[32m"4"[39m
          [36m>[39m
            [0mDividend Aristocrats[0m
            [0m — [0m
            [0m8[0m
            [0m% return[0m
          [36m</option>[39m
        [36m</select>[39m
      [36m</div>[39m
      [36m<div>[39m
        [36m<label[39m
          [33mclass[39m=[32m"block text-xs sm:text-sm font-medium text-gray-700 mb-1 sm:mb-2"[39m
        [36m>[39m
          [0mInvestment Name[0m
        [36m</label>[39m
        [36m<input[39m
          [33mclass[39m=[32m"w-full px-2 sm:px-4 py-2 sm:py-3 text-sm border border-gray-300 rounded-lg focus:ring-2 focus:ring-blue-500 focus:border-blue-500"[39m
          [33mplaceholder[39m=[32m"e.g., VFIAX, QQQ"[39m
          [33mtype[39m=[32m"text"[39m
          [33mvalue[39m=[32m"S&P 500"[39m
        [36m/>[39m
      [36m</div>[39m
      [36m<div[39m
        [33mclass[39m=[32m"grid grid-cols-2 gap-2 sm:gap-4"[39m
      [36m>[39m
        [36m<div>[39m
          [36m<label[39m
            [33mclass[39m=[32m"block text-xs sm:text-sm font-medium text-gray-700 mb-1 sm:mb-2"[39m
          [36m>[39m
            [0mInitial ($)[0m
          [36m</label>[39m
          [36m<input[39m
            [33mclass[39m=[32m"w-full px-2 sm:px-4 py-2 sm:py-3 text-sm border border-gray-300 rounded-lg focus:ring-2 focus:ring-blue-500 focus:border-blue-500"[39m
            [33mmin[39m=[32m"0"[39m
            [33mplaceholder[39m=[32m"1000"[39m
            [33mrequired[39m=[32m""[39m
            [33mstep[39m=[32m"any"[39m
            [33mtype[39m=[32m"number"[39m
            [33mvalue[39m=[32m"1000"[39m
          [36m/>[39m
        [36m</div>[39m
        [36m<div>[39m
          [36m<label[39m
            [33mclass[39m=[32m"block text-xs sm:text-sm font-medium text-gray-700 mb-1 sm:mb-2"[39m
          [36m>[39m
            [0mMonthly ($)[0m
          [36m</label>[39m
          [36m<input[39m
            [33mclass[39m=[32m"w-full px-2 sm:px-4 py-2 sm:py-3 text-sm border border-gray-300 rounded-lg focus:ring-2 focus:ring-blue-500 focus:border-blue-500"[39m
            [33mmin[39m=[32m"0"[39m
            [33mplaceholder[39m=[32m"100"[39m
            [33mstep[39m=[32m"any"[39m
            [33mtype[39m=[32m"number"[39m
            [33mvalue[39m=[32m"100"[39m
          [36m/>[39m
        [36m</div>[39m
      [36m</div>[39m
      [36m<div[39m
        [33mclass[39m=[32m"grid grid-cols-2 gap-2 sm:gap-4"[39m
      [36m>[39m
        [36m<div>[39m
          [36m<label[39m
            [33mclass[39m=[32m"block text-xs sm:text-sm font-medium text-gray-700 mb-1 sm:mb-2"[39m
          [36m>[39m
            [0mReturn (%)[0m
          [36m</label>[39m
          [36m<input[39m
            [33mclass[39m=[32m"w-full px-2 sm:px-4 py-2 sm:py-3 text-sm border border-gray-300 rounded-lg focus:ring-2 focus:ring-blue-500 focus:border-blue-500"[39m
            [33mmin[39m=[32m"0"[39m
            [33mplaceholder[39m=[32m"7"[39m
            [33mrequired[39m=[32m""[39m
            [33mstep[39m=[32m"any"[39m
            [33mtype[39m=[32m"number"[39m
            [33mvalue[39m=[32m"7"[39m
          [36m/>[39m
        [36m</div>[39m
        [36m<div>[39m
          [36m<label[39m
            [33mclass[39m=[32m"block text-xs sm:text-sm font-medium text-gray-700 mb-1 sm:mb-2"[39m
          [36m>[39m
            [0mFees (%)[0m
          [36m</label>[39m
          [36m<input[39m
            [33mclass[39m=[32m"w-full px-2 sm:px-4 py-2 sm:py-3 text-sm border border-gray-300 rounded-lg focus:ring-2 focus:ring-blue-500 focus:border-blue-500"[39m
            [33mmin[39m=[32m"0"[39m
            [33mplaceholder[39m=[32m"0.1"[39m
            [33mstep[39m=[32m"any"[39m
            [33mtype[39m=[32m"number"[39m
            [33mvalue[39m=[32m"0.1"[39m
          [36m/>[39m
        [36m</div>[39m
      [36m</div>[39m
      [36m<div>[39m
        [36m<label[39m
          [33mclass[39m=[32m"block text-xs sm:text-sm font-medium text-gray-700 mb-1 sm:mb-2"[39m
        [36m>[39m
          [0mYears[0m
        [36m</label>[39m
        [36m<input[39m
          [33mclass[39m=[32m"w-full px-2 sm:px-4 py-2 sm:py-3 text-sm border border-gray-300 rounded-lg focus:ring-2 focus:ring-blue-500 focus:border-blue-500"[39m
          [33mmax[39m=[32m"50"[39m
          [33mmin[39m=[32m"1"[39m
          [33mplaceholder[39m=[32m"10"[39m
          [33mrequired[39m=[32m""[39m
          [33mtype[39m=[32m"number"[39m
          [33mvalue[39m=[32m"10"[39m
        [36m/>[39m
      [36m</div>[39m
      [36m<button[39m
        [33mclass[39m=[32m"w-full bg-blue-600 hover:bg-blue-700 text-white font-semibold py-3 sm:py-4 px-4 sm:px-6 rounded-lg transition-colors flex items-center justify-center gap-2 text-sm sm:text-base"[39m
        [33mtype[39m=[32m"submit"[39m
      [36m>[39m
        [36m<span>[39m
          [0m📊[0m
        [36m</span>[39m
        [0mCompare with S&P 500[0m
      [36m</button>[39m
    [36m</form>[39m
  [36m</div>[39m
[36m</body>[39m
   × StockForm > should show alert for invalid initial amount 7ms
     → Found a label with the text of: /Initial/, however no form control was found associated to that label. Make sure you're using the "for" attribute or "aria-labelledby" attribute correctly.

Ignored nodes: comments, script, style
[36m<body>[39m
  [36m<div>[39m
    [36m<form[39m
      [33mclass[39m=[32m"space-y-3 sm:space-y-6"[39m
    [36m>[39m
      [36m<div[39m
        [33mclass[39m=[32m"text-center mb-3 sm:mb-6"[39m
      [36m>[39m
        [36m<h2[39m
          [33mclass[39m=[32m"text-sm sm:text-lg font-bold text-gray-800"[39m
        [36m>[39m
          [0mCompare Stocks/ETFs vs S&P 500[0m
        [36m</h2>[39m
      [36m</div>[39m
      [36m<div>[39m
        [36m<label[39m
          [33mclass[39m=[32m"block text-xs sm:text-sm font-medium text-gray-700 mb-1 sm:mb-2"[39m
        [36m>[39m
          [0mQuick Presets 🚀[0m
        [36m</label>[39m
        [36m<select[39m
          [33mclass[39m=[32m"w-full px-2 sm:px-4 py-2 sm:py-3 text-sm border border-gray-300 rounded-lg focus:ring-2 focus:ring-blue-500 focus:border-blue-500 bg-white"[39m
        [36m>[39m
          [36m<option[39m
            [33mselected[39m=[32m""[39m
            [33mvalue[39m=[32m""[39m
          [36m>[39m
            [0mChoose preset...[0m
          [36m</option>[39m
          [36m<option[39m
            [33mvalue[39m=[32m"0"[39m
          [36m>[39m
            [0mS&P 500 Index Fund[0m
            [0m — [0m
            [0m7[0m
            [0m% return[0m
          [36m</option>[39m
          [36m<option[39m
            [33mvalue[39m=[32m"1"[39m
          [36m>[39m
            [0mNASDAQ 100[0m
            [0m — [0m
            [0m10[0m
            [0m% return[0m
          [36m</option>[39m
          [36m<option[39m
            [33mvalue[39m=[32m"2"[39m
          [36m>[39m
            [0mConservative Bonds[0m
            [0m — [0m
            [0m4[0m
            [0m% return[0m
          [36m</option>[39m
          [36m<option[39m
            [33mvalue[39m=[32m"3"[39m
          [36m>[39m
            [0mHigh Growth Tech[0m
            [0m — [0m
            [0m12[0m
            [0m% return[0m
          [36m</option>[39m
          [36m<option[39m
            [33mvalue[39m=[32m"4"[39m
          [36m>[39m
            [0mDividend Aristocrats[0m
            [0m — [0m
            [0m8[0m
            [0m% return[0m
          [36m</option>[39m
        [36m</select>[39m
      [36m</div>[39m
      [36m<div>[39m
        [36m<label[39m
          [33mclass[39m=[32m"block text-xs sm:text-sm font-medium text-gray-700 mb-1 sm:mb-2"[39m
        [36m>[39m
          [0mInvestment Name[0m
        [36m</label>[39m
        [36m<input[39m
          [33mclass[39m=[32m"w-full px-2 sm:px-4 py-2 sm:py-3 text-sm border border-gray-300 rounded-lg focus:ring-2 focus:ring-blue-500 focus:border-blue-500"[39m
          [33mplaceholder[39m=[32m"e.g., VFIAX, QQQ"[39m
          [33mtype[39m=[32m"text"[39m
          [33mvalue[39m=[32m"S&P 500"[39m
        [36m/>[39m
      [36m</div>[39m
      [36m<div[39m
        [33mclass[39m=[32m"grid grid-cols-2 gap-2 sm:gap-4"[39m
      [36m>[39m
        [36m<div>[39m
          [36m<label[39m
            [33mclass[39m=[32m"block text-xs sm:text-sm font-medium text-gray-700 mb-1 sm:mb-2"[39m
          [36m>[39m
            [0mInitial ($)[0m
          [36m</label>[39m
          [36m<input[39m
            [33mclass[39m=[32m"w-full px-2 sm:px-4 py-2 sm:py-3 text-sm border border-gray-300 rounded-lg focus:ring-2 focus:ring-blue-500 focus:border-blue-500"[39m
            [33mmin[39m=[32m"0"[39m
            [33mplaceholder[39m=[32m"1000"[39m
            [33mrequired[39m=[32m""[39m
            [33mstep[39m=[32m"any"[39m
            [33mtype[39m=[32m"number"[39m
            [33mvalue[39m=[32m"1000"[39m
          [36m/>[39m
        [36m</div>[39m
        [36m<div>[39m
          [36m<label[39m
            [33mclass[39m=[32m"block text-xs sm:text-sm font-medium text-gray-700 mb-1 sm:mb-2"[39m
          [36m>[39m
            [0mMonthly ($)[0m
          [36m</label>[39m
          [36m<input[39m
            [33mclass[39m=[32m"w-full px-2 sm:px-4 py-2 sm:py-3 text-sm border border-gray-300 rounded-lg focus:ring-2 focus:ring-blue-500 focus:border-blue-500"[39m
            [33mmin[39m=[32m"0"[39m
            [33mplaceholder[39m=[32m"100"[39m
            [33mstep[39m=[32m"any"[39m
            [33mtype[39m=[32m"number"[39m
            [33mvalue[39m=[32m"100"[39m
          [36m/>[39m
        [36m</div>[39m
      [36m</div>[39m
      [36m<div[39m
        [33mclass[39m=[32m"grid grid-cols-2 gap-2 sm:gap-4"[39m
      [36m>[39m
        [36m<div>[39m
          [36m<label[39m
            [33mclass[39m=[32m"block text-xs sm:text-sm font-medium text-gray-700 mb-1 sm:mb-2"[39m
          [36m>[39m
            [0mReturn (%)[0m
          [36m</label>[39m
          [36m<input[39m
            [33mclass[39m=[32m"w-full px-2 sm:px-4 py-2 sm:py-3 text-sm border border-gray-300 rounded-lg focus:ring-2 focus:ring-blue-500 focus:border-blue-500"[39m
            [33mmin[39m=[32m"0"[39m
            [33mplaceholder[39m=[32m"7"[39m
            [33mrequired[39m=[32m""[39m
            [33mstep[39m=[32m"any"[39m
            [33mtype[39m=[32m"number"[39m
            [33mvalue[39m=[32m"7"[39m
          [36m/>[39m
        [36m</div>[39m
        [36m<div>[39m
          [36m<label[39m
            [33mclass[39m=[32m"block text-xs sm:text-sm font-medium text-gray-700 mb-1 sm:mb-2"[39m
          [36m>[39m
            [0mFees (%)[0m
          [36m</label>[39m
          [36m<input[39m
            [33mclass[39m=[32m"w-full px-2 sm:px-4 py-2 sm:py-3 text-sm border border-gray-300 rounded-lg focus:ring-2 focus:ring-blue-500 focus:border-blue-500"[39m
            [33mmin[39m=[32m"0"[39m
            [33mplaceholder[39m=[32m"0.1"[39m
            [33mstep[39m=[32m"any"[39m
            [33mtype[39m=[32m"number"[39m
            [33mvalue[39m=[32m"0.1"[39m
          [36m/>[39m
        [36m</div>[39m
      [36m</div>[39m
      [36m<div>[39m
        [36m<label[39m
          [33mclass[39m=[32m"block text-xs sm:text-sm font-medium text-gray-700 mb-1 sm:mb-2"[39m
        [36m>[39m
          [0mYears[0m
        [36m</label>[39m
        [36m<input[39m
          [33mclass[39m=[32m"w-full px-2 sm:px-4 py-2 sm:py-3 text-sm border border-gray-300 rounded-lg focus:ring-2 focus:ring-blue-500 focus:border-blue-500"[39m
          [33mmax[39m=[32m"50"[39m
          [33mmin[39m=[32m"1"[39m
          [33mplaceholder[39m=[32m"10"[39m
          [33mrequired[39m=[32m""[39m
          [33mtype[39m=[32m"number"[39m
          [33mvalue[39m=[32m"10"[39m
        [36m/>[39m
      [36m</div>[39m
      [36m<button[39m
        [33mclass[39m=[32m"w-full bg-blue-600 hover:bg-blue-700 text-white font-semibold py-3 sm:py-4 px-4 sm:px-6 rounded-lg transition-colors flex items-center justify-center gap-2 text-sm sm:text-base"[39m
        [33mtype[39m=[32m"submit"[39m
      [36m>[39m
        [36m<span>[39m
          [0m📊[0m
        [36m</span>[39m
        [0mCompare with S&P 500[0m
      [36m</button>[39m
    [36m</form>[39m
  [36m</div>[39m
[36m</body>[39m
   × StockForm > should show alert for invalid years 8ms
     → Found a label with the text of: /Years/, however no form control was found associated to that label. Make sure you're using the "for" attribute or "aria-labelledby" attribute correctly.

Ignored nodes: comments, script, style
[36m<body>[39m
  [36m<div>[39m
    [36m<form[39m
      [33mclass[39m=[32m"space-y-3 sm:space-y-6"[39m
    [36m>[39m
      [36m<div[39m
        [33mclass[39m=[32m"text-center mb-3 sm:mb-6"[39m
      [36m>[39m
        [36m<h2[39m
          [33mclass[39m=[32m"text-sm sm:text-lg font-bold text-gray-800"[39m
        [36m>[39m
          [0mCompare Stocks/ETFs vs S&P 500[0m
        [36m</h2>[39m
      [36m</div>[39m
      [36m<div>[39m
        [36m<label[39m
          [33mclass[39m=[32m"block text-xs sm:text-sm font-medium text-gray-700 mb-1 sm:mb-2"[39m
        [36m>[39m
          [0mQuick Presets 🚀[0m
        [36m</label>[39m
        [36m<select[39m
          [33mclass[39m=[32m"w-full px-2 sm:px-4 py-2 sm:py-3 text-sm border border-gray-300 rounded-lg focus:ring-2 focus:ring-blue-500 focus:border-blue-500 bg-white"[39m
        [36m>[39m
          [36m<option[39m
            [33mselected[39m=[32m""[39m
            [33mvalue[39m=[32m""[39m
          [36m>[39m
            [0mChoose preset...[0m
          [36m</option>[39m
          [36m<option[39m
            [33mvalue[39m=[32m"0"[39m
          [36m>[39m
            [0mS&P 500 Index Fund[0m
            [0m — [0m
            [0m7[0m
            [0m% return[0m
          [36m</option>[39m
          [36m<option[39m
            [33mvalue[39m=[32m"1"[39m
          [36m>[39m
            [0mNASDAQ 100[0m
            [0m — [0m
            [0m10[0m
            [0m% return[0m
          [36m</option>[39m
          [36m<option[39m
            [33mvalue[39m=[32m"2"[39m
          [36m>[39m
            [0mConservative Bonds[0m
            [0m — [0m
            [0m4[0m
            [0m% return[0m
          [36m</option>[39m
          [36m<option[39m
            [33mvalue[39m=[32m"3"[39m
          [36m>[39m
            [0mHigh Growth Tech[0m
            [0m — [0m
            [0m12[0m
            [0m% return[0m
          [36m</option>[39m
          [36m<option[39m
            [33mvalue[39m=[32m"4"[39m
          [36m>[39m
            [0mDividend Aristocrats[0m
            [0m — [0m
            [0m8[0m
            [0m% return[0m
          [36m</option>[39m
        [36m</select>[39m
      [36m</div>[39m
      [36m<div>[39m
        [36m<label[39m
          [33mclass[39m=[32m"block text-xs sm:text-sm font-medium text-gray-700 mb-1 sm:mb-2"[39m
        [36m>[39m
          [0mInvestment Name[0m
        [36m</label>[39m
        [36m<input[39m
          [33mclass[39m=[32m"w-full px-2 sm:px-4 py-2 sm:py-3 text-sm border border-gray-300 rounded-lg focus:ring-2 focus:ring-blue-500 focus:border-blue-500"[39m
          [33mplaceholder[39m=[32m"e.g., VFIAX, QQQ"[39m
          [33mtype[39m=[32m"text"[39m
          [33mvalue[39m=[32m"S&P 500"[39m
        [36m/>[39m
      [36m</div>[39m
      [36m<div[39m
        [33mclass[39m=[32m"grid grid-cols-2 gap-2 sm:gap-4"[39m
      [36m>[39m
        [36m<div>[39m
          [36m<label[39m
            [33mclass[39m=[32m"block text-xs sm:text-sm font-medium text-gray-700 mb-1 sm:mb-2"[39m
          [36m>[39m
            [0mInitial ($)[0m
          [36m</label>[39m
          [36m<input[39m
            [33mclass[39m=[32m"w-full px-2 sm:px-4 py-2 sm:py-3 text-sm border border-gray-300 rounded-lg focus:ring-2 focus:ring-blue-500 focus:border-blue-500"[39m
            [33mmin[39m=[32m"0"[39m
            [33mplaceholder[39m=[32m"1000"[39m
            [33mrequired[39m=[32m""[39m
            [33mstep[39m=[32m"any"[39m
            [33mtype[39m=[32m"number"[39m
            [33mvalue[39m=[32m"1000"[39m
          [36m/>[39m
        [36m</div>[39m
        [36m<div>[39m
          [36m<label[39m
            [33mclass[39m=[32m"block text-xs sm:text-sm font-medium text-gray-700 mb-1 sm:mb-2"[39m
          [36m>[39m
            [0mMonthly ($)[0m
          [36m</label>[39m
          [36m<input[39m
            [33mclass[39m=[32m"w-full px-2 sm:px-4 py-2 sm:py-3 text-sm border border-gray-300 rounded-lg focus:ring-2 focus:ring-blue-500 focus:border-blue-500"[39m
            [33mmin[39m=[32m"0"[39m
            [33mplaceholder[39m=[32m"100"[39m
            [33mstep[39m=[32m"any"[39m
            [33mtype[39m=[32m"number"[39m
            [33mvalue[39m=[32m"100"[39m
          [36m/>[39m
        [36m</div>[39m
      [36m</div>[39m
      [36m<div[39m
        [33mclass[39m=[32m"grid grid-cols-2 gap-2 sm:gap-4"[39m
      [36m>[39m
        [36m<div>[39m
          [36m<label[39m
            [33mclass[39m=[32m"block text-xs sm:text-sm font-medium text-gray-700 mb-1 sm:mb-2"[39m
          [36m>[39m
            [0mReturn (%)[0m
          [36m</label>[39m
          [36m<input[39m
            [33mclass[39m=[32m"w-full px-2 sm:px-4 py-2 sm:py-3 text-sm border border-gray-300 rounded-lg focus:ring-2 focus:ring-blue-500 focus:border-blue-500"[39m
            [33mmin[39m=[32m"0"[39m
            [33mplaceholder[39m=[32m"7"[39m
            [33mrequired[39m=[32m""[39m
            [33mstep[39m=[32m"any"[39m
            [33mtype[39m=[32m"number"[39m
            [33mvalue[39m=[32m"7"[39m
          [36m/>[39m
        [36m</div>[39m
        [36m<div>[39m
          [36m<label[39m
            [33mclass[39m=[32m"block text-xs sm:text-sm font-medium text-gray-700 mb-1 sm:mb-2"[39m
          [36m>[39m
            [0mFees (%)[0m
          [36m</label>[39m
          [36m<input[39m
            [33mclass[39m=[32m"w-full px-2 sm:px-4 py-2 sm:py-3 text-sm border border-gray-300 rounded-lg focus:ring-2 focus:ring-blue-500 focus:border-blue-500"[39m
            [33mmin[39m=[32m"0"[39m
            [33mplaceholder[39m=[32m"0.1"[39m
            [33mstep[39m=[32m"any"[39m
            [33mtype[39m=[32m"number"[39m
            [33mvalue[39m=[32m"0.1"[39m
          [36m/>[39m
        [36m</div>[39m
      [36m</div>[39m
      [36m<div>[39m
        [36m<label[39m
          [33mclass[39m=[32m"block text-xs sm:text-sm font-medium text-gray-700 mb-1 sm:mb-2"[39m
        [36m>[39m
          [0mYears[0m
        [36m</label>[39m
        [36m<input[39m
          [33mclass[39m=[32m"w-full px-2 sm:px-4 py-2 sm:py-3 text-sm border border-gray-300 rounded-lg focus:ring-2 focus:ring-blue-500 focus:border-blue-500"[39m
          [33mmax[39m=[32m"50"[39m
          [33mmin[39m=[32m"1"[39m
          [33mplaceholder[39m=[32m"10"[39m
          [33mrequired[39m=[32m""[39m
          [33mtype[39m=[32m"number"[39m
          [33mvalue[39m=[32m"10"[39m
        [36m/>[39m
      [36m</div>[39m
      [36m<button[39m
        [33mclass[39m=[32m"w-full bg-blue-600 hover:bg-blue-700 text-white font-semibold py-3 sm:py-4 px-4 sm:px-6 rounded-lg transition-colors flex items-center justify-center gap-2 text-sm sm:text-base"[39m
        [33mtype[39m=[32m"submit"[39m
      [36m>[39m
        [36m<span>[39m
          [0m📊[0m
        [36m</span>[39m
        [0mCompare with S&P 500[0m
      [36m</button>[39m
    [36m</form>[39m
  [36m</div>[39m
[36m</body>[39m
   × StockForm > should handle form submission with custom values 9ms
     → Found a label with the text of: /Investment Name/, however no form control was found associated to that label. Make sure you're using the "for" attribute or "aria-labelledby" attribute correctly.

Ignored nodes: comments, script, style
[36m<body>[39m
  [36m<div>[39m
    [36m<form[39m
      [33mclass[39m=[32m"space-y-3 sm:space-y-6"[39m
    [36m>[39m
      [36m<div[39m
        [33mclass[39m=[32m"text-center mb-3 sm:mb-6"[39m
      [36m>[39m
        [36m<h2[39m
          [33mclass[39m=[32m"text-sm sm:text-lg font-bold text-gray-800"[39m
        [36m>[39m
          [0mCompare Stocks/ETFs vs S&P 500[0m
        [36m</h2>[39m
      [36m</div>[39m
      [36m<div>[39m
        [36m<label[39m
          [33mclass[39m=[32m"block text-xs sm:text-sm font-medium text-gray-700 mb-1 sm:mb-2"[39m
        [36m>[39m
          [0mQuick Presets 🚀[0m
        [36m</label>[39m
        [36m<select[39m
          [33mclass[39m=[32m"w-full px-2 sm:px-4 py-2 sm:py-3 text-sm border border-gray-300 rounded-lg focus:ring-2 focus:ring-blue-500 focus:border-blue-500 bg-white"[39m
        [36m>[39m
          [36m<option[39m
            [33mselected[39m=[32m""[39m
            [33mvalue[39m=[32m""[39m
          [36m>[39m
            [0mChoose preset...[0m
          [36m</option>[39m
          [36m<option[39m
            [33mvalue[39m=[32m"0"[39m
          [36m>[39m
            [0mS&P 500 Index Fund[0m
            [0m — [0m
            [0m7[0m
            [0m% return[0m
          [36m</option>[39m
          [36m<option[39m
            [33mvalue[39m=[32m"1"[39m
          [36m>[39m
            [0mNASDAQ 100[0m
            [0m — [0m
            [0m10[0m
            [0m% return[0m
          [36m</option>[39m
          [36m<option[39m
            [33mvalue[39m=[32m"2"[39m
          [36m>[39m
            [0mConservative Bonds[0m
            [0m — [0m
            [0m4[0m
            [0m% return[0m
          [36m</option>[39m
          [36m<option[39m
            [33mvalue[39m=[32m"3"[39m
          [36m>[39m
            [0mHigh Growth Tech[0m
            [0m — [0m
            [0m12[0m
            [0m% return[0m
          [36m</option>[39m
          [36m<option[39m
            [33mvalue[39m=[32m"4"[39m
          [36m>[39m
            [0mDividend Aristocrats[0m
            [0m — [0m
            [0m8[0m
            [0m% return[0m
          [36m</option>[39m
        [36m</select>[39m
      [36m</div>[39m
      [36m<div>[39m
        [36m<label[39m
          [33mclass[39m=[32m"block text-xs sm:text-sm font-medium text-gray-700 mb-1 sm:mb-2"[39m
        [36m>[39m
          [0mInvestment Name[0m
        [36m</label>[39m
        [36m<input[39m
          [33mclass[39m=[32m"w-full px-2 sm:px-4 py-2 sm:py-3 text-sm border border-gray-300 rounded-lg focus:ring-2 focus:ring-blue-500 focus:border-blue-500"[39m
          [33mplaceholder[39m=[32m"e.g., VFIAX, QQQ"[39m
          [33mtype[39m=[32m"text"[39m
          [33mvalue[39m=[32m"S&P 500"[39m
        [36m/>[39m
      [36m</div>[39m
      [36m<div[39m
        [33mclass[39m=[32m"grid grid-cols-2 gap-2 sm:gap-4"[39m
      [36m>[39m
        [36m<div>[39m
          [36m<label[39m
            [33mclass[39m=[32m"block text-xs sm:text-sm font-medium text-gray-700 mb-1 sm:mb-2"[39m
          [36m>[39m
            [0mInitial ($)[0m
          [36m</label>[39m
          [36m<input[39m
            [33mclass[39m=[32m"w-full px-2 sm:px-4 py-2 sm:py-3 text-sm border border-gray-300 rounded-lg focus:ring-2 focus:ring-blue-500 focus:border-blue-500"[39m
            [33mmin[39m=[32m"0"[39m
            [33mplaceholder[39m=[32m"1000"[39m
            [33mrequired[39m=[32m""[39m
            [33mstep[39m=[32m"any"[39m
            [33mtype[39m=[32m"number"[39m
            [33mvalue[39m=[32m"1000"[39m
          [36m/>[39m
        [36m</div>[39m
        [36m<div>[39m
          [36m<label[39m
            [33mclass[39m=[32m"block text-xs sm:text-sm font-medium text-gray-700 mb-1 sm:mb-2"[39m
          [36m>[39m
            [0mMonthly ($)[0m
          [36m</label>[39m
          [36m<input[39m
            [33mclass[39m=[32m"w-full px-2 sm:px-4 py-2 sm:py-3 text-sm border border-gray-300 rounded-lg focus:ring-2 focus:ring-blue-500 focus:border-blue-500"[39m
            [33mmin[39m=[32m"0"[39m
            [33mplaceholder[39m=[32m"100"[39m
            [33mstep[39m=[32m"any"[39m
            [33mtype[39m=[32m"number"[39m
            [33mvalue[39m=[32m"100"[39m
          [36m/>[39m
        [36m</div>[39m
      [36m</div>[39m
      [36m<div[39m
        [33mclass[39m=[32m"grid grid-cols-2 gap-2 sm:gap-4"[39m
      [36m>[39m
        [36m<div>[39m
          [36m<label[39m
            [33mclass[39m=[32m"block text-xs sm:text-sm font-medium text-gray-700 mb-1 sm:mb-2"[39m
          [36m>[39m
            [0mReturn (%)[0m
          [36m</label>[39m
          [36m<input[39m
            [33mclass[39m=[32m"w-full px-2 sm:px-4 py-2 sm:py-3 text-sm border border-gray-300 rounded-lg focus:ring-2 focus:ring-blue-500 focus:border-blue-500"[39m
            [33mmin[39m=[32m"0"[39m
            [33mplaceholder[39m=[32m"7"[39m
            [33mrequired[39m=[32m""[39m
            [33mstep[39m=[32m"any"[39m
            [33mtype[39m=[32m"number"[39m
            [33mvalue[39m=[32m"7"[39m
          [36m/>[39m
        [36m</div>[39m
        [36m<div>[39m
          [36m<label[39m
            [33mclass[39m=[32m"block text-xs sm:text-sm font-medium text-gray-700 mb-1 sm:mb-2"[39m
          [36m>[39m
            [0mFees (%)[0m
          [36m</label>[39m
          [36m<input[39m
            [33mclass[39m=[32m"w-full px-2 sm:px-4 py-2 sm:py-3 text-sm border border-gray-300 rounded-lg focus:ring-2 focus:ring-blue-500 focus:border-blue-500"[39m
            [33mmin[39m=[32m"0"[39m
            [33mplaceholder[39m=[32m"0.1"[39m
            [33mstep[39m=[32m"any"[39m
            [33mtype[39m=[32m"number"[39m
            [33mvalue[39m=[32m"0.1"[39m
          [36m/>[39m
        [36m</div>[39m
      [36m</div>[39m
      [36m<div>[39m
        [36m<label[39m
          [33mclass[39m=[32m"block text-xs sm:text-sm font-medium text-gray-700 mb-1 sm:mb-2"[39m
        [36m>[39m
          [0mYears[0m
        [36m</label>[39m
        [36m<input[39m
          [33mclass[39m=[32m"w-full px-2 sm:px-4 py-2 sm:py-3 text-sm border border-gray-300 rounded-lg focus:ring-2 focus:ring-blue-500 focus:border-blue-500"[39m
          [33mmax[39m=[32m"50"[39m
          [33mmin[39m=[32m"1"[39m
          [33mplaceholder[39m=[32m"10"[39m
          [33mrequired[39m=[32m""[39m
          [33mtype[39m=[32m"number"[39m
          [33mvalue[39m=[32m"10"[39m
        [36m/>[39m
      [36m</div>[39m
      [36m<button[39m
        [33mclass[39m=[32m"w-full bg-blue-600 hover:bg-blue-700 text-white font-semibold py-3 sm:py-4 px-4 sm:px-6 rounded-lg transition-colors flex items-center justify-center gap-2 text-sm sm:text-base"[39m
        [33mtype[39m=[32m"submit"[39m
      [36m>[39m
        [36m<span>[39m
          [0m📊[0m
        [36m</span>[39m
        [0mCompare with S&P 500[0m
      [36m</button>[39m
    [36m</form>[39m
  [36m</div>[39m
[36m</body>[39m
   × StockForm > should handle empty name field gracefully 7ms
     → Found a label with the text of: /Investment Name/, however no form control was found associated to that label. Make sure you're using the "for" attribute or "aria-labelledby" attribute correctly.

Ignored nodes: comments, script, style
[36m<body>[39m
  [36m<div>[39m
    [36m<form[39m
      [33mclass[39m=[32m"space-y-3 sm:space-y-6"[39m
    [36m>[39m
      [36m<div[39m
        [33mclass[39m=[32m"text-center mb-3 sm:mb-6"[39m
      [36m>[39m
        [36m<h2[39m
          [33mclass[39m=[32m"text-sm sm:text-lg font-bold text-gray-800"[39m
        [36m>[39m
          [0mCompare Stocks/ETFs vs S&P 500[0m
        [36m</h2>[39m
      [36m</div>[39m
      [36m<div>[39m
        [36m<label[39m
          [33mclass[39m=[32m"block text-xs sm:text-sm font-medium text-gray-700 mb-1 sm:mb-2"[39m
        [36m>[39m
          [0mQuick Presets 🚀[0m
        [36m</label>[39m
        [36m<select[39m
          [33mclass[39m=[32m"w-full px-2 sm:px-4 py-2 sm:py-3 text-sm border border-gray-300 rounded-lg focus:ring-2 focus:ring-blue-500 focus:border-blue-500 bg-white"[39m
        [36m>[39m
          [36m<option[39m
            [33mselected[39m=[32m""[39m
            [33mvalue[39m=[32m""[39m
          [36m>[39m
            [0mChoose preset...[0m
          [36m</option>[39m
          [36m<option[39m
            [33mvalue[39m=[32m"0"[39m
          [36m>[39m
            [0mS&P 500 Index Fund[0m
            [0m — [0m
            [0m7[0m
            [0m% return[0m
          [36m</option>[39m
          [36m<option[39m
            [33mvalue[39m=[32m"1"[39m
          [36m>[39m
            [0mNASDAQ 100[0m
            [0m — [0m
            [0m10[0m
            [0m% return[0m
          [36m</option>[39m
          [36m<option[39m
            [33mvalue[39m=[32m"2"[39m
          [36m>[39m
            [0mConservative Bonds[0m
            [0m — [0m
            [0m4[0m
            [0m% return[0m
          [36m</option>[39m
          [36m<option[39m
            [33mvalue[39m=[32m"3"[39m
          [36m>[39m
            [0mHigh Growth Tech[0m
            [0m — [0m
            [0m12[0m
            [0m% return[0m
          [36m</option>[39m
          [36m<option[39m
            [33mvalue[39m=[32m"4"[39m
          [36m>[39m
            [0mDividend Aristocrats[0m
            [0m — [0m
            [0m8[0m
            [0m% return[0m
          [36m</option>[39m
        [36m</select>[39m
      [36m</div>[39m
      [36m<div>[39m
        [36m<label[39m
          [33mclass[39m=[32m"block text-xs sm:text-sm font-medium text-gray-700 mb-1 sm:mb-2"[39m
        [36m>[39m
          [0mInvestment Name[0m
        [36m</label>[39m
        [36m<input[39m
          [33mclass[39m=[32m"w-full px-2 sm:px-4 py-2 sm:py-3 text-sm border border-gray-300 rounded-lg focus:ring-2 focus:ring-blue-500 focus:border-blue-500"[39m
          [33mplaceholder[39m=[32m"e.g., VFIAX, QQQ"[39m
          [33mtype[39m=[32m"text"[39m
          [33mvalue[39m=[32m"S&P 500"[39m
        [36m/>[39m
      [36m</div>[39m
      [36m<div[39m
        [33mclass[39m=[32m"grid grid-cols-2 gap-2 sm:gap-4"[39m
      [36m>[39m
        [36m<div>[39m
          [36m<label[39m
            [33mclass[39m=[32m"block text-xs sm:text-sm font-medium text-gray-700 mb-1 sm:mb-2"[39m
          [36m>[39m
            [0mInitial ($)[0m
          [36m</label>[39m
          [36m<input[39m
            [33mclass[39m=[32m"w-full px-2 sm:px-4 py-2 sm:py-3 text-sm border border-gray-300 rounded-lg focus:ring-2 focus:ring-blue-500 focus:border-blue-500"[39m
            [33mmin[39m=[32m"0"[39m
            [33mplaceholder[39m=[32m"1000"[39m
            [33mrequired[39m=[32m""[39m
            [33mstep[39m=[32m"any"[39m
            [33mtype[39m=[32m"number"[39m
            [33mvalue[39m=[32m"1000"[39m
          [36m/>[39m
        [36m</div>[39m
        [36m<div>[39m
          [36m<label[39m
            [33mclass[39m=[32m"block text-xs sm:text-sm font-medium text-gray-700 mb-1 sm:mb-2"[39m
          [36m>[39m
            [0mMonthly ($)[0m
          [36m</label>[39m
          [36m<input[39m
            [33mclass[39m=[32m"w-full px-2 sm:px-4 py-2 sm:py-3 text-sm border border-gray-300 rounded-lg focus:ring-2 focus:ring-blue-500 focus:border-blue-500"[39m
            [33mmin[39m=[32m"0"[39m
            [33mplaceholder[39m=[32m"100"[39m
            [33mstep[39m=[32m"any"[39m
            [33mtype[39m=[32m"number"[39m
            [33mvalue[39m=[32m"100"[39m
          [36m/>[39m
        [36m</div>[39m
      [36m</div>[39m
      [36m<div[39m
        [33mclass[39m=[32m"grid grid-cols-2 gap-2 sm:gap-4"[39m
      [36m>[39m
        [36m<div>[39m
          [36m<label[39m
            [33mclass[39m=[32m"block text-xs sm:text-sm font-medium text-gray-700 mb-1 sm:mb-2"[39m
          [36m>[39m
            [0mReturn (%)[0m
          [36m</label>[39m
          [36m<input[39m
            [33mclass[39m=[32m"w-full px-2 sm:px-4 py-2 sm:py-3 text-sm border border-gray-300 rounded-lg focus:ring-2 focus:ring-blue-500 focus:border-blue-500"[39m
            [33mmin[39m=[32m"0"[39m
            [33mplaceholder[39m=[32m"7"[39m
            [33mrequired[39m=[32m""[39m
            [33mstep[39m=[32m"any"[39m
            [33mtype[39m=[32m"number"[39m
            [33mvalue[39m=[32m"7"[39m
          [36m/>[39m
        [36m</div>[39m
        [36m<div>[39m
          [36m<label[39m
            [33mclass[39m=[32m"block text-xs sm:text-sm font-medium text-gray-700 mb-1 sm:mb-2"[39m
          [36m>[39m
            [0mFees (%)[0m
          [36m</label>[39m
          [36m<input[39m
            [33mclass[39m=[32m"w-full px-2 sm:px-4 py-2 sm:py-3 text-sm border border-gray-300 rounded-lg focus:ring-2 focus:ring-blue-500 focus:border-blue-500"[39m
            [33mmin[39m=[32m"0"[39m
            [33mplaceholder[39m=[32m"0.1"[39m
            [33mstep[39m=[32m"any"[39m
            [33mtype[39m=[32m"number"[39m
            [33mvalue[39m=[32m"0.1"[39m
          [36m/>[39m
        [36m</div>[39m
      [36m</div>[39m
      [36m<div>[39m
        [36m<label[39m
          [33mclass[39m=[32m"block text-xs sm:text-sm font-medium text-gray-700 mb-1 sm:mb-2"[39m
        [36m>[39m
          [0mYears[0m
        [36m</label>[39m
        [36m<input[39m
          [33mclass[39m=[32m"w-full px-2 sm:px-4 py-2 sm:py-3 text-sm border border-gray-300 rounded-lg focus:ring-2 focus:ring-blue-500 focus:border-blue-500"[39m
          [33mmax[39m=[32m"50"[39m
          [33mmin[39m=[32m"1"[39m
          [33mplaceholder[39m=[32m"10"[39m
          [33mrequired[39m=[32m""[39m
          [33mtype[39m=[32m"number"[39m
          [33mvalue[39m=[32m"10"[39m
        [36m/>[39m
      [36m</div>[39m
      [36m<button[39m
        [33mclass[39m=[32m"w-full bg-blue-600 hover:bg-blue-700 text-white font-semibold py-3 sm:py-4 px-4 sm:px-6 rounded-lg transition-colors flex items-center justify-center gap-2 text-sm sm:text-base"[39m
        [33mtype[39m=[32m"submit"[39m
      [36m>[39m
        [36m<span>[39m
          [0m📊[0m
        [36m</span>[39m
        [0mCompare with S&P 500[0m
      [36m</button>[39m
    [36m</form>[39m
  [36m</div>[39m
[36m</body>[39m
 ❯ src/test/SimpleResults.test.tsx (11 tests | 4 failed) 272ms
   ✓ SimpleResults > should not render when no data provided 22ms
   ✓ SimpleResults > should display winner when user investment wins 34ms
   ✓ SimpleResults > should display winner when S&P 500 wins 13ms
   × SimpleResults > should display investment details correctly 21ms
     → Found multiple elements with the text: $10,000

Here are the matching elements:

Ignored nodes: comments, script, style
[36m<span[39m
  [33mclass[39m=[32m"text-xs sm:text-sm font-medium"[39m
[36m>[39m
  [0m$10,000[0m
[36m</span>[39m

Ignored nodes: comments, script, style
[36m<span[39m
  [33mclass[39m=[32m"text-xs sm:text-sm font-medium"[39m
[36m>[39m
  [0m$10,000[0m
[36m</span>[39m

(If this is intentional, then use the `*AllBy*` variant of the query (like `queryAllByText`, `getAllByText`, or `findAllByText`)).

Ignored nodes: comments, script, style
[36m<body>[39m
  [36m<div>[39m
    [36m<div[39m
      [33mclass[39m=[32m"space-y-4 sm:space-y-6"[39m
    [36m>[39m
      [36m<div[39m
        [33mclass[39m=[32m"bg-white rounded-2xl shadow-xl p-6 p-4 sm:p-6"[39m
      [36m>[39m
        [36m<div[39m
          [33mclass[39m=[32m"text-center mb-3 sm:mb-6"[39m
        [36m>[39m
          [36m<h2[39m
            [33mclass[39m=[32m"text-lg sm:text-2xl font-bold text-gray-800 flex items-center justify-center gap-2"[39m
          [36m>[39m
            [36m<svg[39m
              [33maria-hidden[39m=[32m"true"[39m
              [33mclass[39m=[32m"lucide lucide-trending-up w-5 h-5 sm:w-6 sm:h-6 text-blue-600"[39m
              [33mfill[39m=[32m"none"[39m
              [33mheight[39m=[32m"24"[39m
              [33mstroke[39m=[32m"currentColor"[39m
              [33mstroke-linecap[39m=[32m"round"[39m
              [33mstroke-linejoin[39m=[32m"round"[39m
              [33mstroke-width[39m=[32m"2"[39m
              [33mviewBox[39m=[32m"0 0 24 24"[39m
              [33mwidth[39m=[32m"24"[39m
              [33mxmlns[39m=[32m"http://www.w3.org/2000/svg"[39m
            [36m>[39m
              [36m<path[39m
                [33md[39m=[32m"M16 7h6v6"[39m
              [36m/>[39m
              [36m<path[39m
                [33md[39m=[32m"m22 7-8.5 8.5-5-5L2 17"[39m
              [36m/>[39m
            [36m</svg>[39m
            [0mResults after [0m
            [0m10[0m
            [0m years[0m
          [36m</h2>[39m
        [36m</div>[39m
        [36m<div[39m
          [33mclass[39m=[32m"text-center p-3 sm:p-6 rounded-xl mb-3 sm:mb-6 bg-green-50 border-2 border-green-200"[39m
        [36m>[39m
          [36m<div[39m
            [33mclass[39m=[32m"flex items-center justify-center gap-2 mb-1 sm:mb-2"[39m
          [36m>[39m
            [36m<svg[39m
              [33maria-hidden[39m=[32m"true"[39m
              [33mclass[39m=[32m"lucide lucide-trophy w-6 h-6 sm:w-8 sm:h-8 text-green-600"[39m
              [33mfill[39m=[32m"none"[39m
              [33mheight[39m=[32m"24"[39m
              [33mstroke[39m=[32m"currentColor"[39m
              [33mstroke-linecap[39m=[32m"round"[39m
              [33mstroke-linejoin[39m=[32m"round"[39m
              [33mstroke-width[39m=[32m"2"[39m
              [33mviewBox[39m=[32m"0 0 24 24"[39m
              [33mwidth[39m=[32m"24"[39m
              [33mxmlns[39m=[32m"http://www.w3.org/2000/svg"[39m
            [36m>[39m
              [36m<path[39m
                [33md[39m=[32m"M6 9H4.5a2.5 2.5 0 0 1 0-5H6"[39m
              [36m/>[39m
              [36m<path[39m
                [33md[39m=[32m"M18 9h1.5a2.5 2.5 0 0 0 0-5H18"[39m
              [36m/>[39m
              [36m<path[39m
                [33md[39m=[32m"M4 22h16"[39m
              [36m/>[39m
              [36m<path[39m
                [33md[39m=[32m"M10 14.66V17c0 .55-.47.98-.97 1.21C7.85 18.75 7 20.24 7 22"[39m
              [36m/>[39m
              [36m<path[39m
                [33md[39m=[32m"M14 14.66V17c0 .55.47.98.97 1.21C16.15 18.75 17 20.24 17 22"[39m
              [36m/>[39m
              [36m<path[39m
                [33md[39m=[32m"M18 2H6v7a6 6 0 0 0 12 0V2Z"[39m
              [36m/>[39m
            [36m</svg>[39m
            [36m<h3[39m
              [33mclass[39m=[32m"text-base sm:text-xl font-bold text-gray-800"[39m
            [36m>[39m
              [0mNASDAQ 100 Wins![0m
            [36m</h3>[39m
          [36m</div>[39m
          [36m<p[39m
            [33mclass[39m=[32m"text-sm sm:text-lg font-semibold text-green-700"[39m
          [36m>[39m
            [0mYour investment[0m
            [0m outperformed by[0m
            [0m [0m
            [0m$20,000[0m
          [36m</p>[39m
        [36m</div>[39m
        [36m<div[39m
          [33mclass[39m=[32m"grid grid-cols-1 sm:grid-cols-2 gap-3 sm:gap-6"[39m
        [36m>[39m
          [36m<div[39m
            [33mclass[39m=[32m"p-3 sm:p-6 rounded-xl border-2 bg-green-50 border-green-300"[39m
          [36m>[39m
            [36m<div[39m
              [33mclass[39m=[32m"flex items-center gap-2 mb-2 sm:mb-4"[39m
            [36m>[39m
              [36m<svg[39m
                [33maria-hidden[39m=[32m"true"[39m
                [33mclass[39m=[32m"lucide lucide-trophy w-4 h-4 sm:w-5 sm:h-5 text-green-600"[39m
                [33mfill[39m=[32m"none"[39m
                [33mheight[39m=[32m"24"[39m
                [33mstroke[39m=[32m"currentColor"[39m
                [33mstroke-linecap[39m=[32m"round"[39m
                [33mstroke-linejoin[39m=[32m"round"[39m
                [33mstroke-width[39m=[32m"2"[39m
                [33mviewBox[39m=[32m"0 0 24 24"[39m
                [33mwidth[39m=[32m"24"[39m
                [33mxmlns[39m=[32m"http://www.w3.org/2000/svg"[39m
              [36m>[39m
                [36m<path[39m
                  [33md[39m=[32m"M6 9H4.5a2.5 2.5 0 0 1 0-5H6"[39m
                [36m/>[39m
                [36m<path[39m
                  [33md[39m=[32m"M18 9h1.5a2.5 2.5 0 0 0 0-5H18"[39m
                [36m/>[39m
                [36m<path[39m
                  [33md[39m=[32m"M4 22h16"[39m
                [36m/>[39m
                [36m<path[39m
                  [33md[39m=[32m"M10 14.66V17c0 .55-.47.98-.97 1.21C7.85 18.75 7 20.24 7 22"[39m
                [36m/>[39m
                [36m<path[39m
                  [33md[39m=[32m"M14 14.66V17c0 .55.47.98.97 1.21C16.15 18.75 17 20.24 17 22"[39m
                [36m/>[39m
                [36m<path[39m
                  [33md[39m=[32m"M18 2H6v7a6 6 0 0 0 12 0V2Z"[39m
                [36m/>[39m
              [36m</svg>[39m
              [36m<h4[39m
                [33mclass[39m=[32m"text-sm sm:text-lg font-bold text-gray-800"[39m
              [36m>[39m
                [0mNASDAQ 100[0m
              [36m</h4>[39m
            [36m</div>[39m
            [36m<div[39m
              [33mclass[39m=[32m"space-y-2 sm:space-y-3"[39m
            [36m>[39m
              [36m<div[39m
                [33mclass[39m=[32m"flex justify-between items-center"[39m
              [36m>[39m
                [36m<span[39m
                  [33mclass[39m=[32m"text-xs sm:text-sm text-gray-700"[39m
                [36m>[39m
                  [0mFinal Value:[0m
                [36m</span>[39m
                [36m<span[39m
                  [33mclass[39m=[32m"text-lg sm:text-2xl font-bold text-green-600"[39m
                [36m>[39m
                  [0m$150,000[0m
                [36m</span>[39m
              [36m</div>[39m
              [36m<div[39m
                [33mclass[39m=[32m"flex justify-between items-center"[39m
              [36m>[39m
                [36m<span[39m
                  [33mclass[39m=[32m"text-xs sm:text-sm text-gray-700"[39m
                [36m>[39m
                  [0mAnnual Return:[0m
                [36m</span>[39m
                [36m<span[39m
                  [33mclass[39m=[32m"text-xs sm:text-sm font-semibold"[39m
                [36m>[39m
                  [0m9.8%[0m
                [36m</span>[39m
              [36m</div>[39m
              [36m<div[39m
                [33mclass[39m=[32m"flex justify-between items-center"[39m
              [36m>[39m
                [36m<span[39m
                  [33mclass[39m=[32m"text-xs sm:text-sm text-gray-700"[39m
                [36m>[39m
                  [0mInitial:[0m
                [36m</span>[39m
                [36m<span[39m
                  [33mclass[39m=[32m"text-xs sm:text-sm font-medium"[39m
                [36m>[39m
                  [0m$10,000[0m
                [36m</span>[39m
              [36m</div>[39m
              [36m<div[39m
                [33mclass[39m=[32m"flex justify-between items-center"[39m
              [36m>[39m
                [36m<span[39m
                  [33mclass[39m=[32m"text-xs sm:text-sm text-gray-700"[39m
                [36m>[39m
                  [0mMonthly:[0m
                [36m</span>[39m
                [36m<span[39m
                  [33mclass[39m=[32m"text-xs sm:text-sm font-medium"[39m
                [36m>[39m
                  [0m$500[0m
                [36m</span>[39m
              [36m</div>[39m
            [36m</div>[39m
          [36m</div>[39m
          [36m<div[39m
            [33mclass[39m=[32m"p-3 sm:p-6 rounded-xl border-2 bg-gray-50 border-gray-300"[39m
          [36m>[39m
            [36m<div[39m
              [33mclass[39m=[32m"flex items-center gap-2 mb-2 sm:mb-4"[39m
            [36m>[39m
              [36m<h4[39m
                [33mclass[39m=[32m"text-sm sm:text-lg font-bold text-gray-800"[39m
              [36m>[39m
                [0mS&P 500[0m
              [36m</h4>[39m
            [36m</div>[39m
            [36m<div[39m
              [33mclass[39m=[32m"space-y-2 sm:space-y-3"[39m
            [36m>[39m
              [36m<div[39m
                [33mclass[39m=[32m"flex justify-between items-center"[39m
              [36m>[39m
                [36m<span[39m
                  [33mclass[39m=[32m"text-xs sm:text-sm text-gray-700"[39m
                [36m>[39m
                  [0mFinal Value:[0m
                [36m</span>[39m
                [36m<span[39m
                  [33mclass[39m=[32m"text-lg sm:text-2xl font-bold text-gray-800"[39m
                [36m>[39m
                  [0m$130,000[0m
                [36m</span>[39m
              [36m</div>[39m
              [36m<div[39m
                [33mclass[39m=[32m"flex justify-between items-center"[39m
              [36m>[39m
                [36m<span[39m
                  [33mclass[39m=[32m"text-xs sm:text-sm text-gray-700"[39m
                [36m>[39m
                  [0mAnnual Return:[0m
                [36m</span>[39m
                [36m<span[39m
                  [33mclass[39m=[32m"text-xs sm:text-sm font-semibold"[39m
                [36m>[39m
                  [0m7.0%[0m
                [36m</span>[39m
              [36m</div>[39m
              [36m<div[39m
                [33mclass[39m=[32m"flex justify-between items-center"[39m
              [36m>[39m
                [36m<span[39m
                  [33mclass[39m=[32m"text-xs sm:text-sm text-gray-700"[39m
                [36m>[39m
                  [0mInitial:[0m
                [36m</span>[39m
                [36m<span[39m
                  [33mclass[39m=[32m"text-xs sm:text-sm font-medium"[39m
                [36m>[39m
                  [0m$10,000[0m
                [36m</span>[39m
              [36m</div>[39m
              [36m<div[39m
                [33mclass[39m=[32m"flex justify-between items-center"[39m
              [36m>[39m
                [36m<span[39m
                  [33mclass[39m=[32m"text-xs sm:text-sm text-gray-700"[39m
                [36m>[39m
                  [0mMonthly:[0m
                [36m</span>[39m
                [36m<span[39m
                  [33mclass[39m=[32m"text-xs sm:text-sm font-medium "[39m
                [36m>[39m
                  [0m$500[0m
                [36m</span>[39m
              [36m</div>[39m
            [36m</div>[39m
          [36m</div>[39m
        [36m</div>[39m
        [36m<div[39m
          [33mclass[39m=[32m"mt-3 sm:mt-6 p-3 sm:p-4 bg-gray-100 rounded-lg"[39m
        [36m>[39m
          [36m<div[39m
            [33mclass[39m=[32m"flex items-center justify-between"[39m
          [36m>[39m
            [36m<span[39m
              [33mclass[39m=[32m"text-xs sm:text-sm text-gray-700 font-medium"[39m
            [36m>[39m
              [0mDifference:[0m
            [36m</span>[39m
            [36m<div[39m
              [33mclass[39m=[32m"flex items-center gap-2"[39m
            [36m>[39m
              [36m<svg[39m
                [33maria-hidden[39m=[32m"true"[39m
                [33mclass[39m=[32m"lucide lucide-arrow-up w-4 h-4 sm:w-5 sm:h-5 text-green-600"[39m
                [33mfill[39m=[32m"none"[39m
                [33mheight[39m=[32m"24"[39m
                [33mstroke[39m=[32m"currentColor"[39m
                [33mstroke-linecap[39m=[32m"round"[39m
                [33mstroke-linejoin[39m=[32m"round"[39m
                [33mstroke-width[39m=[32m"2"[39m
                [33mviewBox[39m=[32m"0 0 24 24"[39m
                [33mwidth[39m=[32m"24"[39m
                [33mxmlns[39m=[32m"http://www.w3.org/2000/svg"[39m
              [36m>[39m
                [36m<path[39m
                  [33md[39m=[32m"m5 12 7-7 7 7"[39m
                [36m/>[39m
                [36m<path[39m
                  [33md[39m=[32m"M12 19V5"[39m
                [36m/>[39m
              [36m</svg>[39m
              [36m<span[39m
                [33mclass[39m=[32m"text-sm sm:text-lg font-bold text-green-600"[39m
              [36m>[39m
                [0m$20,000[0m
              [36m</span>[39m
            [36m</div>[39m
          [36m</div>[39m
        [36m</div>[39m
        [36m<div[39m
          [33mclass[39m=[32m"flex flex-col sm:flex-row gap-2 sm:gap-4 mt-3 sm:mt-6"[39m
        [36m>[39m
          [36m<button[39m
            [33mclass[39m=[32m"flex-1 bg-blue-600 hover:bg-blue-700 text-white font-semibold py-2 sm:py-3 px-4 sm:px-6 rounded-lg transition-colors text-sm sm:text-base"[39m
          [36m>[39m
            [0mShow Details[0m
          [36m</button>[39m
          [36m<button[39m
            [33mclass[39m=[32m"px-4 sm:px-6 py-2 sm:py-3 border-2 border-gray-300 text-gray-700 font-semibold rounded-lg hover:bg-gray-50 transition-colors text-sm sm:text-base"[39m
          [36m>[39m
            [0mNew Calculation[0m
          [36m</button>[39m
        [36m</div>[39m
      [36m</div>[39m
    [36m</div>[39m
  [36m</div>[39m
[36m</body>[39m
   × SimpleResults > should show correct styling for winner 18ms
     → [2mexpect([22m[31melement[39m[2m).toHaveClass([22m[32m[32m"bg-green-50 border-green-300"[32m[39m[2m)[22m

Expected the element to have class:
[32m  bg-green-50 border-green-300[39m
Received:
[31m  flex items-center gap-2 mb-2 sm:mb-4[39m
   ✓ SimpleResults > should toggle detailed view 92ms
   ✓ SimpleResults > should call onClear when clear button is clicked 19ms
   ✓ SimpleResults > should display real estate specific labels 9ms
   × SimpleResults > should display performance difference with correct styling 25ms
     → Found multiple elements with the text: Difference:

Here are the matching elements:

Ignored nodes: comments, script, style
[36m<span[39m
  [33mclass[39m=[32m"text-xs sm:text-sm text-gray-700 font-medium"[39m
[36m>[39m
  [0mDifference:[0m
[36m</span>[39m

Ignored nodes: comments, script, style
[36m<span[39m
  [33mclass[39m=[32m"text-xs sm:text-sm text-gray-700 font-medium"[39m
[36m>[39m
  [0mDifference:[0m
[36m</span>[39m

(If this is intentional, then use the `*AllBy*` variant of the query (like `queryAllByText`, `getAllByText`, or `findAllByText`)).

Ignored nodes: comments, script, style
[36m<body>[39m
  [36m<div>[39m
    [36m<div[39m
      [33mclass[39m=[32m"space-y-4 sm:space-y-6"[39m
    [36m>[39m
      [36m<div[39m
        [33mclass[39m=[32m"bg-white rounded-2xl shadow-xl p-6 p-4 sm:p-6"[39m
      [36m>[39m
        [36m<div[39m
          [33mclass[39m=[32m"text-center mb-3 sm:mb-6"[39m
        [36m>[39m
          [36m<h2[39m
            [33mclass[39m=[32m"text-lg sm:text-2xl font-bold text-gray-800 flex items-center justify-center gap-2"[39m
          [36m>[39m
            [36m<svg[39m
              [33maria-hidden[39m=[32m"true"[39m
              [33mclass[39m=[32m"lucide lucide-trending-up w-5 h-5 sm:w-6 sm:h-6 text-blue-600"[39m
              [33mfill[39m=[32m"none"[39m
              [33mheight[39m=[32m"24"[39m
              [33mstroke[39m=[32m"currentColor"[39m
              [33mstroke-linecap[39m=[32m"round"[39m
              [33mstroke-linejoin[39m=[32m"round"[39m
              [33mstroke-width[39m=[32m"2"[39m
              [33mviewBox[39m=[32m"0 0 24 24"[39m
              [33mwidth[39m=[32m"24"[39m
              [33mxmlns[39m=[32m"http://www.w3.org/2000/svg"[39m
            [36m>[39m
              [36m<path[39m
                [33md[39m=[32m"M16 7h6v6"[39m
              [36m/>[39m
              [36m<path[39m
                [33md[39m=[32m"m22 7-8.5 8.5-5-5L2 17"[39m
              [36m/>[39m
            [36m</svg>[39m
            [0mResults after [0m
            [0m10[0m
            [0m years[0m
          [36m</h2>[39m
        [36m</div>[39m
        [36m<div[39m
          [33mclass[39m=[32m"text-center p-3 sm:p-6 rounded-xl mb-3 sm:mb-6 bg-green-50 border-2 border-green-200"[39m
        [36m>[39m
          [36m<div[39m
            [33mclass[39m=[32m"flex items-center justify-center gap-2 mb-1 sm:mb-2"[39m
          [36m>[39m
            [36m<svg[39m
              [33maria-hidden[39m=[32m"true"[39m
              [33mclass[39m=[32m"lucide lucide-trophy w-6 h-6 sm:w-8 sm:h-8 text-green-600"[39m
              [33mfill[39m=[32m"none"[39m
              [33mheight[39m=[32m"24"[39m
              [33mstroke[39m=[32m"currentColor"[39m
              [33mstroke-linecap[39m=[32m"round"[39m
              [33mstroke-linejoin[39m=[32m"round"[39m
              [33mstroke-width[39m=[32m"2"[39m
              [33mviewBox[39m=[32m"0 0 24 24"[39m
              [33mwidth[39m=[32m"24"[39m
              [33mxmlns[39m=[32m"http://www.w3.org/2000/svg"[39m
            [36m>[39m
              [36m<path[39m
                [33md[39m=[32m"M6 9H4.5a2.5 2.5 0 0 1 0-5H6"[39m
              [36m/>[39m
              [36m<path[39m
                [33md[39m=[32m"M18 9h1.5a2.5 2.5 0 0 0 0-5H18"[39m
              [36m/>[39m
              [36m<path[39m
                [33md[39m=[32m"M4 22h16"[39m
              [36m/>[39m
              [36m<path[39m
                [33md[39m=[32m"M10 14.66V17c0 .55-.47.98-.97 1.21C7.85 18.75 7 20.24 7 22"[39m
              [36m/>[39m
              [36m<path[39m
                [33md[39m=[32m"M14 14.66V17c0 .55.47.98.97 1.21C16.15 18.75 17 20.24 17 22"[39m
              [36m/>[39m
              [36m<path[39m
                [33md[39m=[32m"M18 2H6v7a6 6 0 0 0 12 0V2Z"[39m
              [36m/>[39m
            [36m</svg>[39m
            [36m<h3[39m
              [33mclass[39m=[32m"text-base sm:text-xl font-bold text-gray-800"[39m
            [36m>[39m
              [0mNASDAQ 100 Wins![0m
            [36m</h3>[39m
          [36m</div>[39m
          [36m<p[39m
            [33mclass[39m=[32m"text-sm sm:text-lg font-semibold text-green-700"[39m
          [36m>[39m
            [0mYour investment[0m
            [0m outperformed by[0m
            [0m [0m
            [0m$20,000[0m
          [36m</p>[39m
        [36m</div>[39m
        [36m<div[39m
          [33mclass[39m=[32m"grid grid-cols-1 sm:grid-cols-2 gap-3 sm:gap-6"[39m
        [36m>[39m
          [36m<div[39m
            [33mclass[39m=[32m"p-3 sm:p-6 rounded-xl border-2 bg-green-50 border-green-300"[39m
          [36m>[39m
            [36m<div[39m
              [33mclass[39m=[32m"flex items-center gap-2 mb-2 sm:mb-4"[39m
            [36m>[39m
              [36m<svg[39m
                [33maria-hidden[39m=[32m"true"[39m
                [33mclass[39m=[32m"lucide lucide-trophy w-4 h-4 sm:w-5 sm:h-5 text-green-600"[39m
                [33mfill[39m=[32m"none"[39m
                [33mheight[39m=[32m"24"[39m
                [33mstroke[39m=[32m"currentColor"[39m
                [33mstroke-linecap[39m=[32m"round"[39m
                [33mstroke-linejoin[39m=[32m"round"[39m
                [33mstroke-width[39m=[32m"2"[39m
                [33mviewBox[39m=[32m"0 0 24 24"[39m
                [33mwidth[39m=[32m"24"[39m
                [33mxmlns[39m=[32m"http://www.w3.org/2000/svg"[39m
              [36m>[39m
                [36m<path[39m
                  [33md[39m=[32m"M6 9H4.5a2.5 2.5 0 0 1 0-5H6"[39m
                [36m/>[39m
                [36m<path[39m
                  [33md[39m=[32m"M18 9h1.5a2.5 2.5 0 0 0 0-5H18"[39m
                [36m/>[39m
                [36m<path[39m
                  [33md[39m=[32m"M4 22h16"[39m
                [36m/>[39m
                [36m<path[39m
                  [33md[39m=[32m"M10 14.66V17c0 .55-.47.98-.97 1.21C7.85 18.75 7 20.24 7 22"[39m
                [36m/>[39m
                [36m<path[39m
                  [33md[39m=[32m"M14 14.66V17c0 .55.47.98.97 1.21C16.15 18.75 17 20.24 17 22"[39m
                [36m/>[39m
                [36m<path[39m
                  [33md[39m=[32m"M18 2H6v7a6 6 0 0 0 12 0V2Z"[39m
                [36m/>[39m
              [36m</svg>[39m
              [36m<h4[39m
                [33mclass[39m=[32m"text-sm sm:text-lg font-bold text-gray-800"[39m
              [36m>[39m
                [0mNASDAQ 100[0m
              [36m</h4>[39m
            [36m</div>[39m
            [36m<div[39m
              [33mclass[39m=[32m"space-y-2 sm:space-y-3"[39m
            [36m>[39m
              [36m<div[39m
                [33mclass[39m=[32m"flex justify-between items-center"[39m
              [36m>[39m
                [36m<span[39m
                  [33mclass[39m=[32m"text-xs sm:text-sm text-gray-700"[39m
                [36m>[39m
                  [0mFinal Value:[0m
                [36m</span>[39m
                [36m<span[39m
                  [33mclass[39m=[32m"text-lg sm:text-2xl font-bold text-green-600"[39m
                [36m>[39m
                  [0m$150,000[0m
                [36m</span>[39m
              [36m</div>[39m
              [36m<div[39m
                [33mclass[39m=[32m"flex justify-between items-center"[39m
    ...
   ✓ SimpleResults > should handle missing monthly contribution gracefully 8ms
   × SimpleResults > should handle zero monthly contribution 9ms
     → [2mexpect([22m[31melement[39m[2m).not.toBeInTheDocument()[22m

[31mexpected document not to contain element, found <span
  class="text-xs sm:text-sm text-gray-700"
>
  Monthly:
</span> instead[39m
 ❯ src/test/App.test.tsx (8 tests | 3 failed) 414ms
   ✓ App Integration > should render the main app with tabs 51ms
   ✓ App Integration > should switch between tabs 105ms
   × App Integration > should complete full stock investment flow 25ms
     → Found a label with the text of: /Investment Name/, however no form control was found associated to that label. Make sure you're using the "for" attribute or "aria-labelledby" attribute correctly.

Ignored nodes: comments, script, style
[36m<body>[39m
  [36m<div>[39m
    [36m<div[39m
      [33mclass[39m=[32m"min-h-screen bg-gradient-to-br from-blue-50 to-indigo-100 p-2 sm:p-4"[39m
    [36m>[39m
      [36m<div[39m
        [33mclass[39m=[32m"max-w-2xl mx-auto"[39m
      [36m>[39m
        [36m<header[39m
          [33mclass[39m=[32m"text-center mb-4 sm:mb-8"[39m
        [36m>[39m
          [36m<div[39m
            [33mclass[39m=[32m"flex items-center justify-center gap-2 mb-2 sm:mb-4"[39m
          [36m>[39m
            [36m<svg[39m
              [33maria-hidden[39m=[32m"true"[39m
              [33mclass[39m=[32m"lucide lucide-chart-column w-6 h-6 sm:w-8 sm:h-8 text-blue-600"[39m
              [33mfill[39m=[32m"none"[39m
              [33mheight[39m=[32m"24"[39m
              [33mstroke[39m=[32m"currentColor"[39m
              [33mstroke-linecap[39m=[32m"round"[39m
              [33mstroke-linejoin[39m=[32m"round"[39m
              [33mstroke-width[39m=[32m"2"[39m
              [33mviewBox[39m=[32m"0 0 24 24"[39m
              [33mwidth[39m=[32m"24"[39m
              [33mxmlns[39m=[32m"http://www.w3.org/2000/svg"[39m
            [36m>[39m
              [36m<path[39m
                [33md[39m=[32m"M3 3v16a2 2 0 0 0 2 2h16"[39m
              [36m/>[39m
              [36m<path[39m
                [33md[39m=[32m"M18 17V9"[39m
              [36m/>[39m
              [36m<path[39m
                [33md[39m=[32m"M13 17V5"[39m
              [36m/>[39m
              [36m<path[39m
                [33md[39m=[32m"M8 17v-3"[39m
              [36m/>[39m
            [36m</svg>[39m
            [36m<h1[39m
              [33mclass[39m=[32m"text-2xl sm:text-4xl font-bold text-blue-600"[39m
            [36m>[39m
              [0mBetter Than 500[0m
            [36m</h1>[39m
          [36m</div>[39m
        [36m</header>[39m
        [36m<div[39m
          [33mclass[39m=[32m"bg-white rounded-2xl p-1 sm:p-2 shadow-lg mb-4 sm:mb-8"[39m
        [36m>[39m
          [36m<div[39m
            [33mclass[39m=[32m"grid grid-cols-2 gap-1 sm:gap-2"[39m
          [36m>[39m
            [36m<button[39m
              [33mclass[39m=[32m"flex items-center justify-center gap-2 sm:gap-3 px-3 sm:px-6 py-3 sm:py-4 rounded-xl transition-all duration-300 bg-blue-600 text-white shadow-lg transform scale-105"[39m
            [36m>[39m
              [36m<svg[39m
                [33maria-hidden[39m=[32m"true"[39m
                [33mclass[39m=[32m"lucide lucide-trending-up w-4 h-4 sm:w-5 sm:h-5"[39m
                [33mfill[39m=[32m"none"[39m
                [33mheight[39m=[32m"24"[39m
                [33mstroke[39m=[32m"currentColor"[39m
                [33mstroke-linecap[39m=[32m"round"[39m
                [33mstroke-linejoin[39m=[32m"round"[39m
                [33mstroke-width[39m=[32m"2"[39m
                [33mviewBox[39m=[32m"0 0 24 24"[39m
                [33mwidth[39m=[32m"24"[39m
                [33mxmlns[39m=[32m"http://www.w3.org/2000/svg"[39m
              [36m>[39m
                [36m<path[39m
                  [33md[39m=[32m"M16 7h6v6"[39m
                [36m/>[39m
                [36m<path[39m
                  [33md[39m=[32m"m22 7-8.5 8.5-5-5L2 17"[39m
                [36m/>[39m
              [36m</svg>[39m
              [36m<span[39m
                [33mclass[39m=[32m"font-semibold text-sm sm:text-base"[39m
              [36m>[39m
                [0mStocks/ETF[0m
              [36m</span>[39m
            [36m</button>[39m
            [36m<button[39m
              [33mclass[39m=[32m"flex items-center justify-center gap-2 sm:gap-3 px-3 sm:px-6 py-3 sm:py-4 rounded-xl transition-all duration-300 text-gray-600 hover:bg-gray-50 hover:text-blue-600"[39m
            [36m>[39m
              [36m<svg[39m
                [33maria-hidden[39m=[32m"true"[39m
                [33mclass[39m=[32m"lucide lucide-house w-4 h-4 sm:w-5 sm:h-5"[39m
                [33mfill[39m=[32m"none"[39m
                [33mheight[39m=[32m"24"[39m
                [33mstroke[39m=[32m"currentColor"[39m
                [33mstroke-linecap[39m=[32m"round"[39m
                [33mstroke-linejoin[39m=[32m"round"[39m
                [33mstroke-width[39m=[32m"2"[39m
                [33mviewBox[39m=[32m"0 0 24 24"[39m
                [33mwidth[39m=[32m"24"[39m
                [33mxmlns[39m=[32m"http://www.w3.org/2000/svg"[39m
              [36m>[39m
                [36m<path[39m
                  [33md[39m=[32m"M15 21v-8a1 1 0 0 0-1-1h-4a1 1 0 0 0-1 1v8"[39m
                [36m/>[39m
                [36m<path[39m
                  [33md[39m=[32m"M3 10a2 2 0 0 1 .709-1.528l7-5.999a2 2 0 0 1 2.582 0l7 5.999A2 2 0 0 1 21 10v9a2 2 0 0 1-2 2H5a2 2 0 0 1-2-2z"[39m
                [36m/>[39m
              [36m</svg>[39m
              [36m<span[39m
                [33mclass[39m=[32m"font-semibold text-sm sm:text-base"[39m
              [36m>[39m
                [0mReal Estate[0m
              [36m</span>[39m
            [36m</button>[39m
          [36m</div>[39m
        [36m</div>[39m
        [36m<div[39m
          [33mclass[39m=[32m"bg-white rounded-2xl shadow-xl p-4 sm:p-8 mb-4 sm:mb-8"[39m
        [36m>[39m
          [36m<form[39m
            [33mclass[39m=[32m"space-y-3 sm:space-y-6"[39m
          [36m>[39m
            [36m<div[39m
              [33mclass[39m=[32m"text-center mb-3 sm:mb-6"[39m
            [36m>[39m
              [36m<h2[39m
                [33mclass[39m=[32m"text-sm sm:text-lg font-bold text-gray-800"[39m
              [36m>[39m
                [0mCompare Stocks/ETFs vs S&P 500[0m
              [36m</h2>[39m
            [36m</div>[39m
            [36m<div>[39m
              [36m<label[39m
                [33mclass[39m=[32m"block text-xs sm:text-sm font-medium text-gray-700 mb-1 sm:mb-2"[39m
              [36m>[39m
                [0mQuick Presets 🚀[0m
              [36m</label>[39m
              [36m<select[39m
                [33mclass[39m=[32m"w-full px-2 sm:px-4 py-2 sm:py-3 text-sm border border-gray-300 rounded-lg focus:ring-2 focus:ring-blue-500 focus:border-blue-500 bg-white"[39m
              [36m>[39m
                [36m<option[39m
                  [33mselected[39m=[32m""[39m
                  [33mvalue[39m=[32m""[39m
                [36m>[39m
                  [0mChoose preset...[0m
                [36m</option>[39m
                [36m<option[39m
                  [33mvalue[39m=[32m"0"[39m
                [36m>[39m
                  [0mS&P 500 Index Fund[0m
                  [0m — [0m
                  [0m7[0m
                  [0m% return[0m
                [36m</option>[39m
                [36m<option[39m
                  [33mvalue[39m=[32m"1"[39m
                [36m>[39m
                  [0mNASDAQ 100[0m
                  [0m — [0m
                  [0m10[0m
                  [0m% return[0m
                [36m</option>[39m
                [36m<option[39m
                  [33mvalue[39m=[32m"2"[39m
                [36m>[39m
                  [0mConservative Bonds[0m
                  [0m — [0m
                  [0m4[0m
                  [0m% return[0m
                [36m</option>[39m
                [36m<option[39m
                  [33mvalue[39m=[32m"3"[39m
                [36m>[39m
                  [0mHigh Growth Tech[0m
                  [0m — [0m
                  [0m12[0m
                  [0m% return[0m
                [36m</option>[39m
                [36m<option[39m
                  [33mvalue[39m=[32m"4"[39m
                [36m>[39m
                  [0mDividend Aristocrats[0m
                  [0m — [0m
                  [0m8[0m
                  [0m% return[0m
                [36m</option>[39m
              [36m</select>[39m
            [36m</div>[39m
            [36m<div>[39m
              [36m<label[39m
                [33mclass[39m=[32m"block text-xs sm:text-sm font-medium text-gray-700 mb-1 sm:mb-2"[39m
              [36m>[39m
                [0mInvestment Name[0m
              [36m</label>[39m
              [36m<input[39m
                [33mclass[39m=[32m"w-full px-2 sm:px-4 py-2 sm:py-3 text-sm border border-gray-300 rounded-lg focus:ring-2 focus:ring-blue-500 focus:border-blue-500"[39m
                [33mplaceholder[39m=[32m"e.g., VFIAX, QQQ"[39m
                [33mtype[39m=[32m"text"[39m
                [33mvalue[39m=[32m"S&P 500"[39m
              [36m/>[39m
            [36m</div>[39m
            [36m<div[39m
              [33mclass[39m=[32m"grid grid-cols-2 gap-2 sm:gap-4"[39m
            [36m>[39m
              [36m<div>[39m
                [36m<label[39m
                  [33mclass[39m=[32m"block text-xs sm:text-sm font-medium text-gray-700 mb-1 sm:mb-2"[39m
                [36m>[39m
                  [0mInitial ($)[0m
                [36m</label>[39m
                [36m<input[39m
                  [33mclass[39m=[32m"w-full px-2 sm:px-4 py-2 sm:py-3 text-sm border border-gray-300 rounded-lg focus:ring-2 focus:ring-blue-500 focus:border-blue-500"[39m
                  [33mmin[39m=[32m"0"[39m
                  [33mplaceholder[39m=[32m"1000"[39m
                  [33mrequired[39m=[32m""[39m
                  [33mstep[39m=[32m"any"[39m
                  [33mtype[39m=[32m"number"[39m
                  [33mvalue[39m=[32m"1000"[39m
                [36m/>[39m
              [36m</div>[39m
              [36m<div>[39m
                [36m<label[39m
                  [33mclass[39m=[32m"block text-xs sm:text-sm font-medium text-gray-700 mb-1 sm:mb-2"[39m
                [36m>[39m
                  [0mMonthly ($)[0m
                [36m</label>[39m
                [36m<input[39m
                  [33mclass[39m=[32m"w-full px-2 sm:px-4 py-2 sm:py-3 text-sm border border-gray-300 rounded-lg focus:ring-2 focus:ring-blue-500 focus:border-blue-500"[39m
                  [33mmin[39m=[32m"0"[39m
                  [33mplaceholder[39m=[32m"100"[39m
                  [33mstep[39m=[32m"any"[39m
                  [33mtype[39m=[32m"number"[39m
                  [33mvalue[39m=[32m"100"[39m
                [36m/>[39m
              [36m</div>[39m
            [36m</div>[39m
            [36m<div[39m
              [33mclass[39m=[32m"grid grid-cols-2 gap-2 sm:gap-4"[39m
            [36m>[39m
              [36m<div>[39m
                [36m<label[39m
                  [33mclass[39m=[32m"block text-xs sm:text-sm font-medium text-gray-700 mb-1 sm:mb-2"[39m
                [36m>[39m
                  [0mReturn (%)[0m
                [36m</label>[39m
                [36m<input[39m
                  [33mclass[39m=[32m"w-full px-2 sm:px-4 py-2 sm:py-3 text-sm border border-gray-300 rounded-lg focus:ring-2 focus:ring-blue-500 focus:border-blue-500"[39m
                  [33mmin[39m=[32m"0"[39m
                  [33mplaceholder[39m=[32m"7"[39m
                  [33mrequired[39m=[32m""[39m
                  [33mstep[39m=[32m"any"[39m
                  [33mtype[39m=[32m"number"[39m
                  [33mvalue[39m=[32m"7"[39m
                [36m/>[39m
              [36m</div>[39m
              [36m<div>[39m
                [36m<label[39m
                  [33mclass[39m=[32m"block text-xs sm:text-sm font-medium text-gray-700 mb-1 sm:mb-2"[39m
                [36m>[39m
                  [0mFees (%)[0m
                [36m</label>[39m
                [36m<input[39m
                  [33mclass[39m=[32m"w-full px-2 sm:px-4 py-2 sm:py-3 text-sm border border-gray-300 rounded-lg focus:ring-2 focus:ring-blue-500 focus:border-blue-500"[39m
                  [33mmin[39m=[32m"0"[39m
                  [33mplaceholder[39m=[32m"0.1"[39m
                  [33mstep[39m=[32m"any"[39m
                  [33mtype[39m=[32m"number"[39m
                  [33mvalue[39m=[32m"0.1"[39m
                [36m/>[39m
              [36m</div>[39m
            [36m</div>[39m
            [36m<div>[39m
              [36m<label[39m
                [33mclass[39m=[32m"block text-xs sm:text-sm font-medium text-gray-700 mb-1 sm:mb-2"[39m
              [36m>[39m
                [0mYears[0m
              [36m</label>[39m
              [36m<input[39m
                [33mclass[39m=[32m"w-full px-2 sm:px-4 py-2 sm:py-3 text-sm border border-gray-300 rounded-lg focus:ring-2 focus:ring-blue-500 focus:border-blue-500"[39m
                [33mmax[39m=[32m"50"[39m
                [33mmin[39m=[32m"1"[39m
                [33mplaceholder[39m=[32m"10"[39m
                [33mrequired[39m=[32m""[39m
                [33mtype[39m=[32m"number"[39m
                [33mvalue[39m=[32m"10"[39m
              [36m/>[39m
            [36m</div>[39m
            [36m<button[39m
              [33mclass[39m=[32m"w-full bg-blue-600 hover:bg-blue-700 text-white font-semibold py-3 sm:py-4 px-4 sm:px-6 rounded-lg transition-colors flex items-center justify-center gap-2 text-sm sm:text-base"[39m
              [33mtype[39m=[32m"submit"[39m
            [36m>[39m
              [36m<span>[39m
                [0m📊[0m
              [36m</span>[39m
              [0mCompare with S&P 500[0m
            [36m</button>[39m
          [36m</form>[39m
        [36m</div>[39m
      [36m</div>[39m
    [36m</div>[39m
  [36m</div>[39m
[36m</body>[39m
   × App Integration > should complete full real estate investment flow 38ms
     → Found a label with the text of: /Investment Name/, however no form control was found associated to that label. Make sure you're using the "for" attribute or "aria-labelledby" attribute correctly.

Ignored nodes: comments, script, style
[36m<body>[39m
  [36m<div>[39m
    [36m<div[39m
      [33mclass[39m=[32m"min-h-screen bg-gradient-to-br from-blue-50 to-indigo-100 p-2 sm:p-4"[39m
    [36m>[39m
      [36m<div[39m
        [33mclass[39m=[32m"max-w-2xl mx-auto"[39m
      [36m>[39m
        [36m<header[39m
          [33mclass[39m=[32m"text-center mb-4 sm:mb-8"[39m
        [36m>[39m
          [36m<div[39m
            [33mclass[39m=[32m"flex items-center justify-center gap-2 mb-2 sm:mb-4"[39m
          [36m>[39m
            [36m<svg[39m
              [33maria-hidden[39m=[32m"true"[39m
              [33mclass[39m=[32m"lucide lucide-chart-column w-6 h-6 sm:w-8 sm:h-8 text-blue-600"[39m
              [33mfill[39m=[32m"none"[39m
              [33mheight[39m=[32m"24"[39m
              [33mstroke[39m=[32m"currentColor"[39m
              [33mstroke-linecap[39m=[32m"round"[39m
              [33mstroke-linejoin[39m=[32m"round"[39m
              [33mstroke-width[39m=[32m"2"[39m
              [33mviewBox[39m=[32m"0 0 24 24"[39m
              [33mwidth[39m=[32m"24"[39m
              [33mxmlns[39m=[32m"http://www.w3.org/2000/svg"[39m
            [36m>[39m
              [36m<path[39m
                [33md[39m=[32m"M3 3v16a2 2 0 0 0 2 2h16"[39m
              [36m/>[39m
              [36m<path[39m
                [33md[39m=[32m"M18 17V9"[39m
              [36m/>[39m
              [36m<path[39m
                [33md[39m=[32m"M13 17V5"[39m
              [36m/>[39m
              [36m<path[39m
                [33md[39m=[32m"M8 17v-3"[39m
              [36m/>[39m
            [36m</svg>[39m
            [36m<h1[39m
              [33mclass[39m=[32m"text-2xl sm:text-4xl font-bold text-blue-600"[39m
            [36m>[39m
              [0mBetter Than 500[0m
            [36m</h1>[39m
          [36m</div>[39m
        [36m</header>[39m
        [36m<div[39m
          [33mclass[39m=[32m"bg-white rounded-2xl p-1 sm:p-2 shadow-lg mb-4 sm:mb-8"[39m
        [36m>[39m
          [36m<div[39m
            [33mclass[39m=[32m"grid grid-cols-2 gap-1 sm:gap-2"[39m
          [36m>[39m
            [36m<button[39m
              [33mclass[39m=[32m"flex items-center justify-center gap-2 sm:gap-3 px-3 sm:px-6 py-3 sm:py-4 rounded-xl transition-all duration-300 text-gray-600 hover:bg-gray-50 hover:text-blue-600"[39m
            [36m>[39m
              [36m<svg[39m
                [33maria-hidden[39m=[32m"true"[39m
                [33mclass[39m=[32m"lucide lucide-trending-up w-4 h-4 sm:w-5 sm:h-5"[39m
                [33mfill[39m=[32m"none"[39m
                [33mheight[39m=[32m"24"[39m
                [33mstroke[39m=[32m"currentColor"[39m
                [33mstroke-linecap[39m=[32m"round"[39m
                [33mstroke-linejoin[39m=[32m"round"[39m
                [33mstroke-width[39m=[32m"2"[39m
                [33mviewBox[39m=[32m"0 0 24 24"[39m
                [33mwidth[39m=[32m"24"[39m
                [33mxmlns[39m=[32m"http://www.w3.org/2000/svg"[39m
              [36m>[39m
                [36m<path[39m
                  [33md[39m=[32m"M16 7h6v6"[39m
                [36m/>[39m
                [36m<path[39m
                  [33md[39m=[32m"m22 7-8.5 8.5-5-5L2 17"[39m
                [36m/>[39m
              [36m</svg>[39m
              [36m<span[39m
                [33mclass[39m=[32m"font-semibold text-sm sm:text-base"[39m
              [36m>[39m
                [0mStocks/ETF[0m
              [36m</span>[39m
            [36m</button>[39m
            [36m<button[39m
              [33mclass[39m=[32m"flex items-center justify-center gap-2 sm:gap-3 px-3 sm:px-6 py-3 sm:py-4 rounded-xl transition-all duration-300 bg-blue-600 text-white shadow-lg transform scale-105"[39m
            [36m>[39m
              [36m<svg[39m
                [33maria-hidden[39m=[32m"true"[39m
                [33mclass[39m=[32m"lucide lucide-house w-4 h-4 sm:w-5 sm:h-5"[39m
                [33mfill[39m=[32m"none"[39m
                [33mheight[39m=[32m"24"[39m
                [33mstroke[39m=[32m"currentColor"[39m
                [33mstroke-linecap[39m=[32m"round"[39m
                [33mstroke-linejoin[39m=[32m"round"[39m
                [33mstroke-width[39m=[32m"2"[39m
                [33mviewBox[39m=[32m"0 0 24 24"[39m
                [33mwidth[39m=[32m"24"[39m
                [33mxmlns[39m=[32m"http://www.w3.org/2000/svg"[39m
              [36m>[39m
                [36m<path[39m
                  [33md[39m=[32m"M15 21v-8a1 1 0 0 0-1-1h-4a1 1 0 0 0-1 1v8"[39m
                [36m/>[39m
                [36m<path[39m
                  [33md[39m=[32m"M3 10a2 2 0 0 1 .709-1.528l7-5.999a2 2 0 0 1 2.582 0l7 5.999A2 2 0 0 1 21 10v9a2 2 0 0 1-2 2H5a2 2 0 0 1-2-2z"[39m
                [36m/>[39m
              [36m</svg>[39m
              [36m<span[39m
                [33mclass[39m=[32m"font-semibold text-sm sm:text-base"[39m
              [36m>[39m
                [0mReal Estate[0m
              [36m</span>[39m
            [36m</button>[39m
          [36m</div>[39m
        [36m</div>[39m
        [36m<div[39m
          [33mclass[39m=[32m"bg-white rounded-2xl shadow-xl p-4 sm:p-8 mb-4 sm:mb-8"[39m
        [36m>[39m
          [36m<form[39m
            [33mclass[39m=[32m"space-y-3 sm:space-y-6"[39m
          [36m>[39m
            [36m<div[39m
              [33mclass[39m=[32m"text-center mb-3 sm:mb-6"[39m
            [36m>[39m
              [36m<h2[39m
                [33mclass[39m=[32m"text-sm sm:text-lg font-bold text-gray-800"[39m
              [36m>[39m
                [0mHome vs Rent + S&P 500[0m
              [36m</h2>[39m
            [36m</div>[39m
            [36m<div>[39m
              [36m<label[39m
                [33mclass[39m=[32m"block text-xs sm:text-sm font-medium text-gray-700 mb-1 sm:mb-2"[39m
              [36m>[39m
                [0mInvestment Name[0m
              [36m</label>[39m
              [36m<input[39m
                [33mclass[39m=[32m"w-full px-2 sm:px-4 py-2 sm:py-3 text-sm border border-gray-300 rounded-lg focus:ring-2 focus:ring-blue-500 focus:border-blue-500"[39m
                [33mplaceholder[39m=[32m"My Property"[39m
                [33mtype[39m=[32m"text"[39m
                [33mvalue[39m=[32m"Real Estate Investment"[39m
              [36m/>[39m
            [36m</div>[39m
            [36m<div[39m
              [33mclass[39m=[32m"grid grid-cols-2 gap-2 sm:gap-4"[39m
            [36m>[39m
              [36m<div>[39m
                [36m<label[39m
                  [33mclass[39m=[32m"block text-xs sm:text-sm font-medium text-gray-700 mb-1 sm:mb-2"[39m
                [36m>[39m
                  [0mProperty ($)[0m
                [36m</label>[39m
                [36m<input[39m
                  [33mclass[39m=[32m"w-full px-2 sm:px-4 py-2 sm:py-3 text-sm border border-gray-300 rounded-lg focus:ring-2 focus:ring-blue-500 focus:border-blue-500"[39m
                  [33mmin[39m=[32m"0"[39m
                  [33mplaceholder[39m=[32m"500000"[39m
                  [33mrequired[39m=[32m""[39m
                  [33mstep[39m=[32m"any"[39m
                  [33mtype[39m=[32m"number"[39m
                  [33mvalue[39m=[32m"500000"[39m
                [36m/>[39m
              [36m</div>[39m
              [36m<div>[39m
                [36m<label[39m
                  [33mclass[39m=[32m"block text-xs sm:text-sm font-medium text-gray-700 mb-1 sm:mb-2"[39m
                [36m>[39m
                  [0mDown Pay ($)[0m
                [36m</label>[39m
                [36m<input[39m
                  [33mclass[39m=[32m"w-full px-2 sm:px-4 py-2 sm:py-3 text-sm border border-gray-300 rounded-lg focus:ring-2 focus:ring-blue-500 focus:border-blue-500"[39m
                  [33mmin[39m=[32m"0"[39m
                  [33mplaceholder[39m=[32m"100000"[39m
                  [33mrequired[39m=[32m""[39m
                  [33mstep[39m=[32m"any"[39m
                  [33mtype[39m=[32m"number"[39m
                  [33mvalue[39m=[32m"100000"[39m
                [36m/>[39m
              [36m</div>[39m
            [36m</div>[39m
            [36m<div[39m
              [33mclass[39m=[32m"grid grid-cols-2 gap-2 sm:gap-4"[39m
            [36m>[39m
              [36m<div>[39m
                [36m<label[39m
                  [33mclass[39m=[32m"block text-xs sm:text-sm font-medium text-gray-700 mb-1 sm:mb-2"[39m
                [36m>[39m
                  [0mMortgage (%)[0m
                [36m</label>[39m
                [36m<input[39m
                  [33mclass[39m=[32m"w-full px-2 sm:px-4 py-2 sm:py-3 text-sm border border-gray-300 rounded-lg focus:ring-2 focus:ring-blue-500 focus:border-blue-500"[39m
                  [33mmin[39m=[32m"0"[39m
                  [33mplaceholder[39m=[32m"4"[39m
                  [33mrequired[39m=[32m""[39m
                  [33mstep[39m=[32m"any"[39m
                  [33mtype[39m=[32m"number"[39m
                  [33mvalue[39m=[32m"4"[39m
                [36m/>[39m
              [36m</div>[39m
              [36m<div>[39m
                [36m<label[39m
                  [33mclass[39m=[32m"block text-xs sm:text-sm font-medium text-gray-700 mb-1 sm:mb-2"[39m
                [36m>[39m
                  [0mLoan Term (Y)[0m
                [36m</label>[39m
                [36m<input[39m
                  [33mclass[39m=[32m"w-full px-2 sm:px-4 py-2 sm:py-3 text-sm border border-gray-300 rounded-lg focus:ring-2 focus:ring-blue-500 focus:border-blue-500"[39m
                  [33mmin[39m=[32m"1"[39m
                  [33mplaceholder[39m=[32m"30"[39m
                  [33mrequired[39m=[32m""[39m
                  [33mstep[39m=[32m"1"[39m
                  [33mtype[39m=[32m"number"[39m
                  [33mvalue[39m=[32m"30"[39m
                [36m/>[39m
              [36m</div>[39m
            [36m</div>[39m
            [36m<div>[39m
              [36m<label[39m
                [33mclass[39m=[32m"block text-xs sm:text-sm font-medium text-gray-700 mb-1 sm:mb-2"[39m
              [36m>[39m
                [0mComparable Rent ($)[0m
                [36m<span[39m
                  [33mclass[39m=[32m"block text-xs text-gray-500 font-normal"[39m
                [36m>[39m
                  [0mSimilar property monthly rent[0m
                [36m</span>[39m
              [36m</label>[39m
              [36m<input[39m
                [33mclass[39m=[32m"w-full px-2 sm:px-4 py-2 sm:py-3 text-sm border border-gray-300 rounded-lg focus:ring-2 focus:ring-blue-500 focus:border-blue-500"[39m
                [33mmin[39m=[32m"0"[39m
                [33mplaceholder[39m=[32m"1800"[39m
                [33mrequired[39m=[32m""[39m
                [33mstep[39m=[32m"any"[39m
                [33mtype[39m=[32m"number"[39m
                [33mvalue[39m=[32m"1800"[39m
              [36m/>[39m
            [36m</div>[39m
            [36m<div[39m
              [33mclass[39m=[32m"grid grid-cols-2 gap-2 sm:gap-4"[39m
            [36m>[39m
              [36m<div>[39m
                [36m<label[39m
                  [33mclass[39m=[32m"block text-xs sm:text-sm font-medium text-gray-700 mb-1 sm:mb-2"[39m
                [36m>[39m
                  [0mTax ($)[0m
                [36m</label>[39m
                [36m<input[39m
                  [33mclass[39m=[32m"w-full px-2 sm:px-4 py-2 sm:py-3 text-sm border border-gray-300 rounded-lg focus:ring-2 focus:ring-blue-500 focus:border-blue-500"[39m
                  [33mmin[39m=[32m"0"[39m
                  [33mplaceholder[39m=[32m"150"[39m
                  [33mrequired[39m=[32m""[39m
                  [33mstep[39m=[32m"any"[39m
                  [33mtype[39m=[32m"number"[39m
                  [33mvalue[39m=[32m"150"[39m
                [36m/>[39m
              [36m</div>[39m
              [36m<div>[39m
                [36m<label[39m
                  [33mclass[39m=[32m"block text-xs sm:text-sm font-medium text-gray-700 mb-1 sm:mb-2"[39m
                [36m>[39m
                  [0mHOA ($)[0m
                [36m</label>[39m
                [36m<input[39m
                  [33mclass[39m=[32m"w-full px-2 sm:px-4 py-2 sm:py-3 text-sm border border-gray-300 rounded-lg focus:ring-2 focus:ring-blue-500 focus:border-blue-500"[39m
                  [33mmin[39m=[32m"0"[39m
                  [33mplaceholder[39m=[32m"250"[39m
                  [33mrequired[39m=[32m""[39m
                  [33mstep[39m=[32m"any"[39m
                  [33mtype[39m=[32m"number"[39m
                  [33mvalue[39m=[32m"250"[39m
                [36m/>[39m
              [36m</div>[39m
            [36m</div>[39m
            [36m<div[39m
              [33mclass[39m=[32m"grid grid-cols-2 gap-2 sm:gap-4"[39m
            [36m>[39m
              [36m<div>[39m
                [36m<label[39m
                  [33mclass[39m=[32m"block text-xs sm:text-sm font-medium text-gray-700 mb-1 sm:mb-2"[39m
                [36m>[39m
                  [0mInsurance ($)[0m
                [36m</label>[39m
                [36m<input[39m
                  [33mclass[39m=[32m"w-full px-2 sm:px-4 py-2 sm:py-3 text-sm border border-gray-300 rounded-lg focus:ring-2 focus:ring-blue-500 focus:border-blue-500"[39m
                  [33mmin[39m=[32m"0"[39m
                  [33mplaceholder[39m=[32m"150"[39m
                  [33mrequired[39m=[32m""[39m
                  [33mstep[39m=[32m"any"[39m
                  [33mtype[39m=[32m"number"[39m
                  [33mvalue[39m=[32m"150"[39m
                [36m/>[39m
              [36m</div>[39m
              [36m<div>[39m
                [36m<label[39m
                  [33mclass[39m=[32m"block text-xs sm:text-sm font-medium text-gray-700 mb-1 sm:mb-2"[39m
                [36m>[39m
                  [0mMaintenance ($)[0m
                [36m</label>[39m
                [36m<input[39m
                  [33mclass[39m=[32m"w-full px-2 sm:px-4 py-2 sm:py-3 text-sm border border-gray-300 rounded-lg focus:ring-2 focus:ring-blue-500 focus:border-blue-500"[39m
                  [33mmin[39m=[32m"0"[39m
                  [33mplaceholder[39m=[32m"75"[39m
                  [33mrequired[39m=[32m""[39m
                  [33mstep[39m=[32m"any"[39m
                  [33mtype[39m=[32m"number"[39m
                  [33mvalue[39m=[32m"75"[39m
                [36m/>[39m
              [36m</div>[39m
            [36m</div>[39m
            [36m<div[39m
              [33mclass[39m=[32m"grid grid-cols-2 gap-2 sm:gap-4"[39m
            [36m>[39m
              [36m<div>[39m
                [36m<label[39m
                  [33mclass[39m=[32m"block text-xs sm:text-sm font-medium text-gray-700 mb-1 sm:mb-2"[39m
                [36m>[39m
                  [0mAppreciation (%)[0m
                [36m</label>[39m
                [36m<input[39m
                  [33mclass[39m=[32m"w-full px-2 sm:px-4 py-2 sm:py-3 text-sm border border-gray-300 rounded-lg focus:ring-2 focus:ring-blue-500 focus:border-blue-500"[39m
                  [33mmin[39m=[32m"0"[39m
                  [33mplaceholder[39m=[32m"3"[39m
                  [33mrequired[39m=[32m""[39m
                  [33mstep[39m=[32m"any"[39m
                  [33mtype[39m=[32m"number"[39m
                  [33mvalue[39m=[32m"3"[39m
                [36m/>[39m
              [36m</div>[39m
              [36m<div>[39m
                [36m<label[39m
                  [33mclass[39m=[32m"block text-xs sm:text-sm font-medium text-gray-700 mb-1 sm:mb-2"[39m
                [36m>[39m
                  [0mYears[0m
                [36m</label>[39m
                [36m<input[39m
                  [33mclass[39m=[32m"w-full px-2 sm:px-4 py-2 sm:py-3 text-sm border border-gray-300 rounded-lg focus:ring-2 focus:ring-blue-500 focus:border-blue-500"[39m
                  [33mmax[39m=[32m"50"[39m
                  [33mmin[39m=[32m"1"[39m
                  [33mplaceholder[39m=[32m"10"[39m
                  [33mrequired[39m=[32m""[39m
                  [33mtype[39m=[32m"number"[39m
                  [33mvalue[39m=[32m"10"[39m
                [36m/>[39m
              [36m</div>[39m
            [36m</div>[39m
            [36m<button[39m
              [33mclass[39m=[32m"w-full bg-blue-600 hover:bg-blue-700 text-white font-semibold py-3 sm:py-4 px-4 sm:px-6 rounded-lg transition-colors flex items-center justify-center gap-2 text-sm sm:text-base"[39m
              [33mtype[39m=[32m"submit"[39m
            [36m>[39m
              [36m<span>[39m
                [0m🏠[0m
              [36m</span>[39m
              [0mCalculate Returns[0m
            [36m</button>[39m
          [36m</form>[39m
        [36m</div>[39m
      [36m</div>[39m
    [36m</div>[39m
  [36m</div>[39m
[36m</body>[39m
   ✓ App Integration > should show detailed breakdown when requested 82ms
   ✓ App Integration > should clear results when new calculation button is clicked 50ms
   ✓ App Integration > should clear results when switching tabs 51ms
   × App Integration > should handle form validation errors 10ms
     → Found a label with the text of: /Initial/, however no form control was found associated to that label. Make sure you're using the "for" attribute or "aria-labelledby" attribute correctly.

Ignored nodes: comments, script, style
[36m<body>[39m
  [36m<div>[39m
    [36m<div[39m
      [33mclass[39m=[32m"min-h-screen bg-gradient-to-br from-blue-50 to-indigo-100 p-2 sm:p-4"[39m
    [36m>[39m
      [36m<div[39m
        [33mclass[39m=[32m"max-w-2xl mx-auto"[39m
      [36m>[39m
        [36m<header[39m
          [33mclass[39m=[32m"text-center mb-4 sm:mb-8"[39m
        [36m>[39m
          [36m<div[39m
            [33mclass[39m=[32m"flex items-center justify-center gap-2 mb-2 sm:mb-4"[39m
          [36m>[39m
            [36m<svg[39m
              [33maria-hidden[39m=[32m"true"[39m
              [33mclass[39m=[32m"lucide lucide-chart-column w-6 h-6 sm:w-8 sm:h-8 text-blue-600"[39m
              [33mfill[39m=[32m"none"[39m
              [33mheight[39m=[32m"24"[39m
              [33mstroke[39m=[32m"currentColor"[39m
              [33mstroke-linecap[39m=[32m"round"[39m
              [33mstroke-linejoin[39m=[32m"round"[39m
              [33mstroke-width[39m=[32m"2"[39m
              [33mviewBox[39m=[32m"0 0 24 24"[39m
              [33mwidth[39m=[32m"24"[39m
              [33mxmlns[39m=[32m"http://www.w3.org/2000/svg"[39m
            [36m>[39m
              [36m<path[39m
                [33md[39m=[32m"M3 3v16a2 2 0 0 0 2 2h16"[39m
              [36m/>[39m
              [36m<path[39m
                [33md[39m=[32m"M18 17V9"[39m
              [36m/>[39m
              [36m<path[39m
                [33md[39m=[32m"M13 17V5"[39m
              [36m/>[39m
              [36m<path[39m
                [33md[39m=[32m"M8 17v-3"[39m
              [36m/>[39m
            [36m</svg>[39m
            [36m<h1[39m
              [33mclass[39m=[32m"text-2xl sm:text-4xl font-bold text-blue-600"[39m
            [36m>[39m
              [0mBetter Than 500[0m
            [36m</h1>[39m
          [36m</div>[39m
        [36m</header>[39m
        [36m<div[39m
          [33mclass[39m=[32m"bg-white rounded-2xl p-1 sm:p-2 shadow-lg mb-4 sm:mb-8"[39m
        [36m>[39m
          [36m<div[39m
            [33mclass[39m=[32m"grid grid-cols-2 gap-1 sm:gap-2"[39m
          [36m>[39m
            [36m<button[39m
              [33mclass[39m=[32m"flex items-center justify-center gap-2 sm:gap-3 px-3 sm:px-6 py-3 sm:py-4 rounded-xl transition-all duration-300 bg-blue-600 text-white shadow-lg transform scale-105"[39m
            [36m>[39m
              [36m<svg[39m
                [33maria-hidden[39m=[32m"true"[39m
                [33mclass[39m=[32m"lucide lucide-trending-up w-4 h-4 sm:w-5 sm:h-5"[39m
                [33mfill[39m=[32m"none"[39m
                [33mheight[39m=[32m"24"[39m
                [33mstroke[39m=[32m"currentColor"[39m
                [33mstroke-linecap[39m=[32m"round"[39m
                [33mstroke-linejoin[39m=[32m"round"[39m
                [33mstroke-width[39m=[32m"2"[39m
                [33mviewBox[39m=[32m"0 0 24 24"[39m
                [33mwidth[39m=[32m"24"[39m
                [33mxmlns[39m=[32m"http://www.w3.org/2000/svg"[39m
              [36m>[39m
                [36m<path[39m
                  [33md[39m=[32m"M16 7h6v6"[39m
                [36m/>[39m
                [36m<path[39m
                  [33md[39m=[32m"m22 7-8.5 8.5-5-5L2 17"[39m
                [36m/>[39m
              [36m</svg>[39m
              [36m<span[39m
                [33mclass[39m=[32m"font-semibold text-sm sm:text-base"[39m
              [36m>[39m
                [0mStocks/ETF[0m
              [36m</span>[39m
            [36m</button>[39m
            [36m<button[39m
              [33mclass[39m=[32m"flex items-center justify-center gap-2 sm:gap-3 px-3 sm:px-6 py-3 sm:py-4 rounded-xl transition-all duration-300 text-gray-600 hover:bg-gray-50 hover:text-blue-600"[39m
            [36m>[39m
              [36m<svg[39m
                [33maria-hidden[39m=[32m"true"[39m
                [33mclass[39m=[32m"lucide lucide-house w-4 h-4 sm:w-5 sm:h-5"[39m
                [33mfill[39m=[32m"none"[39m
                [33mheight[39m=[32m"24"[39m
                [33mstroke[39m=[32m"currentColor"[39m
                [33mstroke-linecap[39m=[32m"round"[39m
                [33mstroke-linejoin[39m=[32m"round"[39m
                [33mstroke-width[39m=[32m"2"[39m
                [33mviewBox[39m=[32m"0 0 24 24"[39m
                [33mwidth[39m=[32m"24"[39m
                [33mxmlns[39m=[32m"http://www.w3.org/2000/svg"[39m
              [36m>[39m
                [36m<path[39m
                  [33md[39m=[32m"M15 21v-8a1 1 0 0 0-1-1h-4a1 1 0 0 0-1 1v8"[39m
                [36m/>[39m
                [36m<path[39m
                  [33md[39m=[32m"M3 10a2 2 0 0 1 .709-1.528l7-5.999a2 2 0 0 1 2.582 0l7 5.999A2 2 0 0 1 21 10v9a2 2 0 0 1-2 2H5a2 2 0 0 1-2-2z"[39m
                [36m/>[39m
              [36m</svg>[39m
              [36m<span[39m
                [33mclass[39m=[32m"font-semibold text-sm sm:text-base"[39m
              [36m>[39m
                [0mReal Estate[0m
              [36m</span>[39m
            [36m</button>[39m
          [36m</div>[39m
        [36m</div>[39m
        [36m<div[39m
          [33mclass[39m=[32m"bg-white rounded-2xl shadow-xl p-4 sm:p-8 mb-4 sm:mb-8"[39m
        [36m>[39m
          [36m<form[39m
            [33mclass[39m=[32m"space-y-3 sm:space-y-6"[39m
          [36m>[39m
            [36m<div[39m
              [33mclass[39m=[32m"text-center mb-3 sm:mb-6"[39m
            [36m>[39m
              [36m<h2[39m
                [33mclass[39m=[32m"text-sm sm:text-lg font-bold text-gray-800"[39m
              [36m>[39m
                [0mCompare Stocks/ETFs vs S&P 500[0m
              [36m</h2>[39m
            [36m</div>[39m
            [36m<div>[39m
              [36m<label[39m
                [33mclass[39m=[32m"block text-xs sm:text-sm font-medium text-gray-700 mb-1 sm:mb-2"[39m
              [36m>[39m
                [0mQuick Presets 🚀[0m
              [36m</label>[39m
              [36m<select[39m
                [33mclass[39m=[32m"w-full px-2 sm:px-4 py-2 sm:py-3 text-sm border border-gray-300 rounded-lg focus:ring-2 focus:ring-blue-500 focus:border-blue-500 bg-white"[39m
              [36m>[39m
                [36m<option[39m
                  [33mselected[39m=[32m""[39m
                  [33mvalue[39m=[32m""[39m
                [36m>[39m
                  [0mChoose preset...[0m
                [36m</option>[39m
                [36m<option[39m
                  [33mvalue[39m=[32m"0"[39m
                [36m>[39m
                  [0mS&P 500 Index Fund[0m
                  [0m — [0m
                  [0m7[0m
                  [0m% return[0m
                [36m</option>[39m
                [36m<option[39m
                  [33mvalue[39m=[32m"1"[39m
                [36m>[39m
                  [0mNASDAQ 100[0m
                  [0m — [0m
                  [0m10[0m
                  [0m% return[0m
                [36m</option>[39m
                [36m<option[39m
                  [33mvalue[39m=[32m"2"[39m
                [36m>[39m
                  [0mConservative Bonds[0m
                  [0m — [0m
                  [0m4[0m
                  [0m% return[0m
                [36m</option>[39m
                [36m<option[39m
                  [33mvalue[39m=[32m"3"[39m
                [36m>[39m
                  [0mHigh Growth Tech[0m
                  [0m — [0m
                  [0m12[0m
                  [0m% return[0m
                [36m</option>[39m
                [36m<option[39m
                  [33mvalue[39m=[32m"4"[39m
                [36m>[39m
                  [0mDividend Aristocrats[0m
                  [0m — [0m
                  [0m8[0m
                  [0m% return[0m
                [36m</option>[39m
              [36m</select>[39m
            [36m</div>[39m
            [36m<div>[39m
              [36m<label[39m
                [33mclass[39m=[32m"block text-xs sm:text-sm font-medium text-gray-700 mb-1 sm:mb-2"[39m
              [36m>[39m
                [0mInvestment Name[0m
              [36m</label>[39m
              [36m<input[39m
                [33mclass[39m=[32m"w-full px-2 sm:px-4 py-2 sm:py-3 text-sm border border-gray-300 rounded-lg focus:ring-2 focus:ring-blue-500 focus:border-blue-500"[39m
                [33mplaceholder[39m=[32m"e.g., VFIAX, QQQ"[39m
                [33mtype[39m=[32m"text"[39m
                [33mvalue[39m=[32m"S&P 500"[39m
              [36m/>[39m
            [36m</div>[39m
            [36m<div[39m
              [33mclass[39m=[32m"grid grid-cols-2 gap-2 sm:gap-4"[39m
            [36m>[39m
              [36m<div>[39m
                [36m<label[39m
                  [33mclass[39m=[32m"block text-xs sm:text-sm font-medium text-gray-700 mb-1 sm:mb-2"[39m
                [36m>[39m
                  [0mInitial ($)[0m
                [36m</label>[39m
                [36m<input[39m
                  [33mclass[39m=[32m"w-full px-2 sm:px-4 py-2 sm:py-3 text-sm border border-gray-300 rounded-lg focus:ring-2 focus:ring-blue-500 focus:border-blue-500"[39m
                  [33mmin[39m=[32m"0"[39m
                  [33mplaceholder[39m=[32m"1000"[39m
                  [33mrequired[39m=[32m""[39m
                  [33mstep[39m=[32m"any"[39m
                  [33mtype[39m=[32m"number"[39m
                  [33mvalue[39m=[32m"1000"[39m
                [36m/>[39m
              [36m</div>[39m
              [36m<div>[39m
                [36m<label[39m
                  [33mclass[39m=[32m"block text-xs sm:text-sm font-medium text-gray-700 mb-1 sm:mb-2"[39m
                [36m>[39m
                  [0mMonthly ($)[0m
                [36m</label>[39m
                [36m<input[39m
                  [33mclass[39m=[32m"w-full px-2 sm:px-4 py-2 sm:py-3 text-sm border border-gray-300 rounded-lg focus:ring-2 focus:ring-blue-500 focus:border-blue-500"[39m
                  [33mmin[39m=[32m"0"[39m
                  [33mplaceholder[39m=[32m"100"[39m
                  [33mstep[39m=[32m"any"[39m
                  [33mtype[39m=[32m"number"[39m
                  [33mvalue[39m=[32m"100"[39m
                [36m/>[39m
              [36m</div>[39m
            [36m</div>[39m
            [36m<div[39m
              [33mclass[39m=[32m"grid grid-cols-2 gap-2 sm:gap-4"[39m
            [36m>[39m
              [36m<div>[39m
                [36m<label[39m
                  [33mclass[39m=[32m"block text-xs sm:text-sm font-medium text-gray-700 mb-1 sm:mb-2"[39m
                [36m>[39m
                  [0mReturn (%)[0m
                [36m</label>[39m
                [36m<input[39m
                  [33mclass[39m=[32m"w-full px-2 sm:px-4 py-2 sm:py-3 text-sm border border-gray-300 rounded-lg focus:ring-2 focus:ring-blue-500 focus:border-blue-500"[39m
                  [33mmin[39m=[32m"0"[39m
                  [33mplaceholder[39m=[32m"7"[39m
                  [33mrequired[39m=[32m""[39m
                  [33mstep[39m=[32m"any"[39m
                  [33mtype[39m=[32m"number"[39m
                  [33mvalue[39m=[32m"7"[39m
                [36m/>[39m
              [36m</div>[39m
              [36m<div>[39m
                [36m<label[39m
                  [33mclass[39m=[32m"block text-xs sm:text-sm font-medium text-gray-700 mb-1 sm:mb-2"[39m
                [36m>[39m
                  [0mFees (%)[0m
                [36m</label>[39m
                [36m<input[39m
                  [33mclass[39m=[32m"w-full px-2 sm:px-4 py-2 sm:py-3 text-sm border border-gray-300 rounded-lg focus:ring-2 focus:ring-blue-500 focus:border-blue-500"[39m
                  [33mmin[39m=[32m"0"[39m
                  [33mplaceholder[39m=[32m"0.1"[39m
                  [33mstep[39m=[32m"any"[39m
                  [33mtype[39m=[32m"number"[39m
                  [33mvalue[39m=[32m"0.1"[39m
                [36m/>[39m
              [36m</div>[39m
            [36m</div>[39m
            [36m<div>[39m
              [36m<label[39m
                [33mclass[39m=[32m"block text-xs sm:text-sm font-medium text-gray-700 mb-1 sm:mb-2"[39m
              [36m>[39m
                [0mYears[0m
              [36m</label>[39m
              [36m<input[39m
                [33mclass[39m=[32m"w-full px-2 sm:px-4 py-2 sm:py-3 text-sm border border-gray-300 rounded-lg focus:ring-2 focus:ring-blue-500 focus:border-blue-500"[39m
                [33mmax[39m=[32m"50"[39m
                [33mmin[39m=[32m"1"[39m
                [33mplaceholder[39m=[32m"10"[39m
                [33mrequired[39m=[32m""[39m
                [33mtype[39m=[32m"number"[39m
                [33mvalue[39m=[32m"10"[39m
              [36m/>[39m
            [36m</div>[39m
            [36m<button[39m
              [33mclass[39m=[32m"w-full bg-blue-600 hover:bg-blue-700 text-white font-semibold py-3 sm:py-4 px-4 sm:px-6 rounded-lg transition-colors flex items-center justify-center gap-2 text-sm sm:text-base"[39m
              [33mtype[39m=[32m"submit"[39m
            [36m>[39m
              [36m<span>[39m
                [0m📊[0m
              [36m</span>[39m
              [0mCompare with S&P 500[0m
            [36m</button>[39m
          [36m</form>[39m
        [36m</div>[39m
      [36m</div>[39m
    [36m</div>[39m
  [36m</div>[39m
[36m</body>[39m

⎯⎯⎯⎯⎯⎯ Failed Tests 28 ⎯⎯⎯⎯⎯⎯⎯

 FAIL  src/test/App.test.tsx > App Integration > should complete full stock investment flow
TestingLibraryElementError: Found a label with the text of: /Investment Name/, however no form control was found associated to that label. Make sure you're using the "for" attribute or "aria-labelledby" attribute correctly.

Ignored nodes: comments, script, style
[36m<body>[39m
  [36m<div>[39m
    [36m<div[39m
      [33mclass[39m=[32m"min-h-screen bg-gradient-to-br from-blue-50 to-indigo-100 p-2 sm:p-4"[39m
    [36m>[39m
      [36m<div[39m
        [33mclass[39m=[32m"max-w-2xl mx-auto"[39m
      [36m>[39m
        [36m<header[39m
          [33mclass[39m=[32m"text-center mb-4 sm:mb-8"[39m
        [36m>[39m
          [36m<div[39m
            [33mclass[39m=[32m"flex items-center justify-center gap-2 mb-2 sm:mb-4"[39m
          [36m>[39m
            [36m<svg[39m
              [33maria-hidden[39m=[32m"true"[39m
              [33mclass[39m=[32m"lucide lucide-chart-column w-6 h-6 sm:w-8 sm:h-8 text-blue-600"[39m
              [33mfill[39m=[32m"none"[39m
              [33mheight[39m=[32m"24"[39m
              [33mstroke[39m=[32m"currentColor"[39m
              [33mstroke-linecap[39m=[32m"round"[39m
              [33mstroke-linejoin[39m=[32m"round"[39m
              [33mstroke-width[39m=[32m"2"[39m
              [33mviewBox[39m=[32m"0 0 24 24"[39m
              [33mwidth[39m=[32m"24"[39m
              [33mxmlns[39m=[32m"http://www.w3.org/2000/svg"[39m
            [36m>[39m
              [36m<path[39m
                [33md[39m=[32m"M3 3v16a2 2 0 0 0 2 2h16"[39m
              [36m/>[39m
              [36m<path[39m
                [33md[39m=[32m"M18 17V9"[39m
              [36m/>[39m
              [36m<path[39m
                [33md[39m=[32m"M13 17V5"[39m
              [36m/>[39m
              [36m<path[39m
                [33md[39m=[32m"M8 17v-3"[39m
              [36m/>[39m
            [36m</svg>[39m
            [36m<h1[39m
              [33mclass[39m=[32m"text-2xl sm:text-4xl font-bold text-blue-600"[39m
            [36m>[39m
              [0mBetter Than 500[0m
            [36m</h1>[39m
          [36m</div>[39m
        [36m</header>[39m
        [36m<div[39m
          [33mclass[39m=[32m"bg-white rounded-2xl p-1 sm:p-2 shadow-lg mb-4 sm:mb-8"[39m
        [36m>[39m
          [36m<div[39m
            [33mclass[39m=[32m"grid grid-cols-2 gap-1 sm:gap-2"[39m
          [36m>[39m
            [36m<button[39m
              [33mclass[39m=[32m"flex items-center justify-center gap-2 sm:gap-3 px-3 sm:px-6 py-3 sm:py-4 rounded-xl transition-all duration-300 bg-blue-600 text-white shadow-lg transform scale-105"[39m
            [36m>[39m
              [36m<svg[39m
                [33maria-hidden[39m=[32m"true"[39m
                [33mclass[39m=[32m"lucide lucide-trending-up w-4 h-4 sm:w-5 sm:h-5"[39m
                [33mfill[39m=[32m"none"[39m
                [33mheight[39m=[32m"24"[39m
                [33mstroke[39m=[32m"currentColor"[39m
                [33mstroke-linecap[39m=[32m"round"[39m
                [33mstroke-linejoin[39m=[32m"round"[39m
                [33mstroke-width[39m=[32m"2"[39m
                [33mviewBox[39m=[32m"0 0 24 24"[39m
                [33mwidth[39m=[32m"24"[39m
                [33mxmlns[39m=[32m"http://www.w3.org/2000/svg"[39m
              [36m>[39m
                [36m<path[39m
                  [33md[39m=[32m"M16 7h6v6"[39m
                [36m/>[39m
                [36m<path[39m
                  [33md[39m=[32m"m22 7-8.5 8.5-5-5L2 17"[39m
                [36m/>[39m
              [36m</svg>[39m
              [36m<span[39m
                [33mclass[39m=[32m"font-semibold text-sm sm:text-base"[39m
              [36m>[39m
                [0mStocks/ETF[0m
              [36m</span>[39m
            [36m</button>[39m
            [36m<button[39m
              [33mclass[39m=[32m"flex items-center justify-center gap-2 sm:gap-3 px-3 sm:px-6 py-3 sm:py-4 rounded-xl transition-all duration-300 text-gray-600 hover:bg-gray-50 hover:text-blue-600"[39m
            [36m>[39m
              [36m<svg[39m
                [33maria-hidden[39m=[32m"true"[39m
                [33mclass[39m=[32m"lucide lucide-house w-4 h-4 sm:w-5 sm:h-5"[39m
                [33mfill[39m=[32m"none"[39m
                [33mheight[39m=[32m"24"[39m
                [33mstroke[39m=[32m"currentColor"[39m
                [33mstroke-linecap[39m=[32m"round"[39m
                [33mstroke-linejoin[39m=[32m"round"[39m
                [33mstroke-width[39m=[32m"2"[39m
                [33mviewBox[39m=[32m"0 0 24 24"[39m
                [33mwidth[39m=[32m"24"[39m
                [33mxmlns[39m=[32m"http://www.w3.org/2000/svg"[39m
              [36m>[39m
                [36m<path[39m
                  [33md[39m=[32m"M15 21v-8a1 1 0 0 0-1-1h-4a1 1 0 0 0-1 1v8"[39m
                [36m/>[39m
                [36m<path[39m
                  [33md[39m=[32m"M3 10a2 2 0 0 1 .709-1.528l7-5.999a2 2 0 0 1 2.582 0l7 5.999A2 2 0 0 1 21 10v9a2 2 0 0 1-2 2H5a2 2 0 0 1-2-2z"[39m
                [36m/>[39m
              [36m</svg>[39m
              [36m<span[39m
                [33mclass[39m=[32m"font-semibold text-sm sm:text-base"[39m
              [36m>[39m
                [0mReal Estate[0m
              [36m</span>[39m
            [36m</button>[39m
          [36m</div>[39m
        [36m</div>[39m
        [36m<div[39m
          [33mclass[39m=[32m"bg-white rounded-2xl shadow-xl p-4 sm:p-8 mb-4 sm:mb-8"[39m
        [36m>[39m
          [36m<form[39m
            [33mclass[39m=[32m"space-y-3 sm:space-y-6"[39m
          [36m>[39m
            [36m<div[39m
              [33mclass[39m=[32m"text-center mb-3 sm:mb-6"[39m
            [36m>[39m
              [36m<h2[39m
                [33mclass[39m=[32m"text-sm sm:text-lg font-bold text-gray-800"[39m
              [36m>[39m
                [0mCompare Stocks/ETFs vs S&P 500[0m
              [36m</h2>[39m
            [36m</div>[39m
            [36m<div>[39m
              [36m<label[39m
                [33mclass[39m=[32m"block text-xs sm:text-sm font-medium text-gray-700 mb-1 sm:mb-2"[39m
              [36m>[39m
                [0mQuick Presets 🚀[0m
              [36m</label>[39m
              [36m<select[39m
                [33mclass[39m=[32m"w-full px-2 sm:px-4 py-2 sm:py-3 text-sm border border-gray-300 rounded-lg focus:ring-2 focus:ring-blue-500 focus:border-blue-500 bg-white"[39m
              [36m>[39m
                [36m<option[39m
                  [33mselected[39m=[32m""[39m
                  [33mvalue[39m=[32m""[39m
                [36m>[39m
                  [0mChoose preset...[0m
                [36m</option>[39m
                [36m<option[39m
                  [33mvalue[39m=[32m"0"[39m
                [36m>[39m
                  [0mS&P 500 Index Fund[0m
                  [0m — [0m
                  [0m7[0m
                  [0m% return[0m
                [36m</option>[39m
                [36m<option[39m
                  [33mvalue[39m=[32m"1"[39m
                [36m>[39m
                  [0mNASDAQ 100[0m
                  [0m — [0m
                  [0m10[0m
                  [0m% return[0m
                [36m</option>[39m
                [36m<option[39m
                  [33mvalue[39m=[32m"2"[39m
                [36m>[39m
                  [0mConservative Bonds[0m
                  [0m — [0m
                  [0m4[0m
                  [0m% return[0m
                [36m</option>[39m
                [36m<option[39m
                  [33mvalue[39m=[32m"3"[39m
                [36m>[39m
                  [0mHigh Growth Tech[0m
                  [0m — [0m
                  [0m12[0m
                  [0m% return[0m
                [36m</option>[39m
                [36m<option[39m
                  [33mvalue[39m=[32m"4"[39m
                [36m>[39m
                  [0mDividend Aristocrats[0m
                  [0m — [0m
                  [0m8[0m
                  [0m% return[0m
                [36m</option>[39m
              [36m</select>[39m
            [36m</div>[39m
            [36m<div>[39m
              [36m<label[39m
                [33mclass[39m=[32m"block text-xs sm:text-sm font-medium text-gray-700 mb-1 sm:mb-2"[39m
              [36m>[39m
                [0mInvestment Name[0m
              [36m</label>[39m
              [36m<input[39m
                [33mclass[39m=[32m"w-full px-2 sm:px-4 py-2 sm:py-3 text-sm border border-gray-300 rounded-lg focus:ring-2 focus:ring-blue-500 focus:border-blue-500"[39m
                [33mplaceholder[39m=[32m"e.g., VFIAX, QQQ"[39m
                [33mtype[39m=[32m"text"[39m
                [33mvalue[39m=[32m"S&P 500"[39m
              [36m/>[39m
            [36m</div>[39m
            [36m<div[39m
              [33mclass[39m=[32m"grid grid-cols-2 gap-2 sm:gap-4"[39m
            [36m>[39m
              [36m<div>[39m
                [36m<label[39m
                  [33mclass[39m=[32m"block text-xs sm:text-sm font-medium text-gray-700 mb-1 sm:mb-2"[39m
                [36m>[39m
                  [0mInitial ($)[0m
                [36m</label>[39m
                [36m<input[39m
                  [33mclass[39m=[32m"w-full px-2 sm:px-4 py-2 sm:py-3 text-sm border border-gray-300 rounded-lg focus:ring-2 focus:ring-blue-500 focus:border-blue-500"[39m
                  [33mmin[39m=[32m"0"[39m
                  [33mplaceholder[39m=[32m"1000"[39m
                  [33mrequired[39m=[32m""[39m
                  [33mstep[39m=[32m"any"[39m
                  [33mtype[39m=[32m"number"[39m
                  [33mvalue[39m=[32m"1000"[39m
                [36m/>[39m
              [36m</div>[39m
              [36m<div>[39m
                [36m<label[39m
                  [33mclass[39m=[32m"block text-xs sm:text-sm font-medium text-gray-700 mb-1 sm:mb-2"[39m
                [36m>[39m
                  [0mMonthly ($)[0m
                [36m</label>[39m
                [36m<input[39m
                  [33mclass[39m=[32m"w-full px-2 sm:px-4 py-2 sm:py-3 text-sm border border-gray-300 rounded-lg focus:ring-2 focus:ring-blue-500 focus:border-blue-500"[39m
                  [33mmin[39m=[32m"0"[39m
                  [33mplaceholder[39m=[32m"100"[39m
                  [33mstep[39m=[32m"any"[39m
                  [33mtype[39m=[32m"number"[39m
                  [33mvalue[39m=[32m"100"[39m
                [36m/>[39m
              [36m</div>[39m
            [36m</div>[39m
            [36m<div[39m
              [33mclass[39m=[32m"grid grid-cols-2 gap-2 sm:gap-4"[39m
            [36m>[39m
              [36m<div>[39m
                [36m<label[39m
                  [33mclass[39m=[32m"block text-xs sm:text-sm font-medium text-gray-700 mb-1 sm:mb-2"[39m
                [36m>[39m
                  [0mReturn (%)[0m
                [36m</label>[39m
                [36m<input[39m
                  [33mclass[39m=[32m"w-full px-2 sm:px-4 py-2 sm:py-3 text-sm border border-gray-300 rounded-lg focus:ring-2 focus:ring-blue-500 focus:border-blue-500"[39m
                  [33mmin[39m=[32m"0"[39m
                  [33mplaceholder[39m=[32m"7"[39m
                  [33mrequired[39m=[32m""[39m
                  [33mstep[39m=[32m"any"[39m
                  [33mtype[39m=[32m"number"[39m
                  [33mvalue[39m=[32m"7"[39m
                [36m/>[39m
              [36m</div>[39m
              [36m<div>[39m
                [36m<label[39m
                  [33mclass[39m=[32m"block text-xs sm:text-sm font-medium text-gray-700 mb-1 sm:mb-2"[39m
                [36m>[39m
                  [0mFees (%)[0m
                [36m</label>[39m
                [36m<input[39m
                  [33mclass[39m=[32m"w-full px-2 sm:px-4 py-2 sm:py-3 text-sm border border-gray-300 rounded-lg focus:ring-2 focus:ring-blue-500 focus:border-blue-500"[39m
                  [33mmin[39m=[32m"0"[39m
                  [33mplaceholder[39m=[32m"0.1"[39m
                  [33mstep[39m=[32m"any"[39m
                  [33mtype[39m=[32m"number"[39m
                  [33mvalue[39m=[32m"0.1"[39m
                [36m/>[39m
              [36m</div>[39m
            [36m</div>[39m
            [36m<div>[39m
              [36m<label[39m
                [33mclass[39m=[32m"block text-xs sm:text-sm font-medium text-gray-700 mb-1 sm:mb-2"[39m
              [36m>[39m
                [0mYears[0m
              [36m</label>[39m
              [36m<input[39m
                [33mclass[39m=[32m"w-full px-2 sm:px-4 py-2 sm:py-3 text-sm border border-gray-300 rounded-lg focus:ring-2 focus:ring-blue-500 focus:border-blue-500"[39m
                [33mmax[39m=[32m"50"[39m
                [33mmin[39m=[32m"1"[39m
                [33mplaceholder[39m=[32m"10"[39m
                [33mrequired[39m=[32m""[39m
                [33mtype[39m=[32m"number"[39m
                [33mvalue[39m=[32m"10"[39m
              [36m/>[39m
            [36m</div>[39m
            [36m<button[39m
              [33mclass[39m=[32m"w-full bg-blue-600 hover:bg-blue-700 text-white font-semibold py-3 sm:py-4 px-4 sm:px-6 rounded-lg transition-colors flex items-center justify-center gap-2 text-sm sm:text-base"[39m
              [33mtype[39m=[32m"submit"[39m
            [36m>[39m
              [36m<span>[39m
                [0m📊[0m
              [36m</span>[39m
              [0mCompare with S&P 500[0m
            [36m</button>[39m
          [36m</form>[39m
        [36m</div>[39m
      [36m</div>[39m
    [36m</div>[39m
  [36m</div>[39m
[36m</body>[39m
 ❯ Object.getElementError node_modules/@testing-library/dom/dist/config.js:37:19
 ❯ getAllByLabelText node_modules/@testing-library/dom/dist/queries/label-text.js:108:40
 ❯ node_modules/@testing-library/dom/dist/query-helpers.js:52:17
 ❯ node_modules/@testing-library/dom/dist/query-helpers.js:95:19
 ❯ src/test/App.test.tsx:56:29
     54| 
     55|     // Fill out the stock form
     56|     await user.clear(screen.getByLabelText(/Investment Name/));
       |                             ^
     57|     await user.type(
     58|       screen.getByLabelText(/Investment Name/),

⎯⎯⎯⎯⎯⎯⎯⎯⎯⎯⎯⎯⎯⎯⎯⎯⎯⎯⎯⎯⎯⎯⎯[1/28]⎯

 FAIL  src/test/App.test.tsx > App Integration > should complete full real estate investment flow
TestingLibraryElementError: Found a label with the text of: /Investment Name/, however no form control was found associated to that label. Make sure you're using the "for" attribute or "aria-labelledby" attribute correctly.

Ignored nodes: comments, script, style
[36m<body>[39m
  [36m<div>[39m
    [36m<div[39m
      [33mclass[39m=[32m"min-h-screen bg-gradient-to-br from-blue-50 to-indigo-100 p-2 sm:p-4"[39m
    [36m>[39m
      [36m<div[39m
        [33mclass[39m=[32m"max-w-2xl mx-auto"[39m
      [36m>[39m
        [36m<header[39m
          [33mclass[39m=[32m"text-center mb-4 sm:mb-8"[39m
        [36m>[39m
          [36m<div[39m
            [33mclass[39m=[32m"flex items-center justify-center gap-2 mb-2 sm:mb-4"[39m
          [36m>[39m
            [36m<svg[39m
              [33maria-hidden[39m=[32m"true"[39m
              [33mclass[39m=[32m"lucide lucide-chart-column w-6 h-6 sm:w-8 sm:h-8 text-blue-600"[39m
              [33mfill[39m=[32m"none"[39m
              [33mheight[39m=[32m"24"[39m
              [33mstroke[39m=[32m"currentColor"[39m
              [33mstroke-linecap[39m=[32m"round"[39m
              [33mstroke-linejoin[39m=[32m"round"[39m
              [33mstroke-width[39m=[32m"2"[39m
              [33mviewBox[39m=[32m"0 0 24 24"[39m
              [33mwidth[39m=[32m"24"[39m
              [33mxmlns[39m=[32m"http://www.w3.org/2000/svg"[39m
            [36m>[39m
              [36m<path[39m
                [33md[39m=[32m"M3 3v16a2 2 0 0 0 2 2h16"[39m
              [36m/>[39m
              [36m<path[39m
                [33md[39m=[32m"M18 17V9"[39m
              [36m/>[39m
              [36m<path[39m
                [33md[39m=[32m"M13 17V5"[39m
              [36m/>[39m
              [36m<path[39m
                [33md[39m=[32m"M8 17v-3"[39m
              [36m/>[39m
            [36m</svg>[39m
            [36m<h1[39m
              [33mclass[39m=[32m"text-2xl sm:text-4xl font-bold text-blue-600"[39m
            [36m>[39m
              [0mBetter Than 500[0m
            [36m</h1>[39m
          [36m</div>[39m
        [36m</header>[39m
        [36m<div[39m
          [33mclass[39m=[32m"bg-white rounded-2xl p-1 sm:p-2 shadow-lg mb-4 sm:mb-8"[39m
        [36m>[39m
          [36m<div[39m
            [33mclass[39m=[32m"grid grid-cols-2 gap-1 sm:gap-2"[39m
          [36m>[39m
            [36m<button[39m
              [33mclass[39m=[32m"flex items-center justify-center gap-2 sm:gap-3 px-3 sm:px-6 py-3 sm:py-4 rounded-xl transition-all duration-300 text-gray-600 hover:bg-gray-50 hover:text-blue-600"[39m
            [36m>[39m
              [36m<svg[39m
                [33maria-hidden[39m=[32m"true"[39m
                [33mclass[39m=[32m"lucide lucide-trending-up w-4 h-4 sm:w-5 sm:h-5"[39m
                [33mfill[39m=[32m"none"[39m
                [33mheight[39m=[32m"24"[39m
                [33mstroke[39m=[32m"currentColor"[39m
                [33mstroke-linecap[39m=[32m"round"[39m
                [33mstroke-linejoin[39m=[32m"round"[39m
                [33mstroke-width[39m=[32m"2"[39m
                [33mviewBox[39m=[32m"0 0 24 24"[39m
                [33mwidth[39m=[32m"24"[39m
                [33mxmlns[39m=[32m"http://www.w3.org/2000/svg"[39m
              [36m>[39m
                [36m<path[39m
                  [33md[39m=[32m"M16 7h6v6"[39m
                [36m/>[39m
                [36m<path[39m
                  [33md[39m=[32m"m22 7-8.5 8.5-5-5L2 17"[39m
                [36m/>[39m
              [36m</svg>[39m
              [36m<span[39m
                [33mclass[39m=[32m"font-semibold text-sm sm:text-base"[39m
              [36m>[39m
                [0mStocks/ETF[0m
              [36m</span>[39m
            [36m</button>[39m
            [36m<button[39m
              [33mclass[39m=[32m"flex items-center justify-center gap-2 sm:gap-3 px-3 sm:px-6 py-3 sm:py-4 rounded-xl transition-all duration-300 bg-blue-600 text-white shadow-lg transform scale-105"[39m
            [36m>[39m
              [36m<svg[39m
                [33maria-hidden[39m=[32m"true"[39m
                [33mclass[39m=[32m"lucide lucide-house w-4 h-4 sm:w-5 sm:h-5"[39m
                [33mfill[39m=[32m"none"[39m
                [33mheight[39m=[32m"24"[39m
                [33mstroke[39m=[32m"currentColor"[39m
                [33mstroke-linecap[39m=[32m"round"[39m
                [33mstroke-linejoin[39m=[32m"round"[39m
                [33mstroke-width[39m=[32m"2"[39m
                [33mviewBox[39m=[32m"0 0 24 24"[39m
                [33mwidth[39m=[32m"24"[39m
                [33mxmlns[39m=[32m"http://www.w3.org/2000/svg"[39m
              [36m>[39m
                [36m<path[39m
                  [33md[39m=[32m"M15 21v-8a1 1 0 0 0-1-1h-4a1 1 0 0 0-1 1v8"[39m
                [36m/>[39m
                [36m<path[39m
                  [33md[39m=[32m"M3 10a2 2 0 0 1 .709-1.528l7-5.999a2 2 0 0 1 2.582 0l7 5.999A2 2 0 0 1 21 10v9a2 2 0 0 1-2 2H5a2 2 0 0 1-2-2z"[39m
                [36m/>[39m
              [36m</svg>[39m
              [36m<span[39m
                [33mclass[39m=[32m"font-semibold text-sm sm:text-base"[39m
              [36m>[39m
                [0mReal Estate[0m
              [36m</span>[39m
            [36m</button>[39m
          [36m</div>[39m
        [36m</div>[39m
        [36m<div[39m
          [33mclass[39m=[32m"bg-white rounded-2xl shadow-xl p-4 sm:p-8 mb-4 sm:mb-8"[39m
        [36m>[39m
          [36m<form[39m
            [33mclass[39m=[32m"space-y-3 sm:space-y-6"[39m
          [36m>[39m
            [36m<div[39m
              [33mclass[39m=[32m"text-center mb-3 sm:mb-6"[39m
            [36m>[39m
              [36m<h2[39m
                [33mclass[39m=[32m"text-sm sm:text-lg font-bold text-gray-800"[39m
              [36m>[39m
                [0mHome vs Rent + S&P 500[0m
              [36m</h2>[39m
            [36m</div>[39m
            [36m<div>[39m
              [36m<label[39m
                [33mclass[39m=[32m"block text-xs sm:text-sm font-medium text-gray-700 mb-1 sm:mb-2"[39m
              [36m>[39m
                [0mInvestment Name[0m
              [36m</label>[39m
              [36m<input[39m
                [33mclass[39m=[32m"w-full px-2 sm:px-4 py-2 sm:py-3 text-sm border border-gray-300 rounded-lg focus:ring-2 focus:ring-blue-500 focus:border-blue-500"[39m
                [33mplaceholder[39m=[32m"My Property"[39m
                [33mtype[39m=[32m"text"[39m
                [33mvalue[39m=[32m"Real Estate Investment"[39m
              [36m/>[39m
            [36m</div>[39m
            [36m<div[39m
              [33mclass[39m=[32m"grid grid-cols-2 gap-2 sm:gap-4"[39m
            [36m>[39m
              [36m<div>[39m
                [36m<label[39m
                  [33mclass[39m=[32m"block text-xs sm:text-sm font-medium text-gray-700 mb-1 sm:mb-2"[39m
                [36m>[39m
                  [0mProperty ($)[0m
                [36m</label>[39m
                [36m<input[39m
                  [33mclass[39m=[32m"w-full px-2 sm:px-4 py-2 sm:py-3 text-sm border border-gray-300 rounded-lg focus:ring-2 focus:ring-blue-500 focus:border-blue-500"[39m
                  [33mmin[39m=[32m"0"[39m
                  [33mplaceholder[39m=[32m"500000"[39m
                  [33mrequired[39m=[32m""[39m
                  [33mstep[39m=[32m"any"[39m
                  [33mtype[39m=[32m"number"[39m
                  [33mvalue[39m=[32m"500000"[39m
                [36m/>[39m
              [36m</div>[39m
              [36m<div>[39m
                [36m<label[39m
                  [33mclass[39m=[32m"block text-xs sm:text-sm font-medium text-gray-700 mb-1 sm:mb-2"[39m
                [36m>[39m
                  [0mDown Pay ($)[0m
                [36m</label>[39m
                [36m<input[39m
                  [33mclass[39m=[32m"w-full px-2 sm:px-4 py-2 sm:py-3 text-sm border border-gray-300 rounded-lg focus:ring-2 focus:ring-blue-500 focus:border-blue-500"[39m
                  [33mmin[39m=[32m"0"[39m
                  [33mplaceholder[39m=[32m"100000"[39m
                  [33mrequired[39m=[32m""[39m
                  [33mstep[39m=[32m"any"[39m
                  [33mtype[39m=[32m"number"[39m
                  [33mvalue[39m=[32m"100000"[39m
                [36m/>[39m
              [36m</div>[39m
            [36m</div>[39m
            [36m<div[39m
              [33mclass[39m=[32m"grid grid-cols-2 gap-2 sm:gap-4"[39m
            [36m>[39m
              [36m<div>[39m
                [36m<label[39m
                  [33mclass[39m=[32m"block text-xs sm:text-sm font-medium text-gray-700 mb-1 sm:mb-2"[39m
                [36m>[39m
                  [0mMortgage (%)[0m
                [36m</label>[39m
                [36m<input[39m
                  [33mclass[39m=[32m"w-full px-2 sm:px-4 py-2 sm:py-3 text-sm border border-gray-300 rounded-lg focus:ring-2 focus:ring-blue-500 focus:border-blue-500"[39m
                  [33mmin[39m=[32m"0"[39m
                  [33mplaceholder[39m=[32m"4"[39m
                  [33mrequired[39m=[32m""[39m
                  [33mstep[39m=[32m"any"[39m
                  [33mtype[39m=[32m"number"[39m
                  [33mvalue[39m=[32m"4"[39m
                [36m/>[39m
              [36m</div>[39m
              [36m<div>[39m
                [36m<label[39m
                  [33mclass[39m=[32m"block text-xs sm:text-sm font-medium text-gray-700 mb-1 sm:mb-2"[39m
                [36m>[39m
                  [0mLoan Term (Y)[0m
                [36m</label>[39m
                [36m<input[39m
                  [33mclass[39m=[32m"w-full px-2 sm:px-4 py-2 sm:py-3 text-sm border border-gray-300 rounded-lg focus:ring-2 focus:ring-blue-500 focus:border-blue-500"[39m
                  [33mmin[39m=[32m"1"[39m
                  [33mplaceholder[39m=[32m"30"[39m
                  [33mrequired[39m=[32m""[39m
                  [33mstep[39m=[32m"1"[39m
                  [33mtype[39m=[32m"number"[39m
                  [33mvalue[39m=[32m"30"[39m
                [36m/>[39m
              [36m</div>[39m
            [36m</div>[39m
            [36m<div>[39m
              [36m<label[39m
                [33mclass[39m=[32m"block text-xs sm:text-sm font-medium text-gray-700 mb-1 sm:mb-2"[39m
              [36m>[39m
                [0mComparable Rent ($)[0m
                [36m<span[39m
                  [33mclass[39m=[32m"block text-xs text-gray-500 font-normal"[39m
                [36m>[39m
                  [0mSimilar property monthly rent[0m
                [36m</span>[39m
              [36m</label>[39m
              [36m<input[39m
                [33mclass[39m=[32m"w-full px-2 sm:px-4 py-2 sm:py-3 text-sm border border-gray-300 rounded-lg focus:ring-2 focus:ring-blue-500 focus:border-blue-500"[39m
                [33mmin[39m=[32m"0"[39m
                [33mplaceholder[39m=[32m"1800"[39m
                [33mrequired[39m=[32m""[39m
                [33mstep[39m=[32m"any"[39m
                [33mtype[39m=[32m"number"[39m
                [33mvalue[39m=[32m"1800"[39m
              [36m/>[39m
            [36m</div>[39m
            [36m<div[39m
              [33mclass[39m=[32m"grid grid-cols-2 gap-2 sm:gap-4"[39m
            [36m>[39m
              [36m<div>[39m
                [36m<label[39m
                  [33mclass[39m=[32m"block text-xs sm:text-sm font-medium text-gray-700 mb-1 sm:mb-2"[39m
                [36m>[39m
                  [0mTax ($)[0m
                [36m</label>[39m
                [36m<input[39m
                  [33mclass[39m=[32m"w-full px-2 sm:px-4 py-2 sm:py-3 text-sm border border-gray-300 rounded-lg focus:ring-2 focus:ring-blue-500 focus:border-blue-500"[39m
                  [33mmin[39m=[32m"0"[39m
                  [33mplaceholder[39m=[32m"150"[39m
                  [33mrequired[39m=[32m""[39m
                  [33mstep[39m=[32m"any"[39m
                  [33mtype[39m=[32m"number"[39m
                  [33mvalue[39m=[32m"150"[39m
                [36m/>[39m
              [36m</div>[39m
              [36m<div>[39m
                [36m<label[39m
                  [33mclass[39m=[32m"block text-xs sm:text-sm font-medium text-gray-700 mb-1 sm:mb-2"[39m
                [36m>[39m
                  [0mHOA ($)[0m
                [36m</label>[39m
                [36m<input[39m
                  [33mclass[39m=[32m"w-full px-2 sm:px-4 py-2 sm:py-3 text-sm border border-gray-300 rounded-lg focus:ring-2 focus:ring-blue-500 focus:border-blue-500"[39m
                  [33mmin[39m=[32m"0"[39m
                  [33mplaceholder[39m=[32m"250"[39m
                  [33mrequired[39m=[32m""[39m
                  [33mstep[39m=[32m"any"[39m
                  [33mtype[39m=[32m"number"[39m
                  [33mvalue[39m=[32m"250"[39m
                [36m/>[39m
              [36m</div>[39m
            [36m</div>[39m
            [36m<div[39m
              [33mclass[39m=[32m"grid grid-cols-2 gap-2 sm:gap-4"[39m
            [36m>[39m
              [36m<div>[39m
                [36m<label[39m
                  [33mclass[39m=[32m"block text-xs sm:text-sm font-medium text-gray-700 mb-1 sm:mb-2"[39m
                [36m>[39m
                  [0mInsurance ($)[0m
                [36m</label>[39m
                [36m<input[39m
                  [33mclass[39m=[32m"w-full px-2 sm:px-4 py-2 sm:py-3 text-sm border border-gray-300 rounded-lg focus:ring-2 focus:ring-blue-500 focus:border-blue-500"[39m
                  [33mmin[39m=[32m"0"[39m
                  [33mplaceholder[39m=[32m"150"[39m
                  [33mrequired[39m=[32m""[39m
                  [33mstep[39m=[32m"any"[39m
                  [33mtype[39m=[32m"number"[39m
                  [33mvalue[39m=[32m"150"[39m
                [36m/>[39m
              [36m</div>[39m
              [36m<div>[39m
                [36m<label[39m
                  [33mclass[39m=[32m"block text-xs sm:text-sm font-medium text-gray-700 mb-1 sm:mb-2"[39m
                [36m>[39m
                  [0mMaintenance ($)[0m
                [36m</label>[39m
                [36m<input[39m
                  [33mclass[39m=[32m"w-full px-2 sm:px-4 py-2 sm:py-3 text-sm border border-gray-300 rounded-lg focus:ring-2 focus:ring-blue-500 focus:border-blue-500"[39m
                  [33mmin[39m=[32m"0"[39m
                  [33mplaceholder[39m=[32m"75"[39m
                  [33mrequired[39m=[32m""[39m
                  [33mstep[39m=[32m"any"[39m
                  [33mtype[39m=[32m"number"[39m
                  [33mvalue[39m=[32m"75"[39m
                [36m/>[39m
              [36m</div>[39m
            [36m</div>[39m
            [36m<div[39m
              [33mclass[39m=[32m"grid grid-cols-2 gap-2 sm:gap-4"[39m
            [36m>[39m
              [36m<div>[39m
                [36m<label[39m
                  [33mclass[39m=[32m"block text-xs sm:text-sm font-medium text-gray-700 mb-1 sm:mb-2"[39m
                [36m>[39m
                  [0mAppreciation (%)[0m
                [36m</label>[39m
                [36m<input[39m
                  [33mclass[39m=[32m"w-full px-2 sm:px-4 py-2 sm:py-3 text-sm border border-gray-300 rounded-lg focus:ring-2 focus:ring-blue-500 focus:border-blue-500"[39m
                  [33mmin[39m=[32m"0"[39m
                  [33mplaceholder[39m=[32m"3"[39m
                  [33mrequired[39m=[32m""[39m
                  [33mstep[39m=[32m"any"[39m
                  [33mtype[39m=[32m"number"[39m
                  [33mvalue[39m=[32m"3"[39m
                [36m/>[39m
              [36m</div>[39m
              [36m<div>[39m
                [36m<label[39m
                  [33mclass[39m=[32m"block text-xs sm:text-sm font-medium text-gray-700 mb-1 sm:mb-2"[39m
                [36m>[39m
                  [0mYears[0m
                [36m</label>[39m
                [36m<input[39m
                  [33mclass[39m=[32m"w-full px-2 sm:px-4 py-2 sm:py-3 text-sm border border-gray-300 rounded-lg focus:ring-2 focus:ring-blue-500 focus:border-blue-500"[39m
                  [33mmax[39m=[32m"50"[39m
                  [33mmin[39m=[32m"1"[39m
                  [33mplaceholder[39m=[32m"10"[39m
                  [33mrequired[39m=[32m""[39m
                  [33mtype[39m=[32m"number"[39m
                  [33mvalue[39m=[32m"10"[39m
                [36m/>[39m
              [36m</div>[39m
            [36m</div>[39m
            [36m<button[39m
              [33mclass[39m=[32m"w-full bg-blue-600 hover:bg-blue-700 text-white font-semibold py-3 sm:py-4 px-4 sm:px-6 rounded-lg transition-colors flex items-center justify-center gap-2 text-sm sm:text-base"[39m
              [33mtype[39m=[32m"submit"[39m
            [36m>[39m
              [36m<span>[39m
                [0m🏠[0m
              [36m</span>[39m
              [0mCalculate Returns[0m
            [36m</button>[39m
          [36m</form>[39m
        [36m</div>[39m
      [36m</div>[39m
    [36m</div>[39m
  [36m</div>[39m
[36m</body>[39m
 ❯ Object.getElementError node_modules/@testing-library/dom/dist/config.js:37:19
 ❯ getAllByLabelText node_modules/@testing-library/dom/dist/queries/label-text.js:108:40
 ❯ node_modules/@testing-library/dom/dist/query-helpers.js:52:17
 ❯ node_modules/@testing-library/dom/dist/query-helpers.js:95:19
 ❯ src/test/App.test.tsx:102:29
    100| 
    101|     // Fill out the real estate form
    102|     await user.clear(screen.getByLabelText(/Investment Name/));
       |                             ^
    103|     await user.type(screen.getByLabelText(/Investment Name/), "My Home…
    104| 

⎯⎯⎯⎯⎯⎯⎯⎯⎯⎯⎯⎯⎯⎯⎯⎯⎯⎯⎯⎯⎯⎯⎯[2/28]⎯

 FAIL  src/test/App.test.tsx > App Integration > should handle form validation errors
TestingLibraryElementError: Found a label with the text of: /Initial/, however no form control was found associated to that label. Make sure you're using the "for" attribute or "aria-labelledby" attribute correctly.

Ignored nodes: comments, script, style
[36m<body>[39m
  [36m<div>[39m
    [36m<div[39m
      [33mclass[39m=[32m"min-h-screen bg-gradient-to-br from-blue-50 to-indigo-100 p-2 sm:p-4"[39m
    [36m>[39m
      [36m<div[39m
        [33mclass[39m=[32m"max-w-2xl mx-auto"[39m
      [36m>[39m
        [36m<header[39m
          [33mclass[39m=[32m"text-center mb-4 sm:mb-8"[39m
        [36m>[39m
          [36m<div[39m
            [33mclass[39m=[32m"flex items-center justify-center gap-2 mb-2 sm:mb-4"[39m
          [36m>[39m
            [36m<svg[39m
              [33maria-hidden[39m=[32m"true"[39m
              [33mclass[39m=[32m"lucide lucide-chart-column w-6 h-6 sm:w-8 sm:h-8 text-blue-600"[39m
              [33mfill[39m=[32m"none"[39m
              [33mheight[39m=[32m"24"[39m
              [33mstroke[39m=[32m"currentColor"[39m
              [33mstroke-linecap[39m=[32m"round"[39m
              [33mstroke-linejoin[39m=[32m"round"[39m
              [33mstroke-width[39m=[32m"2"[39m
              [33mviewBox[39m=[32m"0 0 24 24"[39m
              [33mwidth[39m=[32m"24"[39m
              [33mxmlns[39m=[32m"http://www.w3.org/2000/svg"[39m
            [36m>[39m
              [36m<path[39m
                [33md[39m=[32m"M3 3v16a2 2 0 0 0 2 2h16"[39m
              [36m/>[39m
              [36m<path[39m
                [33md[39m=[32m"M18 17V9"[39m
              [36m/>[39m
              [36m<path[39m
                [33md[39m=[32m"M13 17V5"[39m
              [36m/>[39m
              [36m<path[39m
                [33md[39m=[32m"M8 17v-3"[39m
              [36m/>[39m
            [36m</svg>[39m
            [36m<h1[39m
              [33mclass[39m=[32m"text-2xl sm:text-4xl font-bold text-blue-600"[39m
            [36m>[39m
              [0mBetter Than 500[0m
            [36m</h1>[39m
          [36m</div>[39m
        [36m</header>[39m
        [36m<div[39m
          [33mclass[39m=[32m"bg-white rounded-2xl p-1 sm:p-2 shadow-lg mb-4 sm:mb-8"[39m
        [36m>[39m
          [36m<div[39m
            [33mclass[39m=[32m"grid grid-cols-2 gap-1 sm:gap-2"[39m
          [36m>[39m
            [36m<button[39m
              [33mclass[39m=[32m"flex items-center justify-center gap-2 sm:gap-3 px-3 sm:px-6 py-3 sm:py-4 rounded-xl transition-all duration-300 bg-blue-600 text-white shadow-lg transform scale-105"[39m
            [36m>[39m
              [36m<svg[39m
                [33maria-hidden[39m=[32m"true"[39m
                [33mclass[39m=[32m"lucide lucide-trending-up w-4 h-4 sm:w-5 sm:h-5"[39m
                [33mfill[39m=[32m"none"[39m
                [33mheight[39m=[32m"24"[39m
                [33mstroke[39m=[32m"currentColor"[39m
                [33mstroke-linecap[39m=[32m"round"[39m
                [33mstroke-linejoin[39m=[32m"round"[39m
                [33mstroke-width[39m=[32m"2"[39m
                [33mviewBox[39m=[32m"0 0 24 24"[39m
                [33mwidth[39m=[32m"24"[39m
                [33mxmlns[39m=[32m"http://www.w3.org/2000/svg"[39m
              [36m>[39m
                [36m<path[39m
                  [33md[39m=[32m"M16 7h6v6"[39m
                [36m/>[39m
                [36m<path[39m
                  [33md[39m=[32m"m22 7-8.5 8.5-5-5L2 17"[39m
                [36m/>[39m
              [36m</svg>[39m
              [36m<span[39m
                [33mclass[39m=[32m"font-semibold text-sm sm:text-base"[39m
              [36m>[39m
                [0mStocks/ETF[0m
              [36m</span>[39m
            [36m</button>[39m
            [36m<button[39m
              [33mclass[39m=[32m"flex items-center justify-center gap-2 sm:gap-3 px-3 sm:px-6 py-3 sm:py-4 rounded-xl transition-all duration-300 text-gray-600 hover:bg-gray-50 hover:text-blue-600"[39m
            [36m>[39m
              [36m<svg[39m
                [33maria-hidden[39m=[32m"true"[39m
                [33mclass[39m=[32m"lucide lucide-house w-4 h-4 sm:w-5 sm:h-5"[39m
                [33mfill[39m=[32m"none"[39m
                [33mheight[39m=[32m"24"[39m
                [33mstroke[39m=[32m"currentColor"[39m
                [33mstroke-linecap[39m=[32m"round"[39m
                [33mstroke-linejoin[39m=[32m"round"[39m
                [33mstroke-width[39m=[32m"2"[39m
                [33mviewBox[39m=[32m"0 0 24 24"[39m
                [33mwidth[39m=[32m"24"[39m
                [33mxmlns[39m=[32m"http://www.w3.org/2000/svg"[39m
              [36m>[39m
                [36m<path[39m
                  [33md[39m=[32m"M15 21v-8a1 1 0 0 0-1-1h-4a1 1 0 0 0-1 1v8"[39m
                [36m/>[39m
                [36m<path[39m
                  [33md[39m=[32m"M3 10a2 2 0 0 1 .709-1.528l7-5.999a2 2 0 0 1 2.582 0l7 5.999A2 2 0 0 1 21 10v9a2 2 0 0 1-2 2H5a2 2 0 0 1-2-2z"[39m
                [36m/>[39m
              [36m</svg>[39m
              [36m<span[39m
                [33mclass[39m=[32m"font-semibold text-sm sm:text-base"[39m
              [36m>[39m
                [0mReal Estate[0m
              [36m</span>[39m
            [36m</button>[39m
          [36m</div>[39m
        [36m</div>[39m
        [36m<div[39m
          [33mclass[39m=[32m"bg-white rounded-2xl shadow-xl p-4 sm:p-8 mb-4 sm:mb-8"[39m
        [36m>[39m
          [36m<form[39m
            [33mclass[39m=[32m"space-y-3 sm:space-y-6"[39m
          [36m>[39m
            [36m<div[39m
              [33mclass[39m=[32m"text-center mb-3 sm:mb-6"[39m
            [36m>[39m
              [36m<h2[39m
                [33mclass[39m=[32m"text-sm sm:text-lg font-bold text-gray-800"[39m
              [36m>[39m
                [0mCompare Stocks/ETFs vs S&P 500[0m
              [36m</h2>[39m
            [36m</div>[39m
            [36m<div>[39m
              [36m<label[39m
                [33mclass[39m=[32m"block text-xs sm:text-sm font-medium text-gray-700 mb-1 sm:mb-2"[39m
              [36m>[39m
                [0mQuick Presets 🚀[0m
              [36m</label>[39m
              [36m<select[39m
                [33mclass[39m=[32m"w-full px-2 sm:px-4 py-2 sm:py-3 text-sm border border-gray-300 rounded-lg focus:ring-2 focus:ring-blue-500 focus:border-blue-500 bg-white"[39m
              [36m>[39m
                [36m<option[39m
                  [33mselected[39m=[32m""[39m
                  [33mvalue[39m=[32m""[39m
                [36m>[39m
                  [0mChoose preset...[0m
                [36m</option>[39m
                [36m<option[39m
                  [33mvalue[39m=[32m"0"[39m
                [36m>[39m
                  [0mS&P 500 Index Fund[0m
                  [0m — [0m
                  [0m7[0m
                  [0m% return[0m
                [36m</option>[39m
                [36m<option[39m
                  [33mvalue[39m=[32m"1"[39m
                [36m>[39m
                  [0mNASDAQ 100[0m
                  [0m — [0m
                  [0m10[0m
                  [0m% return[0m
                [36m</option>[39m
                [36m<option[39m
                  [33mvalue[39m=[32m"2"[39m
                [36m>[39m
                  [0mConservative Bonds[0m
                  [0m — [0m
                  [0m4[0m
                  [0m% return[0m
                [36m</option>[39m
                [36m<option[39m
                  [33mvalue[39m=[32m"3"[39m
                [36m>[39m
                  [0mHigh Growth Tech[0m
                  [0m — [0m
                  [0m12[0m
                  [0m% return[0m
                [36m</option>[39m
                [36m<option[39m
                  [33mvalue[39m=[32m"4"[39m
                [36m>[39m
                  [0mDividend Aristocrats[0m
                  [0m — [0m
                  [0m8[0m
                  [0m% return[0m
                [36m</option>[39m
              [36m</select>[39m
            [36m</div>[39m
            [36m<div>[39m
              [36m<label[39m
                [33mclass[39m=[32m"block text-xs sm:text-sm font-medium text-gray-700 mb-1 sm:mb-2"[39m
              [36m>[39m
                [0mInvestment Name[0m
              [36m</label>[39m
              [36m<input[39m
                [33mclass[39m=[32m"w-full px-2 sm:px-4 py-2 sm:py-3 text-sm border border-gray-300 rounded-lg focus:ring-2 focus:ring-blue-500 focus:border-blue-500"[39m
                [33mplaceholder[39m=[32m"e.g., VFIAX, QQQ"[39m
                [33mtype[39m=[32m"text"[39m
                [33mvalue[39m=[32m"S&P 500"[39m
              [36m/>[39m
            [36m</div>[39m
            [36m<div[39m
              [33mclass[39m=[32m"grid grid-cols-2 gap-2 sm:gap-4"[39m
            [36m>[39m
              [36m<div>[39m
                [36m<label[39m
                  [33mclass[39m=[32m"block text-xs sm:text-sm font-medium text-gray-700 mb-1 sm:mb-2"[39m
                [36m>[39m
                  [0mInitial ($)[0m
                [36m</label>[39m
                [36m<input[39m
                  [33mclass[39m=[32m"w-full px-2 sm:px-4 py-2 sm:py-3 text-sm border border-gray-300 rounded-lg focus:ring-2 focus:ring-blue-500 focus:border-blue-500"[39m
                  [33mmin[39m=[32m"0"[39m
                  [33mplaceholder[39m=[32m"1000"[39m
                  [33mrequired[39m=[32m""[39m
                  [33mstep[39m=[32m"any"[39m
                  [33mtype[39m=[32m"number"[39m
                  [33mvalue[39m=[32m"1000"[39m
                [36m/>[39m
              [36m</div>[39m
              [36m<div>[39m
                [36m<label[39m
                  [33mclass[39m=[32m"block text-xs sm:text-sm font-medium text-gray-700 mb-1 sm:mb-2"[39m
                [36m>[39m
                  [0mMonthly ($)[0m
                [36m</label>[39m
                [36m<input[39m
                  [33mclass[39m=[32m"w-full px-2 sm:px-4 py-2 sm:py-3 text-sm border border-gray-300 rounded-lg focus:ring-2 focus:ring-blue-500 focus:border-blue-500"[39m
                  [33mmin[39m=[32m"0"[39m
                  [33mplaceholder[39m=[32m"100"[39m
                  [33mstep[39m=[32m"any"[39m
                  [33mtype[39m=[32m"number"[39m
                  [33mvalue[39m=[32m"100"[39m
                [36m/>[39m
              [36m</div>[39m
            [36m</div>[39m
            [36m<div[39m
              [33mclass[39m=[32m"grid grid-cols-2 gap-2 sm:gap-4"[39m
            [36m>[39m
              [36m<div>[39m
                [36m<label[39m
                  [33mclass[39m=[32m"block text-xs sm:text-sm font-medium text-gray-700 mb-1 sm:mb-2"[39m
                [36m>[39m
                  [0mReturn (%)[0m
                [36m</label>[39m
                [36m<input[39m
                  [33mclass[39m=[32m"w-full px-2 sm:px-4 py-2 sm:py-3 text-sm border border-gray-300 rounded-lg focus:ring-2 focus:ring-blue-500 focus:border-blue-500"[39m
                  [33mmin[39m=[32m"0"[39m
                  [33mplaceholder[39m=[32m"7"[39m
                  [33mrequired[39m=[32m""[39m
                  [33mstep[39m=[32m"any"[39m
                  [33mtype[39m=[32m"number"[39m
                  [33mvalue[39m=[32m"7"[39m
                [36m/>[39m
              [36m</div>[39m
              [36m<div>[39m
                [36m<label[39m
                  [33mclass[39m=[32m"block text-xs sm:text-sm font-medium text-gray-700 mb-1 sm:mb-2"[39m
                [36m>[39m
                  [0mFees (%)[0m
                [36m</label>[39m
                [36m<input[39m
                  [33mclass[39m=[32m"w-full px-2 sm:px-4 py-2 sm:py-3 text-sm border border-gray-300 rounded-lg focus:ring-2 focus:ring-blue-500 focus:border-blue-500"[39m
                  [33mmin[39m=[32m"0"[39m
                  [33mplaceholder[39m=[32m"0.1"[39m
                  [33mstep[39m=[32m"any"[39m
                  [33mtype[39m=[32m"number"[39m
                  [33mvalue[39m=[32m"0.1"[39m
                [36m/>[39m
              [36m</div>[39m
            [36m</div>[39m
            [36m<div>[39m
              [36m<label[39m
                [33mclass[39m=[32m"block text-xs sm:text-sm font-medium text-gray-700 mb-1 sm:mb-2"[39m
              [36m>[39m
                [0mYears[0m
              [36m</label>[39m
              [36m<input[39m
                [33mclass[39m=[32m"w-full px-2 sm:px-4 py-2 sm:py-3 text-sm border border-gray-300 rounded-lg focus:ring-2 focus:ring-blue-500 focus:border-blue-500"[39m
                [33mmax[39m=[32m"50"[39m
                [33mmin[39m=[32m"1"[39m
                [33mplaceholder[39m=[32m"10"[39m
                [33mrequired[39m=[32m""[39m
                [33mtype[39m=[32m"number"[39m
                [33mvalue[39m=[32m"10"[39m
              [36m/>[39m
            [36m</div>[39m
            [36m<button[39m
              [33mclass[39m=[32m"w-full bg-blue-600 hover:bg-blue-700 text-white font-semibold py-3 sm:py-4 px-4 sm:px-6 rounded-lg transition-colors flex items-center justify-center gap-2 text-sm sm:text-base"[39m
              [33mtype[39m=[32m"submit"[39m
            [36m>[39m
              [36m<span>[39m
                [0m📊[0m
              [36m</span>[39m
              [0mCompare with S&P 500[0m
            [36m</button>[39m
          [36m</form>[39m
        [36m</div>[39m
      [36m</div>[39m
    [36m</div>[39m
  [36m</div>[39m
[36m</body>[39m
 ❯ Object.getElementError node_modules/@testing-library/dom/dist/config.js:37:19
 ❯ getAllByLabelText node_modules/@testing-library/dom/dist/queries/label-text.js:108:40
 ❯ node_modules/@testing-library/dom/dist/query-helpers.js:52:17
 ❯ node_modules/@testing-library/dom/dist/query-helpers.js:95:19
 ❯ src/test/App.test.tsx:215:29
    213| 
    214|     // Clear required field
    215|     await user.clear(screen.getByLabelText(/Initial/));
       |                             ^
    216| 
    217|     // Try to submit

⎯⎯⎯⎯⎯⎯⎯⎯⎯⎯⎯⎯⎯⎯⎯⎯⎯⎯⎯⎯⎯⎯⎯[3/28]⎯

 FAIL  src/test/SimpleResults.test.tsx > SimpleResults > should display investment details correctly
TestingLibraryElementError: Found multiple elements with the text: $10,000

Here are the matching elements:

Ignored nodes: comments, script, style
[36m<span[39m
  [33mclass[39m=[32m"text-xs sm:text-sm font-medium"[39m
[36m>[39m
  [0m$10,000[0m
[36m</span>[39m

Ignored nodes: comments, script, style
[36m<span[39m
  [33mclass[39m=[32m"text-xs sm:text-sm font-medium"[39m
[36m>[39m
  [0m$10,000[0m
[36m</span>[39m

(If this is intentional, then use the `*AllBy*` variant of the query (like `queryAllByText`, `getAllByText`, or `findAllByText`)).

Ignored nodes: comments, script, style
[36m<body>[39m
  [36m<div>[39m
    [36m<div[39m
      [33mclass[39m=[32m"space-y-4 sm:space-y-6"[39m
    [36m>[39m
      [36m<div[39m
        [33mclass[39m=[32m"bg-white rounded-2xl shadow-xl p-6 p-4 sm:p-6"[39m
      [36m>[39m
        [36m<div[39m
          [33mclass[39m=[32m"text-center mb-3 sm:mb-6"[39m
        [36m>[39m
          [36m<h2[39m
            [33mclass[39m=[32m"text-lg sm:text-2xl font-bold text-gray-800 flex items-center justify-center gap-2"[39m
          [36m>[39m
            [36m<svg[39m
              [33maria-hidden[39m=[32m"true"[39m
              [33mclass[39m=[32m"lucide lucide-trending-up w-5 h-5 sm:w-6 sm:h-6 text-blue-600"[39m
              [33mfill[39m=[32m"none"[39m
              [33mheight[39m=[32m"24"[39m
              [33mstroke[39m=[32m"currentColor"[39m
              [33mstroke-linecap[39m=[32m"round"[39m
              [33mstroke-linejoin[39m=[32m"round"[39m
              [33mstroke-width[39m=[32m"2"[39m
              [33mviewBox[39m=[32m"0 0 24 24"[39m
              [33mwidth[39m=[32m"24"[39m
              [33mxmlns[39m=[32m"http://www.w3.org/2000/svg"[39m
            [36m>[39m
              [36m<path[39m
                [33md[39m=[32m"M16 7h6v6"[39m
              [36m/>[39m
              [36m<path[39m
                [33md[39m=[32m"m22 7-8.5 8.5-5-5L2 17"[39m
              [36m/>[39m
            [36m</svg>[39m
            [0mResults after [0m
            [0m10[0m
            [0m years[0m
          [36m</h2>[39m
        [36m</div>[39m
        [36m<div[39m
          [33mclass[39m=[32m"text-center p-3 sm:p-6 rounded-xl mb-3 sm:mb-6 bg-green-50 border-2 border-green-200"[39m
        [36m>[39m
          [36m<div[39m
            [33mclass[39m=[32m"flex items-center justify-center gap-2 mb-1 sm:mb-2"[39m
          [36m>[39m
            [36m<svg[39m
              [33maria-hidden[39m=[32m"true"[39m
              [33mclass[39m=[32m"lucide lucide-trophy w-6 h-6 sm:w-8 sm:h-8 text-green-600"[39m
              [33mfill[39m=[32m"none"[39m
              [33mheight[39m=[32m"24"[39m
              [33mstroke[39m=[32m"currentColor"[39m
              [33mstroke-linecap[39m=[32m"round"[39m
              [33mstroke-linejoin[39m=[32m"round"[39m
              [33mstroke-width[39m=[32m"2"[39m
              [33mviewBox[39m=[32m"0 0 24 24"[39m
              [33mwidth[39m=[32m"24"[39m
              [33mxmlns[39m=[32m"http://www.w3.org/2000/svg"[39m
            [36m>[39m
              [36m<path[39m
                [33md[39m=[32m"M6 9H4.5a2.5 2.5 0 0 1 0-5H6"[39m
              [36m/>[39m
              [36m<path[39m
                [33md[39m=[32m"M18 9h1.5a2.5 2.5 0 0 0 0-5H18"[39m
              [36m/>[39m
              [36m<path[39m
                [33md[39m=[32m"M4 22h16"[39m
              [36m/>[39m
              [36m<path[39m
                [33md[39m=[32m"M10 14.66V17c0 .55-.47.98-.97 1.21C7.85 18.75 7 20.24 7 22"[39m
              [36m/>[39m
              [36m<path[39m
                [33md[39m=[32m"M14 14.66V17c0 .55.47.98.97 1.21C16.15 18.75 17 20.24 17 22"[39m
              [36m/>[39m
              [36m<path[39m
                [33md[39m=[32m"M18 2H6v7a6 6 0 0 0 12 0V2Z"[39m
              [36m/>[39m
            [36m</svg>[39m
            [36m<h3[39m
              [33mclass[39m=[32m"text-base sm:text-xl font-bold text-gray-800"[39m
            [36m>[39m
              [0mNASDAQ 100 Wins![0m
            [36m</h3>[39m
          [36m</div>[39m
          [36m<p[39m
            [33mclass[39m=[32m"text-sm sm:text-lg font-semibold text-green-700"[39m
          [36m>[39m
            [0mYour investment[0m
            [0m outperformed by[0m
            [0m [0m
            [0m$20,000[0m
          [36m</p>[39m
        [36m</div>[39m
        [36m<div[39m
          [33mclass[39m=[32m"grid grid-cols-1 sm:grid-cols-2 gap-3 sm:gap-6"[39m
        [36m>[39m
          [36m<div[39m
            [33mclass[39m=[32m"p-3 sm:p-6 rounded-xl border-2 bg-green-50 border-green-300"[39m
          [36m>[39m
            [36m<div[39m
              [33mclass[39m=[32m"flex items-center gap-2 mb-2 sm:mb-4"[39m
            [36m>[39m
              [36m<svg[39m
                [33maria-hidden[39m=[32m"true"[39m
                [33mclass[39m=[32m"lucide lucide-trophy w-4 h-4 sm:w-5 sm:h-5 text-green-600"[39m
                [33mfill[39m=[32m"none"[39m
                [33mheight[39m=[32m"24"[39m
                [33mstroke[39m=[32m"currentColor"[39m
                [33mstroke-linecap[39m=[32m"round"[39m
                [33mstroke-linejoin[39m=[32m"round"[39m
                [33mstroke-width[39m=[32m"2"[39m
                [33mviewBox[39m=[32m"0 0 24 24"[39m
                [33mwidth[39m=[32m"24"[39m
                [33mxmlns[39m=[32m"http://www.w3.org/2000/svg"[39m
              [36m>[39m
                [36m<path[39m
                  [33md[39m=[32m"M6 9H4.5a2.5 2.5 0 0 1 0-5H6"[39m
                [36m/>[39m
                [36m<path[39m
                  [33md[39m=[32m"M18 9h1.5a2.5 2.5 0 0 0 0-5H18"[39m
                [36m/>[39m
                [36m<path[39m
                  [33md[39m=[32m"M4 22h16"[39m
                [36m/>[39m
                [36m<path[39m
                  [33md[39m=[32m"M10 14.66V17c0 .55-.47.98-.97 1.21C7.85 18.75 7 20.24 7 22"[39m
                [36m/>[39m
                [36m<path[39m
                  [33md[39m=[32m"M14 14.66V17c0 .55.47.98.97 1.21C16.15 18.75 17 20.24 17 22"[39m
                [36m/>[39m
                [36m<path[39m
                  [33md[39m=[32m"M18 2H6v7a6 6 0 0 0 12 0V2Z"[39m
                [36m/>[39m
              [36m</svg>[39m
              [36m<h4[39m
                [33mclass[39m=[32m"text-sm sm:text-lg font-bold text-gray-800"[39m
              [36m>[39m
                [0mNASDAQ 100[0m
              [36m</h4>[39m
            [36m</div>[39m
            [36m<div[39m
              [33mclass[39m=[32m"space-y-2 sm:space-y-3"[39m
            [36m>[39m
              [36m<div[39m
                [33mclass[39m=[32m"flex justify-between items-center"[39m
              [36m>[39m
                [36m<span[39m
                  [33mclass[39m=[32m"text-xs sm:text-sm text-gray-700"[39m
                [36m>[39m
                  [0mFinal Value:[0m
                [36m</span>[39m
                [36m<span[39m
                  [33mclass[39m=[32m"text-lg sm:text-2xl font-bold text-green-600"[39m
                [36m>[39m
                  [0m$150,000[0m
                [36m</span>[39m
              [36m</div>[39m
              [36m<div[39m
                [33mclass[39m=[32m"flex justify-between items-center"[39m
              [36m>[39m
                [36m<span[39m
                  [33mclass[39m=[32m"text-xs sm:text-sm text-gray-700"[39m
                [36m>[39m
                  [0mAnnual Return:[0m
                [36m</span>[39m
                [36m<span[39m
                  [33mclass[39m=[32m"text-xs sm:text-sm font-semibold"[39m
                [36m>[39m
                  [0m9.8%[0m
                [36m</span>[39m
              [36m</div>[39m
              [36m<div[39m
                [33mclass[39m=[32m"flex justify-between items-center"[39m
              [36m>[39m
                [36m<span[39m
                  [33mclass[39m=[32m"text-xs sm:text-sm text-gray-700"[39m
                [36m>[39m
                  [0mInitial:[0m
                [36m</span>[39m
                [36m<span[39m
                  [33mclass[39m=[32m"text-xs sm:text-sm font-medium"[39m
                [36m>[39m
                  [0m$10,000[0m
                [36m</span>[39m
              [36m</div>[39m
              [36m<div[39m
                [33mclass[39m=[32m"flex justify-between items-center"[39m
              [36m>[39m
                [36m<span[39m
                  [33mclass[39m=[32m"text-xs sm:text-sm text-gray-700"[39m
                [36m>[39m
                  [0mMonthly:[0m
                [36m</span>[39m
                [36m<span[39m
                  [33mclass[39m=[32m"text-xs sm:text-sm font-medium"[39m
                [36m>[39m
                  [0m$500[0m
                [36m</span>[39m
              [36m</div>[39m
            [36m</div>[39m
          [36m</div>[39m
          [36m<div[39m
            [33mclass[39m=[32m"p-3 sm:p-6 rounded-xl border-2 bg-gray-50 border-gray-300"[39m
          [36m>[39m
            [36m<div[39m
              [33mclass[39m=[32m"flex items-center gap-2 mb-2 sm:mb-4"[39m
            [36m>[39m
              [36m<h4[39m
                [33mclass[39m=[32m"text-sm sm:text-lg font-bold text-gray-800"[39m
              [36m>[39m
                [0mS&P 500[0m
              [36m</h4>[39m
            [36m</div>[39m
            [36m<div[39m
              [33mclass[39m=[32m"space-y-2 sm:space-y-3"[39m
            [36m>[39m
              [36m<div[39m
                [33mclass[39m=[32m"flex justify-between items-center"[39m
              [36m>[39m
                [36m<span[39m
                  [33mclass[39m=[32m"text-xs sm:text-sm text-gray-700"[39m
                [36m>[39m
                  [0mFinal Value:[0m
                [36m</span>[39m
                [36m<span[39m
                  [33mclass[39m=[32m"text-lg sm:text-2xl font-bold text-gray-800"[39m
                [36m>[39m
                  [0m$130,000[0m
                [36m</span>[39m
              [36m</div>[39m
              [36m<div[39m
                [33mclass[39m=[32m"flex justify-between items-center"[39m
              [36m>[39m
                [36m<span[39m
                  [33mclass[39m=[32m"text-xs sm:text-sm text-gray-700"[39m
                [36m>[39m
                  [0mAnnual Return:[0m
                [36m</span>[39m
                [36m<span[39m
                  [33mclass[39m=[32m"text-xs sm:text-sm font-semibold"[39m
                [36m>[39m
                  [0m7.0%[0m
                [36m</span>[39m
              [36m</div>[39m
              [36m<div[39m
                [33mclass[39m=[32m"flex justify-between items-center"[39m
              [36m>[39m
                [36m<span[39m
                  [33mclass[39m=[32m"text-xs sm:text-sm text-gray-700"[39m
                [36m>[39m
                  [0mInitial:[0m
                [36m</span>[39m
                [36m<span[39m
                  [33mclass[39m=[32m"text-xs sm:text-sm font-medium"[39m
                [36m>[39m
                  [0m$10,000[0m
                [36m</span>[39m
              [36m</div>[39m
              [36m<div[39m
                [33mclass[39m=[32m"flex justify-between items-center"[39m
              [36m>[39m
                [36m<span[39m
                  [33mclass[39m=[32m"text-xs sm:text-sm text-gray-700"[39m
                [36m>[39m
                  [0mMonthly:[0m
                [36m</span>[39m
                [36m<span[39m
                  [33mclass[39m=[32m"text-xs sm:text-sm font-medium "[39m
                [36m>[39m
                  [0m$500[0m
                [36m</span>[39m
              [36m</div>[39m
            [36m</div>[39m
          [36m</div>[39m
        [36m</div>[39m
        [36m<div[39m
          [33mclass[39m=[32m"mt-3 sm:mt-6 p-3 sm:p-4 bg-gray-100 rounded-lg"[39m
        [36m>[39m
          [36m<div[39m
            [33mclass[39m=[32m"flex items-center justify-between"[39m
          [36m>[39m
            [36m<span[39m
              [33mclass[39m=[32m"text-xs sm:text-sm text-gray-700 font-medium"[39m
            [36m>[39m
              [0mDifference:[0m
            [36m</span>[39m
            [36m<div[39m
              [33mclass[39m=[32m"flex items-center gap-2"[39m
            [36m>[39m
              [36m<svg[39m
                [33maria-hidden[39m=[32m"true"[39m
                [33mclass[39m=[32m"lucide lucide-arrow-up w-4 h-4 sm:w-5 sm:h-5 text-green-600"[39m
                [33mfill[39m=[32m"none"[39m
                [33mheight[39m=[32m"24"[39m
                [33mstroke[39m=[32m"currentColor"[39m
                [33mstroke-linecap[39m=[32m"round"[39m
                [33mstroke-linejoin[39m=[32m"round"[39m
                [33mstroke-width[39m=[32m"2"[39m
                [33mviewBox[39m=[32m"0 0 24 24"[39m
                [33mwidth[39m=[32m"24"[39m
                [33mxmlns[39m=[32m"http://www.w3.org/2000/svg"[39m
              [36m>[39m
                [36m<path[39m
                  [33md[39m=[32m"m5 12 7-7 7 7"[39m
                [36m/>[39m
                [36m<path[39m
                  [33md[39m=[32m"M12 19V5"[39m
                [36m/>[39m
              [36m</svg>[39m
              [36m<span[39m
                [33mclass[39m=[32m"text-sm sm:text-lg font-bold text-green-600"[39m
              [36m>[39m
                [0m$20,000[0m
              [36m</span>[39m
            [36m</div>[39m
          [36m</div>[39m
        [36m</div>[39m
        [36m<div[39m
          [33mclass[39m=[32m"flex flex-col sm:flex-row gap-2 sm:gap-4 mt-3 sm:mt-6"[39m
        [36m>[39m
          [36m<button[39m
            [33mclass[39m=[32m"flex-1 bg-blue-600 hover:bg-blue-700 text-white font-semibold py-2 sm:py-3 px-4 sm:px-6 rounded-lg transition-colors text-sm sm:text-base"[39m
          [36m>[39m
            [0mShow Details[0m
          [36m</button>[39m
          [36m<button[39m
            [33mclass[39m=[32m"px-4 sm:px-6 py-2 sm:py-3 border-2 border-gray-300 text-gray-700 font-semibold rounded-lg hover:bg-gray-50 transition-colors text-sm sm:text-base"[39m
          [36m>[39m
            [0mNew Calculation[0m
          [36m</button>[39m
        [36m</div>[39m
      [36m</div>[39m
    [36m</div>[39m
  [36m</div>[39m
[36m</body>[39m
 ❯ Object.getElementError node_modules/@testing-library/dom/dist/config.js:37:19
 ❯ getElementError node_modules/@testing-library/dom/dist/query-helpers.js:20:35
 ❯ getMultipleElementsFoundError node_modules/@testing-library/dom/dist/query-helpers.js:23:10
 ❯ node_modules/@testing-library/dom/dist/query-helpers.js:55:13
 ❯ node_modules/@testing-library/dom/dist/query-helpers.js:95:19
 ❯ src/test/SimpleResults.test.tsx:118:19
    116|     expect(screen.getByText("$150,000")).toBeInTheDocument();
    117|     expect(screen.getByText("9.8%")).toBeInTheDocument();
    118|     expect(screen.getByText("$10,000")).toBeInTheDocument();
       |                   ^
    119|     expect(screen.getByText("$500")).toBeInTheDocument();
    120| 

⎯⎯⎯⎯⎯⎯⎯⎯⎯⎯⎯⎯⎯⎯⎯⎯⎯⎯⎯⎯⎯⎯⎯[4/28]⎯

 FAIL  src/test/SimpleResults.test.tsx > SimpleResults > should show correct styling for winner
Error: [2mexpect([22m[31melement[39m[2m).toHaveClass([22m[32m[32m"bg-green-50 border-green-300"[32m[39m[2m)[22m

Expected the element to have class:
[32m  bg-green-50 border-green-300[39m
Received:
[31m  flex items-center gap-2 mb-2 sm:mb-4[39m
 ❯ src/test/SimpleResults.test.tsx:139:25
    137|     const sp500Section = screen.getByText("S&P 500").closest("div");
    138| 
    139|     expect(userSection).toHaveClass("bg-green-50", "border-green-300");
       |                         ^
    140|     expect(sp500Section).toHaveClass("bg-gray-50", "border-gray-300");
    141|   });

⎯⎯⎯⎯⎯⎯⎯⎯⎯⎯⎯⎯⎯⎯⎯⎯⎯⎯⎯⎯⎯⎯⎯[5/28]⎯

 FAIL  src/test/SimpleResults.test.tsx > SimpleResults > should display performance difference with correct styling
TestingLibraryElementError: Found multiple elements with the text: Difference:

Here are the matching elements:

Ignored nodes: comments, script, style
[36m<span[39m
  [33mclass[39m=[32m"text-xs sm:text-sm text-gray-700 font-medium"[39m
[36m>[39m
  [0mDifference:[0m
[36m</span>[39m

Ignored nodes: comments, script, style
[36m<span[39m
  [33mclass[39m=[32m"text-xs sm:text-sm text-gray-700 font-medium"[39m
[36m>[39m
  [0mDifference:[0m
[36m</span>[39m

(If this is intentional, then use the `*AllBy*` variant of the query (like `queryAllByText`, `getAllByText`, or `findAllByText`)).

Ignored nodes: comments, script, style
[36m<body>[39m
  [36m<div>[39m
    [36m<div[39m
      [33mclass[39m=[32m"space-y-4 sm:space-y-6"[39m
    [36m>[39m
      [36m<div[39m
        [33mclass[39m=[32m"bg-white rounded-2xl shadow-xl p-6 p-4 sm:p-6"[39m
      [36m>[39m
        [36m<div[39m
          [33mclass[39m=[32m"text-center mb-3 sm:mb-6"[39m
        [36m>[39m
          [36m<h2[39m
            [33mclass[39m=[32m"text-lg sm:text-2xl font-bold text-gray-800 flex items-center justify-center gap-2"[39m
          [36m>[39m
            [36m<svg[39m
              [33maria-hidden[39m=[32m"true"[39m
              [33mclass[39m=[32m"lucide lucide-trending-up w-5 h-5 sm:w-6 sm:h-6 text-blue-600"[39m
              [33mfill[39m=[32m"none"[39m
              [33mheight[39m=[32m"24"[39m
              [33mstroke[39m=[32m"currentColor"[39m
              [33mstroke-linecap[39m=[32m"round"[39m
              [33mstroke-linejoin[39m=[32m"round"[39m
              [33mstroke-width[39m=[32m"2"[39m
              [33mviewBox[39m=[32m"0 0 24 24"[39m
              [33mwidth[39m=[32m"24"[39m
              [33mxmlns[39m=[32m"http://www.w3.org/2000/svg"[39m
            [36m>[39m
              [36m<path[39m
                [33md[39m=[32m"M16 7h6v6"[39m
              [36m/>[39m
              [36m<path[39m
                [33md[39m=[32m"m22 7-8.5 8.5-5-5L2 17"[39m
              [36m/>[39m
            [36m</svg>[39m
            [0mResults after [0m
            [0m10[0m
            [0m years[0m
          [36m</h2>[39m
        [36m</div>[39m
        [36m<div[39m
          [33mclass[39m=[32m"text-center p-3 sm:p-6 rounded-xl mb-3 sm:mb-6 bg-green-50 border-2 border-green-200"[39m
        [36m>[39m
          [36m<div[39m
            [33mclass[39m=[32m"flex items-center justify-center gap-2 mb-1 sm:mb-2"[39m
          [36m>[39m
            [36m<svg[39m
              [33maria-hidden[39m=[32m"true"[39m
              [33mclass[39m=[32m"lucide lucide-trophy w-6 h-6 sm:w-8 sm:h-8 text-green-600"[39m
              [33mfill[39m=[32m"none"[39m
              [33mheight[39m=[32m"24"[39m
              [33mstroke[39m=[32m"currentColor"[39m
              [33mstroke-linecap[39m=[32m"round"[39m
              [33mstroke-linejoin[39m=[32m"round"[39m
              [33mstroke-width[39m=[32m"2"[39m
              [33mviewBox[39m=[32m"0 0 24 24"[39m
              [33mwidth[39m=[32m"24"[39m
              [33mxmlns[39m=[32m"http://www.w3.org/2000/svg"[39m
            [36m>[39m
              [36m<path[39m
                [33md[39m=[32m"M6 9H4.5a2.5 2.5 0 0 1 0-5H6"[39m
              [36m/>[39m
              [36m<path[39m
                [33md[39m=[32m"M18 9h1.5a2.5 2.5 0 0 0 0-5H18"[39m
              [36m/>[39m
              [36m<path[39m
                [33md[39m=[32m"M4 22h16"[39m
              [36m/>[39m
              [36m<path[39m
                [33md[39m=[32m"M10 14.66V17c0 .55-.47.98-.97 1.21C7.85 18.75 7 20.24 7 22"[39m
              [36m/>[39m
              [36m<path[39m
                [33md[39m=[32m"M14 14.66V17c0 .55.47.98.97 1.21C16.15 18.75 17 20.24 17 22"[39m
              [36m/>[39m
              [36m<path[39m
                [33md[39m=[32m"M18 2H6v7a6 6 0 0 0 12 0V2Z"[39m
              [36m/>[39m
            [36m</svg>[39m
            [36m<h3[39m
              [33mclass[39m=[32m"text-base sm:text-xl font-bold text-gray-800"[39m
            [36m>[39m
              [0mNASDAQ 100 Wins![0m
            [36m</h3>[39m
          [36m</div>[39m
          [36m<p[39m
            [33mclass[39m=[32m"text-sm sm:text-lg font-semibold text-green-700"[39m
          [36m>[39m
            [0mYour investment[0m
            [0m outperformed by[0m
            [0m [0m
            [0m$20,000[0m
          [36m</p>[39m
        [36m</div>[39m
        [36m<div[39m
          [33mclass[39m=[32m"grid grid-cols-1 sm:grid-cols-2 gap-3 sm:gap-6"[39m
        [36m>[39m
          [36m<div[39m
            [33mclass[39m=[32m"p-3 sm:p-6 rounded-xl border-2 bg-green-50 border-green-300"[39m
          [36m>[39m
            [36m<div[39m
              [33mclass[39m=[32m"flex items-center gap-2 mb-2 sm:mb-4"[39m
            [36m>[39m
              [36m<svg[39m
                [33maria-hidden[39m=[32m"true"[39m
                [33mclass[39m=[32m"lucide lucide-trophy w-4 h-4 sm:w-5 sm:h-5 text-green-600"[39m
                [33mfill[39m=[32m"none"[39m
                [33mheight[39m=[32m"24"[39m
                [33mstroke[39m=[32m"currentColor"[39m
                [33mstroke-linecap[39m=[32m"round"[39m
                [33mstroke-linejoin[39m=[32m"round"[39m
                [33mstroke-width[39m=[32m"2"[39m
                [33mviewBox[39m=[32m"0 0 24 24"[39m
                [33mwidth[39m=[32m"24"[39m
                [33mxmlns[39m=[32m"http://www.w3.org/2000/svg"[39m
              [36m>[39m
                [36m<path[39m
                  [33md[39m=[32m"M6 9H4.5a2.5 2.5 0 0 1 0-5H6"[39m
                [36m/>[39m
                [36m<path[39m
                  [33md[39m=[32m"M18 9h1.5a2.5 2.5 0 0 0 0-5H18"[39m
                [36m/>[39m
                [36m<path[39m
                  [33md[39m=[32m"M4 22h16"[39m
                [36m/>[39m
                [36m<path[39m
                  [33md[39m=[32m"M10 14.66V17c0 .55-.47.98-.97 1.21C7.85 18.75 7 20.24 7 22"[39m
                [36m/>[39m
                [36m<path[39m
                  [33md[39m=[32m"M14 14.66V17c0 .55.47.98.97 1.21C16.15 18.75 17 20.24 17 22"[39m
                [36m/>[39m
                [36m<path[39m
                  [33md[39m=[32m"M18 2H6v7a6 6 0 0 0 12 0V2Z"[39m
                [36m/>[39m
              [36m</svg>[39m
              [36m<h4[39m
                [33mclass[39m=[32m"text-sm sm:text-lg font-bold text-gray-800"[39m
              [36m>[39m
                [0mNASDAQ 100[0m
              [36m</h4>[39m
            [36m</div>[39m
            [36m<div[39m
              [33mclass[39m=[32m"space-y-2 sm:space-y-3"[39m
            [36m>[39m
              [36m<div[39m
                [33mclass[39m=[32m"flex justify-between items-center"[39m
              [36m>[39m
                [36m<span[39m
                  [33mclass[39m=[32m"text-xs sm:text-sm text-gray-700"[39m
                [36m>[39m
                  [0mFinal Value:[0m
                [36m</span>[39m
                [36m<span[39m
                  [33mclass[39m=[32m"text-lg sm:text-2xl font-bold text-green-600"[39m
                [36m>[39m
                  [0m$150,000[0m
                [36m</span>[39m
              [36m</div>[39m
              [36m<div[39m
                [33mclass[39m=[32m"flex justify-between items-center"[39m
    ...
 ❯ Object.getElementError node_modules/@testing-library/dom/dist/config.js:37:19
 ❯ getElementError node_modules/@testing-library/dom/dist/query-helpers.js:20:35
 ❯ getMultipleElementsFoundError node_modules/@testing-library/dom/dist/query-helpers.js:23:10
 ❯ node_modules/@testing-library/dom/dist/query-helpers.js:55:13
 ❯ node_modules/@testing-library/dom/dist/query-helpers.js:95:19
 ❯ src/test/SimpleResults.test.tsx:250:8
    248| 
    249|     const sp500DifferenceSection = screen
    250|       .getByText("Difference:")
       |        ^
    251|       .closest("div");
    252|     expect(sp500DifferenceSection).toContainHTML("text-red-600"); // S…

⎯⎯⎯⎯⎯⎯⎯⎯⎯⎯⎯⎯⎯⎯⎯⎯⎯⎯⎯⎯⎯⎯⎯[6/28]⎯

 FAIL  src/test/SimpleResults.test.tsx > SimpleResults > should handle zero monthly contribution
Error: [2mexpect([22m[31melement[39m[2m).not.toBeInTheDocument()[22m

[31mexpected document not to contain element, found <span
  class="text-xs sm:text-sm text-gray-700"
>
  Monthly:
</span> instead[39m
 ❯ src/test/SimpleResults.test.tsx:297:48
    295|     );
    296| 
    297|     expect(screen.queryByText("Monthly:")).not.toBeInTheDocument();
       |                                                ^
    298|   });
    299| });

⎯⎯⎯⎯⎯⎯⎯⎯⎯⎯⎯⎯⎯⎯⎯⎯⎯⎯⎯⎯⎯⎯⎯[7/28]⎯

 FAIL  src/test/StockForm.test.tsx > StockForm > should render all form fields
TestingLibraryElementError: Found a label with the text of: /Quick Presets/, however no form control was found associated to that label. Make sure you're using the "for" attribute or "aria-labelledby" attribute correctly.

Ignored nodes: comments, script, style
[36m<body>[39m
  [36m<div>[39m
    [36m<form[39m
      [33mclass[39m=[32m"space-y-3 sm:space-y-6"[39m
    [36m>[39m
      [36m<div[39m
        [33mclass[39m=[32m"text-center mb-3 sm:mb-6"[39m
      [36m>[39m
        [36m<h2[39m
          [33mclass[39m=[32m"text-sm sm:text-lg font-bold text-gray-800"[39m
        [36m>[39m
          [0mCompare Stocks/ETFs vs S&P 500[0m
        [36m</h2>[39m
      [36m</div>[39m
      [36m<div>[39m
        [36m<label[39m
          [33mclass[39m=[32m"block text-xs sm:text-sm font-medium text-gray-700 mb-1 sm:mb-2"[39m
        [36m>[39m
          [0mQuick Presets 🚀[0m
        [36m</label>[39m
        [36m<select[39m
          [33mclass[39m=[32m"w-full px-2 sm:px-4 py-2 sm:py-3 text-sm border border-gray-300 rounded-lg focus:ring-2 focus:ring-blue-500 focus:border-blue-500 bg-white"[39m
        [36m>[39m
          [36m<option[39m
            [33mselected[39m=[32m""[39m
            [33mvalue[39m=[32m""[39m
          [36m>[39m
            [0mChoose preset...[0m
          [36m</option>[39m
          [36m<option[39m
            [33mvalue[39m=[32m"0"[39m
          [36m>[39m
            [0mS&P 500 Index Fund[0m
            [0m — [0m
            [0m7[0m
            [0m% return[0m
          [36m</option>[39m
          [36m<option[39m
            [33mvalue[39m=[32m"1"[39m
          [36m>[39m
            [0mNASDAQ 100[0m
            [0m — [0m
            [0m10[0m
            [0m% return[0m
          [36m</option>[39m
          [36m<option[39m
            [33mvalue[39m=[32m"2"[39m
          [36m>[39m
            [0mConservative Bonds[0m
            [0m — [0m
            [0m4[0m
            [0m% return[0m
          [36m</option>[39m
          [36m<option[39m
            [33mvalue[39m=[32m"3"[39m
          [36m>[39m
            [0mHigh Growth Tech[0m
            [0m — [0m
            [0m12[0m
            [0m% return[0m
          [36m</option>[39m
          [36m<option[39m
            [33mvalue[39m=[32m"4"[39m
          [36m>[39m
            [0mDividend Aristocrats[0m
            [0m — [0m
            [0m8[0m
            [0m% return[0m
          [36m</option>[39m
        [36m</select>[39m
      [36m</div>[39m
      [36m<div>[39m
        [36m<label[39m
          [33mclass[39m=[32m"block text-xs sm:text-sm font-medium text-gray-700 mb-1 sm:mb-2"[39m
        [36m>[39m
          [0mInvestment Name[0m
        [36m</label>[39m
        [36m<input[39m
          [33mclass[39m=[32m"w-full px-2 sm:px-4 py-2 sm:py-3 text-sm border border-gray-300 rounded-lg focus:ring-2 focus:ring-blue-500 focus:border-blue-500"[39m
          [33mplaceholder[39m=[32m"e.g., VFIAX, QQQ"[39m
          [33mtype[39m=[32m"text"[39m
          [33mvalue[39m=[32m"S&P 500"[39m
        [36m/>[39m
      [36m</div>[39m
      [36m<div[39m
        [33mclass[39m=[32m"grid grid-cols-2 gap-2 sm:gap-4"[39m
      [36m>[39m
        [36m<div>[39m
          [36m<label[39m
            [33mclass[39m=[32m"block text-xs sm:text-sm font-medium text-gray-700 mb-1 sm:mb-2"[39m
          [36m>[39m
            [0mInitial ($)[0m
          [36m</label>[39m
          [36m<input[39m
            [33mclass[39m=[32m"w-full px-2 sm:px-4 py-2 sm:py-3 text-sm border border-gray-300 rounded-lg focus:ring-2 focus:ring-blue-500 focus:border-blue-500"[39m
            [33mmin[39m=[32m"0"[39m
            [33mplaceholder[39m=[32m"1000"[39m
            [33mrequired[39m=[32m""[39m
            [33mstep[39m=[32m"any"[39m
            [33mtype[39m=[32m"number"[39m
            [33mvalue[39m=[32m"1000"[39m
          [36m/>[39m
        [36m</div>[39m
        [36m<div>[39m
          [36m<label[39m
            [33mclass[39m=[32m"block text-xs sm:text-sm font-medium text-gray-700 mb-1 sm:mb-2"[39m
          [36m>[39m
            [0mMonthly ($)[0m
          [36m</label>[39m
          [36m<input[39m
            [33mclass[39m=[32m"w-full px-2 sm:px-4 py-2 sm:py-3 text-sm border border-gray-300 rounded-lg focus:ring-2 focus:ring-blue-500 focus:border-blue-500"[39m
            [33mmin[39m=[32m"0"[39m
            [33mplaceholder[39m=[32m"100"[39m
            [33mstep[39m=[32m"any"[39m
            [33mtype[39m=[32m"number"[39m
            [33mvalue[39m=[32m"100"[39m
          [36m/>[39m
        [36m</div>[39m
      [36m</div>[39m
      [36m<div[39m
        [33mclass[39m=[32m"grid grid-cols-2 gap-2 sm:gap-4"[39m
      [36m>[39m
        [36m<div>[39m
          [36m<label[39m
            [33mclass[39m=[32m"block text-xs sm:text-sm font-medium text-gray-700 mb-1 sm:mb-2"[39m
          [36m>[39m
            [0mReturn (%)[0m
          [36m</label>[39m
          [36m<input[39m
            [33mclass[39m=[32m"w-full px-2 sm:px-4 py-2 sm:py-3 text-sm border border-gray-300 rounded-lg focus:ring-2 focus:ring-blue-500 focus:border-blue-500"[39m
            [33mmin[39m=[32m"0"[39m
            [33mplaceholder[39m=[32m"7"[39m
            [33mrequired[39m=[32m""[39m
            [33mstep[39m=[32m"any"[39m
            [33mtype[39m=[32m"number"[39m
            [33mvalue[39m=[32m"7"[39m
          [36m/>[39m
        [36m</div>[39m
        [36m<div>[39m
          [36m<label[39m
            [33mclass[39m=[32m"block text-xs sm:text-sm font-medium text-gray-700 mb-1 sm:mb-2"[39m
          [36m>[39m
            [0mFees (%)[0m
          [36m</label>[39m
          [36m<input[39m
            [33mclass[39m=[32m"w-full px-2 sm:px-4 py-2 sm:py-3 text-sm border border-gray-300 rounded-lg focus:ring-2 focus:ring-blue-500 focus:border-blue-500"[39m
            [33mmin[39m=[32m"0"[39m
            [33mplaceholder[39m=[32m"0.1"[39m
            [33mstep[39m=[32m"any"[39m
            [33mtype[39m=[32m"number"[39m
            [33mvalue[39m=[32m"0.1"[39m
          [36m/>[39m
        [36m</div>[39m
      [36m</div>[39m
      [36m<div>[39m
        [36m<label[39m
          [33mclass[39m=[32m"block text-xs sm:text-sm font-medium text-gray-700 mb-1 sm:mb-2"[39m
        [36m>[39m
          [0mYears[0m
        [36m</label>[39m
        [36m<input[39m
          [33mclass[39m=[32m"w-full px-2 sm:px-4 py-2 sm:py-3 text-sm border border-gray-300 rounded-lg focus:ring-2 focus:ring-blue-500 focus:border-blue-500"[39m
          [33mmax[39m=[32m"50"[39m
          [33mmin[39m=[32m"1"[39m
          [33mplaceholder[39m=[32m"10"[39m
          [33mrequired[39m=[32m""[39m
          [33mtype[39m=[32m"number"[39m
          [33mvalue[39m=[32m"10"[39m
        [36m/>[39m
      [36m</div>[39m
      [36m<button[39m
        [33mclass[39m=[32m"w-full bg-blue-600 hover:bg-blue-700 text-white font-semibold py-3 sm:py-4 px-4 sm:px-6 rounded-lg transition-colors flex items-center justify-center gap-2 text-sm sm:text-base"[39m
        [33mtype[39m=[32m"submit"[39m
      [36m>[39m
        [36m<span>[39m
          [0m📊[0m
        [36m</span>[39m
        [0mCompare with S&P 500[0m
      [36m</button>[39m
    [36m</form>[39m
  [36m</div>[39m
[36m</body>[39m
 ❯ Object.getElementError node_modules/@testing-library/dom/dist/config.js:37:19
 ❯ getAllByLabelText node_modules/@testing-library/dom/dist/queries/label-text.js:108:40
 ❯ node_modules/@testing-library/dom/dist/query-helpers.js:52:17
 ❯ node_modules/@testing-library/dom/dist/query-helpers.js:95:19
 ❯ src/test/StockForm.test.tsx:20:19
     18|       screen.getByText("Compare Stocks/ETFs vs S&P 500")
     19|     ).toBeInTheDocument();
     20|     expect(screen.getByLabelText(/Quick Presets/)).toBeInTheDocument();
       |                   ^
     21|     expect(screen.getByLabelText(/Investment Name/)).toBeInTheDocument…
     22|     expect(screen.getByLabelText(/Initial/)).toBeInTheDocument();

⎯⎯⎯⎯⎯⎯⎯⎯⎯⎯⎯⎯⎯⎯⎯⎯⎯⎯⎯⎯⎯⎯⎯[8/28]⎯

 FAIL  src/test/StockForm.test.tsx > StockForm > should update fields when user types
TestingLibraryElementError: Found a label with the text of: /Investment Name/, however no form control was found associated to that label. Make sure you're using the "for" attribute or "aria-labelledby" attribute correctly.

Ignored nodes: comments, script, style
[36m<body>[39m
  [36m<div>[39m
    [36m<form[39m
      [33mclass[39m=[32m"space-y-3 sm:space-y-6"[39m
    [36m>[39m
      [36m<div[39m
        [33mclass[39m=[32m"text-center mb-3 sm:mb-6"[39m
      [36m>[39m
        [36m<h2[39m
          [33mclass[39m=[32m"text-sm sm:text-lg font-bold text-gray-800"[39m
        [36m>[39m
          [0mCompare Stocks/ETFs vs S&P 500[0m
        [36m</h2>[39m
      [36m</div>[39m
      [36m<div>[39m
        [36m<label[39m
          [33mclass[39m=[32m"block text-xs sm:text-sm font-medium text-gray-700 mb-1 sm:mb-2"[39m
        [36m>[39m
          [0mQuick Presets 🚀[0m
        [36m</label>[39m
        [36m<select[39m
          [33mclass[39m=[32m"w-full px-2 sm:px-4 py-2 sm:py-3 text-sm border border-gray-300 rounded-lg focus:ring-2 focus:ring-blue-500 focus:border-blue-500 bg-white"[39m
        [36m>[39m
          [36m<option[39m
            [33mselected[39m=[32m""[39m
            [33mvalue[39m=[32m""[39m
          [36m>[39m
            [0mChoose preset...[0m
          [36m</option>[39m
          [36m<option[39m
            [33mvalue[39m=[32m"0"[39m
          [36m>[39m
            [0mS&P 500 Index Fund[0m
            [0m — [0m
            [0m7[0m
            [0m% return[0m
          [36m</option>[39m
          [36m<option[39m
            [33mvalue[39m=[32m"1"[39m
          [36m>[39m
            [0mNASDAQ 100[0m
            [0m — [0m
            [0m10[0m
            [0m% return[0m
          [36m</option>[39m
          [36m<option[39m
            [33mvalue[39m=[32m"2"[39m
          [36m>[39m
            [0mConservative Bonds[0m
            [0m — [0m
            [0m4[0m
            [0m% return[0m
          [36m</option>[39m
          [36m<option[39m
            [33mvalue[39m=[32m"3"[39m
          [36m>[39m
            [0mHigh Growth Tech[0m
            [0m — [0m
            [0m12[0m
            [0m% return[0m
          [36m</option>[39m
          [36m<option[39m
            [33mvalue[39m=[32m"4"[39m
          [36m>[39m
            [0mDividend Aristocrats[0m
            [0m — [0m
            [0m8[0m
            [0m% return[0m
          [36m</option>[39m
        [36m</select>[39m
      [36m</div>[39m
      [36m<div>[39m
        [36m<label[39m
          [33mclass[39m=[32m"block text-xs sm:text-sm font-medium text-gray-700 mb-1 sm:mb-2"[39m
        [36m>[39m
          [0mInvestment Name[0m
        [36m</label>[39m
        [36m<input[39m
          [33mclass[39m=[32m"w-full px-2 sm:px-4 py-2 sm:py-3 text-sm border border-gray-300 rounded-lg focus:ring-2 focus:ring-blue-500 focus:border-blue-500"[39m
          [33mplaceholder[39m=[32m"e.g., VFIAX, QQQ"[39m
          [33mtype[39m=[32m"text"[39m
          [33mvalue[39m=[32m"S&P 500"[39m
        [36m/>[39m
      [36m</div>[39m
      [36m<div[39m
        [33mclass[39m=[32m"grid grid-cols-2 gap-2 sm:gap-4"[39m
      [36m>[39m
        [36m<div>[39m
          [36m<label[39m
            [33mclass[39m=[32m"block text-xs sm:text-sm font-medium text-gray-700 mb-1 sm:mb-2"[39m
          [36m>[39m
            [0mInitial ($)[0m
          [36m</label>[39m
          [36m<input[39m
            [33mclass[39m=[32m"w-full px-2 sm:px-4 py-2 sm:py-3 text-sm border border-gray-300 rounded-lg focus:ring-2 focus:ring-blue-500 focus:border-blue-500"[39m
            [33mmin[39m=[32m"0"[39m
            [33mplaceholder[39m=[32m"1000"[39m
            [33mrequired[39m=[32m""[39m
            [33mstep[39m=[32m"any"[39m
            [33mtype[39m=[32m"number"[39m
            [33mvalue[39m=[32m"1000"[39m
          [36m/>[39m
        [36m</div>[39m
        [36m<div>[39m
          [36m<label[39m
            [33mclass[39m=[32m"block text-xs sm:text-sm font-medium text-gray-700 mb-1 sm:mb-2"[39m
          [36m>[39m
            [0mMonthly ($)[0m
          [36m</label>[39m
          [36m<input[39m
            [33mclass[39m=[32m"w-full px-2 sm:px-4 py-2 sm:py-3 text-sm border border-gray-300 rounded-lg focus:ring-2 focus:ring-blue-500 focus:border-blue-500"[39m
            [33mmin[39m=[32m"0"[39m
            [33mplaceholder[39m=[32m"100"[39m
            [33mstep[39m=[32m"any"[39m
            [33mtype[39m=[32m"number"[39m
            [33mvalue[39m=[32m"100"[39m
          [36m/>[39m
        [36m</div>[39m
      [36m</div>[39m
      [36m<div[39m
        [33mclass[39m=[32m"grid grid-cols-2 gap-2 sm:gap-4"[39m
      [36m>[39m
        [36m<div>[39m
          [36m<label[39m
            [33mclass[39m=[32m"block text-xs sm:text-sm font-medium text-gray-700 mb-1 sm:mb-2"[39m
          [36m>[39m
            [0mReturn (%)[0m
          [36m</label>[39m
          [36m<input[39m
            [33mclass[39m=[32m"w-full px-2 sm:px-4 py-2 sm:py-3 text-sm border border-gray-300 rounded-lg focus:ring-2 focus:ring-blue-500 focus:border-blue-500"[39m
            [33mmin[39m=[32m"0"[39m
            [33mplaceholder[39m=[32m"7"[39m
            [33mrequired[39m=[32m""[39m
            [33mstep[39m=[32m"any"[39m
            [33mtype[39m=[32m"number"[39m
            [33mvalue[39m=[32m"7"[39m
          [36m/>[39m
        [36m</div>[39m
        [36m<div>[39m
          [36m<label[39m
            [33mclass[39m=[32m"block text-xs sm:text-sm font-medium text-gray-700 mb-1 sm:mb-2"[39m
          [36m>[39m
            [0mFees (%)[0m
          [36m</label>[39m
          [36m<input[39m
            [33mclass[39m=[32m"w-full px-2 sm:px-4 py-2 sm:py-3 text-sm border border-gray-300 rounded-lg focus:ring-2 focus:ring-blue-500 focus:border-blue-500"[39m
            [33mmin[39m=[32m"0"[39m
            [33mplaceholder[39m=[32m"0.1"[39m
            [33mstep[39m=[32m"any"[39m
            [33mtype[39m=[32m"number"[39m
            [33mvalue[39m=[32m"0.1"[39m
          [36m/>[39m
        [36m</div>[39m
      [36m</div>[39m
      [36m<div>[39m
        [36m<label[39m
          [33mclass[39m=[32m"block text-xs sm:text-sm font-medium text-gray-700 mb-1 sm:mb-2"[39m
        [36m>[39m
          [0mYears[0m
        [36m</label>[39m
        [36m<input[39m
          [33mclass[39m=[32m"w-full px-2 sm:px-4 py-2 sm:py-3 text-sm border border-gray-300 rounded-lg focus:ring-2 focus:ring-blue-500 focus:border-blue-500"[39m
          [33mmax[39m=[32m"50"[39m
          [33mmin[39m=[32m"1"[39m
          [33mplaceholder[39m=[32m"10"[39m
          [33mrequired[39m=[32m""[39m
          [33mtype[39m=[32m"number"[39m
          [33mvalue[39m=[32m"10"[39m
        [36m/>[39m
      [36m</div>[39m
      [36m<button[39m
        [33mclass[39m=[32m"w-full bg-blue-600 hover:bg-blue-700 text-white font-semibold py-3 sm:py-4 px-4 sm:px-6 rounded-lg transition-colors flex items-center justify-center gap-2 text-sm sm:text-base"[39m
        [33mtype[39m=[32m"submit"[39m
      [36m>[39m
        [36m<span>[39m
          [0m📊[0m
        [36m</span>[39m
        [0mCompare with S&P 500[0m
      [36m</button>[39m
    [36m</form>[39m
  [36m</div>[39m
[36m</body>[39m
 ❯ Object.getElementError node_modules/@testing-library/dom/dist/config.js:37:19
 ❯ getAllByLabelText node_modules/@testing-library/dom/dist/queries/label-text.js:108:40
 ❯ node_modules/@testing-library/dom/dist/query-helpers.js:52:17
 ❯ node_modules/@testing-library/dom/dist/query-helpers.js:95:19
 ❯ src/test/StockForm.test.tsx:47:30
     45|     render(<StockForm onSubmit={mockOnSubmit} />);
     46| 
     47|     const nameInput = screen.getByLabelText(/Investment Name/);
       |                              ^
     48|     const initialInput = screen.getByLabelText(/Initial/);
     49| 

⎯⎯⎯⎯⎯⎯⎯⎯⎯⎯⎯⎯⎯⎯⎯⎯⎯⎯⎯⎯⎯⎯⎯[9/28]⎯

 FAIL  src/test/StockForm.test.tsx > StockForm > should apply preset values when selected
TestingLibraryElementError: Found a label with the text of: /Quick Presets/, however no form control was found associated to that label. Make sure you're using the "for" attribute or "aria-labelledby" attribute correctly.

Ignored nodes: comments, script, style
[36m<body>[39m
  [36m<div>[39m
    [36m<form[39m
      [33mclass[39m=[32m"space-y-3 sm:space-y-6"[39m
    [36m>[39m
      [36m<div[39m
        [33mclass[39m=[32m"text-center mb-3 sm:mb-6"[39m
      [36m>[39m
        [36m<h2[39m
          [33mclass[39m=[32m"text-sm sm:text-lg font-bold text-gray-800"[39m
        [36m>[39m
          [0mCompare Stocks/ETFs vs S&P 500[0m
        [36m</h2>[39m
      [36m</div>[39m
      [36m<div>[39m
        [36m<label[39m
          [33mclass[39m=[32m"block text-xs sm:text-sm font-medium text-gray-700 mb-1 sm:mb-2"[39m
        [36m>[39m
          [0mQuick Presets 🚀[0m
        [36m</label>[39m
        [36m<select[39m
          [33mclass[39m=[32m"w-full px-2 sm:px-4 py-2 sm:py-3 text-sm border border-gray-300 rounded-lg focus:ring-2 focus:ring-blue-500 focus:border-blue-500 bg-white"[39m
        [36m>[39m
          [36m<option[39m
            [33mselected[39m=[32m""[39m
            [33mvalue[39m=[32m""[39m
          [36m>[39m
            [0mChoose preset...[0m
          [36m</option>[39m
          [36m<option[39m
            [33mvalue[39m=[32m"0"[39m
          [36m>[39m
            [0mS&P 500 Index Fund[0m
            [0m — [0m
            [0m7[0m
            [0m% return[0m
          [36m</option>[39m
          [36m<option[39m
            [33mvalue[39m=[32m"1"[39m
          [36m>[39m
            [0mNASDAQ 100[0m
            [0m — [0m
            [0m10[0m
            [0m% return[0m
          [36m</option>[39m
          [36m<option[39m
            [33mvalue[39m=[32m"2"[39m
          [36m>[39m
            [0mConservative Bonds[0m
            [0m — [0m
            [0m4[0m
            [0m% return[0m
          [36m</option>[39m
          [36m<option[39m
            [33mvalue[39m=[32m"3"[39m
          [36m>[39m
            [0mHigh Growth Tech[0m
            [0m — [0m
            [0m12[0m
            [0m% return[0m
          [36m</option>[39m
          [36m<option[39m
            [33mvalue[39m=[32m"4"[39m
          [36m>[39m
            [0mDividend Aristocrats[0m
            [0m — [0m
            [0m8[0m
            [0m% return[0m
          [36m</option>[39m
        [36m</select>[39m
      [36m</div>[39m
      [36m<div>[39m
        [36m<label[39m
          [33mclass[39m=[32m"block text-xs sm:text-sm font-medium text-gray-700 mb-1 sm:mb-2"[39m
        [36m>[39m
          [0mInvestment Name[0m
        [36m</label>[39m
        [36m<input[39m
          [33mclass[39m=[32m"w-full px-2 sm:px-4 py-2 sm:py-3 text-sm border border-gray-300 rounded-lg focus:ring-2 focus:ring-blue-500 focus:border-blue-500"[39m
          [33mplaceholder[39m=[32m"e.g., VFIAX, QQQ"[39m
          [33mtype[39m=[32m"text"[39m
          [33mvalue[39m=[32m"S&P 500"[39m
        [36m/>[39m
      [36m</div>[39m
      [36m<div[39m
        [33mclass[39m=[32m"grid grid-cols-2 gap-2 sm:gap-4"[39m
      [36m>[39m
        [36m<div>[39m
          [36m<label[39m
            [33mclass[39m=[32m"block text-xs sm:text-sm font-medium text-gray-700 mb-1 sm:mb-2"[39m
          [36m>[39m
            [0mInitial ($)[0m
          [36m</label>[39m
          [36m<input[39m
            [33mclass[39m=[32m"w-full px-2 sm:px-4 py-2 sm:py-3 text-sm border border-gray-300 rounded-lg focus:ring-2 focus:ring-blue-500 focus:border-blue-500"[39m
            [33mmin[39m=[32m"0"[39m
            [33mplaceholder[39m=[32m"1000"[39m
            [33mrequired[39m=[32m""[39m
            [33mstep[39m=[32m"any"[39m
            [33mtype[39m=[32m"number"[39m
            [33mvalue[39m=[32m"1000"[39m
          [36m/>[39m
        [36m</div>[39m
        [36m<div>[39m
          [36m<label[39m
            [33mclass[39m=[32m"block text-xs sm:text-sm font-medium text-gray-700 mb-1 sm:mb-2"[39m
          [36m>[39m
            [0mMonthly ($)[0m
          [36m</label>[39m
          [36m<input[39m
            [33mclass[39m=[32m"w-full px-2 sm:px-4 py-2 sm:py-3 text-sm border border-gray-300 rounded-lg focus:ring-2 focus:ring-blue-500 focus:border-blue-500"[39m
            [33mmin[39m=[32m"0"[39m
            [33mplaceholder[39m=[32m"100"[39m
            [33mstep[39m=[32m"any"[39m
            [33mtype[39m=[32m"number"[39m
            [33mvalue[39m=[32m"100"[39m
          [36m/>[39m
        [36m</div>[39m
      [36m</div>[39m
      [36m<div[39m
        [33mclass[39m=[32m"grid grid-cols-2 gap-2 sm:gap-4"[39m
      [36m>[39m
        [36m<div>[39m
          [36m<label[39m
            [33mclass[39m=[32m"block text-xs sm:text-sm font-medium text-gray-700 mb-1 sm:mb-2"[39m
          [36m>[39m
            [0mReturn (%)[0m
          [36m</label>[39m
          [36m<input[39m
            [33mclass[39m=[32m"w-full px-2 sm:px-4 py-2 sm:py-3 text-sm border border-gray-300 rounded-lg focus:ring-2 focus:ring-blue-500 focus:border-blue-500"[39m
            [33mmin[39m=[32m"0"[39m
            [33mplaceholder[39m=[32m"7"[39m
            [33mrequired[39m=[32m""[39m
            [33mstep[39m=[32m"any"[39m
            [33mtype[39m=[32m"number"[39m
            [33mvalue[39m=[32m"7"[39m
          [36m/>[39m
        [36m</div>[39m
        [36m<div>[39m
          [36m<label[39m
            [33mclass[39m=[32m"block text-xs sm:text-sm font-medium text-gray-700 mb-1 sm:mb-2"[39m
          [36m>[39m
            [0mFees (%)[0m
          [36m</label>[39m
          [36m<input[39m
            [33mclass[39m=[32m"w-full px-2 sm:px-4 py-2 sm:py-3 text-sm border border-gray-300 rounded-lg focus:ring-2 focus:ring-blue-500 focus:border-blue-500"[39m
            [33mmin[39m=[32m"0"[39m
            [33mplaceholder[39m=[32m"0.1"[39m
            [33mstep[39m=[32m"any"[39m
            [33mtype[39m=[32m"number"[39m
            [33mvalue[39m=[32m"0.1"[39m
          [36m/>[39m
        [36m</div>[39m
      [36m</div>[39m
      [36m<div>[39m
        [36m<label[39m
          [33mclass[39m=[32m"block text-xs sm:text-sm font-medium text-gray-700 mb-1 sm:mb-2"[39m
        [36m>[39m
          [0mYears[0m
        [36m</label>[39m
        [36m<input[39m
          [33mclass[39m=[32m"w-full px-2 sm:px-4 py-2 sm:py-3 text-sm border border-gray-300 rounded-lg focus:ring-2 focus:ring-blue-500 focus:border-blue-500"[39m
          [33mmax[39m=[32m"50"[39m
          [33mmin[39m=[32m"1"[39m
          [33mplaceholder[39m=[32m"10"[39m
          [33mrequired[39m=[32m""[39m
          [33mtype[39m=[32m"number"[39m
          [33mvalue[39m=[32m"10"[39m
        [36m/>[39m
      [36m</div>[39m
      [36m<button[39m
        [33mclass[39m=[32m"w-full bg-blue-600 hover:bg-blue-700 text-white font-semibold py-3 sm:py-4 px-4 sm:px-6 rounded-lg transition-colors flex items-center justify-center gap-2 text-sm sm:text-base"[39m
        [33mtype[39m=[32m"submit"[39m
      [36m>[39m
        [36m<span>[39m
          [0m📊[0m
        [36m</span>[39m
        [0mCompare with S&P 500[0m
      [36m</button>[39m
    [36m</form>[39m
  [36m</div>[39m
[36m</body>[39m
 ❯ Object.getElementError node_modules/@testing-library/dom/dist/config.js:37:19
 ❯ getAllByLabelText node_modules/@testing-library/dom/dist/queries/label-text.js:108:40
 ❯ node_modules/@testing-library/dom/dist/query-helpers.js:52:17
 ❯ node_modules/@testing-library/dom/dist/query-helpers.js:95:19
 ❯ src/test/StockForm.test.tsx:63:33
     61|     render(<StockForm onSubmit={mockOnSubmit} />);
     62| 
     63|     const presetSelect = screen.getByLabelText(/Quick Presets/);
       |                                 ^
     64|     await user.selectOptions(presetSelect, "1"); // NASDAQ 100 preset
     65| 

⎯⎯⎯⎯⎯⎯⎯⎯⎯⎯⎯⎯⎯⎯⎯⎯⎯⎯⎯⎯⎯⎯[10/28]⎯

 FAIL  src/test/StockForm.test.tsx > StockForm > should validate required fields
TestingLibraryElementError: Found a label with the text of: /Initial/, however no form control was found associated to that label. Make sure you're using the "for" attribute or "aria-labelledby" attribute correctly.

Ignored nodes: comments, script, style
[36m<body>[39m
  [36m<div>[39m
    [36m<form[39m
      [33mclass[39m=[32m"space-y-3 sm:space-y-6"[39m
    [36m>[39m
      [36m<div[39m
        [33mclass[39m=[32m"text-center mb-3 sm:mb-6"[39m
      [36m>[39m
        [36m<h2[39m
          [33mclass[39m=[32m"text-sm sm:text-lg font-bold text-gray-800"[39m
        [36m>[39m
          [0mCompare Stocks/ETFs vs S&P 500[0m
        [36m</h2>[39m
      [36m</div>[39m
      [36m<div>[39m
        [36m<label[39m
          [33mclass[39m=[32m"block text-xs sm:text-sm font-medium text-gray-700 mb-1 sm:mb-2"[39m
        [36m>[39m
          [0mQuick Presets 🚀[0m
        [36m</label>[39m
        [36m<select[39m
          [33mclass[39m=[32m"w-full px-2 sm:px-4 py-2 sm:py-3 text-sm border border-gray-300 rounded-lg focus:ring-2 focus:ring-blue-500 focus:border-blue-500 bg-white"[39m
        [36m>[39m
          [36m<option[39m
            [33mselected[39m=[32m""[39m
            [33mvalue[39m=[32m""[39m
          [36m>[39m
            [0mChoose preset...[0m
          [36m</option>[39m
          [36m<option[39m
            [33mvalue[39m=[32m"0"[39m
          [36m>[39m
            [0mS&P 500 Index Fund[0m
            [0m — [0m
            [0m7[0m
            [0m% return[0m
          [36m</option>[39m
          [36m<option[39m
            [33mvalue[39m=[32m"1"[39m
          [36m>[39m
            [0mNASDAQ 100[0m
            [0m — [0m
            [0m10[0m
            [0m% return[0m
          [36m</option>[39m
          [36m<option[39m
            [33mvalue[39m=[32m"2"[39m
          [36m>[39m
            [0mConservative Bonds[0m
            [0m — [0m
            [0m4[0m
            [0m% return[0m
          [36m</option>[39m
          [36m<option[39m
            [33mvalue[39m=[32m"3"[39m
          [36m>[39m
            [0mHigh Growth Tech[0m
            [0m — [0m
            [0m12[0m
            [0m% return[0m
          [36m</option>[39m
          [36m<option[39m
            [33mvalue[39m=[32m"4"[39m
          [36m>[39m
            [0mDividend Aristocrats[0m
            [0m — [0m
            [0m8[0m
            [0m% return[0m
          [36m</option>[39m
        [36m</select>[39m
      [36m</div>[39m
      [36m<div>[39m
        [36m<label[39m
          [33mclass[39m=[32m"block text-xs sm:text-sm font-medium text-gray-700 mb-1 sm:mb-2"[39m
        [36m>[39m
          [0mInvestment Name[0m
        [36m</label>[39m
        [36m<input[39m
          [33mclass[39m=[32m"w-full px-2 sm:px-4 py-2 sm:py-3 text-sm border border-gray-300 rounded-lg focus:ring-2 focus:ring-blue-500 focus:border-blue-500"[39m
          [33mplaceholder[39m=[32m"e.g., VFIAX, QQQ"[39m
          [33mtype[39m=[32m"text"[39m
          [33mvalue[39m=[32m"S&P 500"[39m
        [36m/>[39m
      [36m</div>[39m
      [36m<div[39m
        [33mclass[39m=[32m"grid grid-cols-2 gap-2 sm:gap-4"[39m
      [36m>[39m
        [36m<div>[39m
          [36m<label[39m
            [33mclass[39m=[32m"block text-xs sm:text-sm font-medium text-gray-700 mb-1 sm:mb-2"[39m
          [36m>[39m
            [0mInitial ($)[0m
          [36m</label>[39m
          [36m<input[39m
            [33mclass[39m=[32m"w-full px-2 sm:px-4 py-2 sm:py-3 text-sm border border-gray-300 rounded-lg focus:ring-2 focus:ring-blue-500 focus:border-blue-500"[39m
            [33mmin[39m=[32m"0"[39m
            [33mplaceholder[39m=[32m"1000"[39m
            [33mrequired[39m=[32m""[39m
            [33mstep[39m=[32m"any"[39m
            [33mtype[39m=[32m"number"[39m
            [33mvalue[39m=[32m"1000"[39m
          [36m/>[39m
        [36m</div>[39m
        [36m<div>[39m
          [36m<label[39m
            [33mclass[39m=[32m"block text-xs sm:text-sm font-medium text-gray-700 mb-1 sm:mb-2"[39m
          [36m>[39m
            [0mMonthly ($)[0m
          [36m</label>[39m
          [36m<input[39m
            [33mclass[39m=[32m"w-full px-2 sm:px-4 py-2 sm:py-3 text-sm border border-gray-300 rounded-lg focus:ring-2 focus:ring-blue-500 focus:border-blue-500"[39m
            [33mmin[39m=[32m"0"[39m
            [33mplaceholder[39m=[32m"100"[39m
            [33mstep[39m=[32m"any"[39m
            [33mtype[39m=[32m"number"[39m
            [33mvalue[39m=[32m"100"[39m
          [36m/>[39m
        [36m</div>[39m
      [36m</div>[39m
      [36m<div[39m
        [33mclass[39m=[32m"grid grid-cols-2 gap-2 sm:gap-4"[39m
      [36m>[39m
        [36m<div>[39m
          [36m<label[39m
            [33mclass[39m=[32m"block text-xs sm:text-sm font-medium text-gray-700 mb-1 sm:mb-2"[39m
          [36m>[39m
            [0mReturn (%)[0m
          [36m</label>[39m
          [36m<input[39m
            [33mclass[39m=[32m"w-full px-2 sm:px-4 py-2 sm:py-3 text-sm border border-gray-300 rounded-lg focus:ring-2 focus:ring-blue-500 focus:border-blue-500"[39m
            [33mmin[39m=[32m"0"[39m
            [33mplaceholder[39m=[32m"7"[39m
            [33mrequired[39m=[32m""[39m
            [33mstep[39m=[32m"any"[39m
            [33mtype[39m=[32m"number"[39m
            [33mvalue[39m=[32m"7"[39m
          [36m/>[39m
        [36m</div>[39m
        [36m<div>[39m
          [36m<label[39m
            [33mclass[39m=[32m"block text-xs sm:text-sm font-medium text-gray-700 mb-1 sm:mb-2"[39m
          [36m>[39m
            [0mFees (%)[0m
          [36m</label>[39m
          [36m<input[39m
            [33mclass[39m=[32m"w-full px-2 sm:px-4 py-2 sm:py-3 text-sm border border-gray-300 rounded-lg focus:ring-2 focus:ring-blue-500 focus:border-blue-500"[39m
            [33mmin[39m=[32m"0"[39m
            [33mplaceholder[39m=[32m"0.1"[39m
            [33mstep[39m=[32m"any"[39m
            [33mtype[39m=[32m"number"[39m
            [33mvalue[39m=[32m"0.1"[39m
          [36m/>[39m
        [36m</div>[39m
      [36m</div>[39m
      [36m<div>[39m
        [36m<label[39m
          [33mclass[39m=[32m"block text-xs sm:text-sm font-medium text-gray-700 mb-1 sm:mb-2"[39m
        [36m>[39m
          [0mYears[0m
        [36m</label>[39m
        [36m<input[39m
          [33mclass[39m=[32m"w-full px-2 sm:px-4 py-2 sm:py-3 text-sm border border-gray-300 rounded-lg focus:ring-2 focus:ring-blue-500 focus:border-blue-500"[39m
          [33mmax[39m=[32m"50"[39m
          [33mmin[39m=[32m"1"[39m
          [33mplaceholder[39m=[32m"10"[39m
          [33mrequired[39m=[32m""[39m
          [33mtype[39m=[32m"number"[39m
          [33mvalue[39m=[32m"10"[39m
        [36m/>[39m
      [36m</div>[39m
      [36m<button[39m
        [33mclass[39m=[32m"w-full bg-blue-600 hover:bg-blue-700 text-white font-semibold py-3 sm:py-4 px-4 sm:px-6 rounded-lg transition-colors flex items-center justify-center gap-2 text-sm sm:text-base"[39m
        [33mtype[39m=[32m"submit"[39m
      [36m>[39m
        [36m<span>[39m
          [0m📊[0m
        [36m</span>[39m
        [0mCompare with S&P 500[0m
      [36m</button>[39m
    [36m</form>[39m
  [36m</div>[39m
[36m</body>[39m
 ❯ Object.getElementError node_modules/@testing-library/dom/dist/config.js:37:19
 ❯ getAllByLabelText node_modules/@testing-library/dom/dist/queries/label-text.js:108:40
 ❯ node_modules/@testing-library/dom/dist/query-helpers.js:52:17
 ❯ node_modules/@testing-library/dom/dist/query-helpers.js:95:19
 ❯ src/test/StockForm.test.tsx:97:33
     95| 
     96|     // Clear required fields
     97|     const initialInput = screen.getByLabelText(/Initial/);
       |                                 ^
     98|     await user.clear(initialInput);
     99| 

⎯⎯⎯⎯⎯⎯⎯⎯⎯⎯⎯⎯⎯⎯⎯⎯⎯⎯⎯⎯⎯⎯[11/28]⎯

 FAIL  src/test/StockForm.test.tsx > StockForm > should show alert for invalid initial amount
TestingLibraryElementError: Found a label with the text of: /Initial/, however no form control was found associated to that label. Make sure you're using the "for" attribute or "aria-labelledby" attribute correctly.

Ignored nodes: comments, script, style
[36m<body>[39m
  [36m<div>[39m
    [36m<form[39m
      [33mclass[39m=[32m"space-y-3 sm:space-y-6"[39m
    [36m>[39m
      [36m<div[39m
        [33mclass[39m=[32m"text-center mb-3 sm:mb-6"[39m
      [36m>[39m
        [36m<h2[39m
          [33mclass[39m=[32m"text-sm sm:text-lg font-bold text-gray-800"[39m
        [36m>[39m
          [0mCompare Stocks/ETFs vs S&P 500[0m
        [36m</h2>[39m
      [36m</div>[39m
      [36m<div>[39m
        [36m<label[39m
          [33mclass[39m=[32m"block text-xs sm:text-sm font-medium text-gray-700 mb-1 sm:mb-2"[39m
        [36m>[39m
          [0mQuick Presets 🚀[0m
        [36m</label>[39m
        [36m<select[39m
          [33mclass[39m=[32m"w-full px-2 sm:px-4 py-2 sm:py-3 text-sm border border-gray-300 rounded-lg focus:ring-2 focus:ring-blue-500 focus:border-blue-500 bg-white"[39m
        [36m>[39m
          [36m<option[39m
            [33mselected[39m=[32m""[39m
            [33mvalue[39m=[32m""[39m
          [36m>[39m
            [0mChoose preset...[0m
          [36m</option>[39m
          [36m<option[39m
            [33mvalue[39m=[32m"0"[39m
          [36m>[39m
            [0mS&P 500 Index Fund[0m
            [0m — [0m
            [0m7[0m
            [0m% return[0m
          [36m</option>[39m
          [36m<option[39m
            [33mvalue[39m=[32m"1"[39m
          [36m>[39m
            [0mNASDAQ 100[0m
            [0m — [0m
            [0m10[0m
            [0m% return[0m
          [36m</option>[39m
          [36m<option[39m
            [33mvalue[39m=[32m"2"[39m
          [36m>[39m
            [0mConservative Bonds[0m
            [0m — [0m
            [0m4[0m
            [0m% return[0m
          [36m</option>[39m
          [36m<option[39m
            [33mvalue[39m=[32m"3"[39m
          [36m>[39m
            [0mHigh Growth Tech[0m
            [0m — [0m
            [0m12[0m
            [0m% return[0m
          [36m</option>[39m
          [36m<option[39m
            [33mvalue[39m=[32m"4"[39m
          [36m>[39m
            [0mDividend Aristocrats[0m
            [0m — [0m
            [0m8[0m
            [0m% return[0m
          [36m</option>[39m
        [36m</select>[39m
      [36m</div>[39m
      [36m<div>[39m
        [36m<label[39m
          [33mclass[39m=[32m"block text-xs sm:text-sm font-medium text-gray-700 mb-1 sm:mb-2"[39m
        [36m>[39m
          [0mInvestment Name[0m
        [36m</label>[39m
        [36m<input[39m
          [33mclass[39m=[32m"w-full px-2 sm:px-4 py-2 sm:py-3 text-sm border border-gray-300 rounded-lg focus:ring-2 focus:ring-blue-500 focus:border-blue-500"[39m
          [33mplaceholder[39m=[32m"e.g., VFIAX, QQQ"[39m
          [33mtype[39m=[32m"text"[39m
          [33mvalue[39m=[32m"S&P 500"[39m
        [36m/>[39m
      [36m</div>[39m
      [36m<div[39m
        [33mclass[39m=[32m"grid grid-cols-2 gap-2 sm:gap-4"[39m
      [36m>[39m
        [36m<div>[39m
          [36m<label[39m
            [33mclass[39m=[32m"block text-xs sm:text-sm font-medium text-gray-700 mb-1 sm:mb-2"[39m
          [36m>[39m
            [0mInitial ($)[0m
          [36m</label>[39m
          [36m<input[39m
            [33mclass[39m=[32m"w-full px-2 sm:px-4 py-2 sm:py-3 text-sm border border-gray-300 rounded-lg focus:ring-2 focus:ring-blue-500 focus:border-blue-500"[39m
            [33mmin[39m=[32m"0"[39m
            [33mplaceholder[39m=[32m"1000"[39m
            [33mrequired[39m=[32m""[39m
            [33mstep[39m=[32m"any"[39m
            [33mtype[39m=[32m"number"[39m
            [33mvalue[39m=[32m"1000"[39m
          [36m/>[39m
        [36m</div>[39m
        [36m<div>[39m
          [36m<label[39m
            [33mclass[39m=[32m"block text-xs sm:text-sm font-medium text-gray-700 mb-1 sm:mb-2"[39m
          [36m>[39m
            [0mMonthly ($)[0m
          [36m</label>[39m
          [36m<input[39m
            [33mclass[39m=[32m"w-full px-2 sm:px-4 py-2 sm:py-3 text-sm border border-gray-300 rounded-lg focus:ring-2 focus:ring-blue-500 focus:border-blue-500"[39m
            [33mmin[39m=[32m"0"[39m
            [33mplaceholder[39m=[32m"100"[39m
            [33mstep[39m=[32m"any"[39m
            [33mtype[39m=[32m"number"[39m
            [33mvalue[39m=[32m"100"[39m
          [36m/>[39m
        [36m</div>[39m
      [36m</div>[39m
      [36m<div[39m
        [33mclass[39m=[32m"grid grid-cols-2 gap-2 sm:gap-4"[39m
      [36m>[39m
        [36m<div>[39m
          [36m<label[39m
            [33mclass[39m=[32m"block text-xs sm:text-sm font-medium text-gray-700 mb-1 sm:mb-2"[39m
          [36m>[39m
            [0mReturn (%)[0m
          [36m</label>[39m
          [36m<input[39m
            [33mclass[39m=[32m"w-full px-2 sm:px-4 py-2 sm:py-3 text-sm border border-gray-300 rounded-lg focus:ring-2 focus:ring-blue-500 focus:border-blue-500"[39m
            [33mmin[39m=[32m"0"[39m
            [33mplaceholder[39m=[32m"7"[39m
            [33mrequired[39m=[32m""[39m
            [33mstep[39m=[32m"any"[39m
            [33mtype[39m=[32m"number"[39m
            [33mvalue[39m=[32m"7"[39m
          [36m/>[39m
        [36m</div>[39m
        [36m<div>[39m
          [36m<label[39m
            [33mclass[39m=[32m"block text-xs sm:text-sm font-medium text-gray-700 mb-1 sm:mb-2"[39m
          [36m>[39m
            [0mFees (%)[0m
          [36m</label>[39m
          [36m<input[39m
            [33mclass[39m=[32m"w-full px-2 sm:px-4 py-2 sm:py-3 text-sm border border-gray-300 rounded-lg focus:ring-2 focus:ring-blue-500 focus:border-blue-500"[39m
            [33mmin[39m=[32m"0"[39m
            [33mplaceholder[39m=[32m"0.1"[39m
            [33mstep[39m=[32m"any"[39m
            [33mtype[39m=[32m"number"[39m
            [33mvalue[39m=[32m"0.1"[39m
          [36m/>[39m
        [36m</div>[39m
      [36m</div>[39m
      [36m<div>[39m
        [36m<label[39m
          [33mclass[39m=[32m"block text-xs sm:text-sm font-medium text-gray-700 mb-1 sm:mb-2"[39m
        [36m>[39m
          [0mYears[0m
        [36m</label>[39m
        [36m<input[39m
          [33mclass[39m=[32m"w-full px-2 sm:px-4 py-2 sm:py-3 text-sm border border-gray-300 rounded-lg focus:ring-2 focus:ring-blue-500 focus:border-blue-500"[39m
          [33mmax[39m=[32m"50"[39m
          [33mmin[39m=[32m"1"[39m
          [33mplaceholder[39m=[32m"10"[39m
          [33mrequired[39m=[32m""[39m
          [33mtype[39m=[32m"number"[39m
          [33mvalue[39m=[32m"10"[39m
        [36m/>[39m
      [36m</div>[39m
      [36m<button[39m
        [33mclass[39m=[32m"w-full bg-blue-600 hover:bg-blue-700 text-white font-semibold py-3 sm:py-4 px-4 sm:px-6 rounded-lg transition-colors flex items-center justify-center gap-2 text-sm sm:text-base"[39m
        [33mtype[39m=[32m"submit"[39m
      [36m>[39m
        [36m<span>[39m
          [0m📊[0m
        [36m</span>[39m
        [0mCompare with S&P 500[0m
      [36m</button>[39m
    [36m</form>[39m
  [36m</div>[39m
[36m</body>[39m
 ❯ Object.getElementError node_modules/@testing-library/dom/dist/config.js:37:19
 ❯ getAllByLabelText node_modules/@testing-library/dom/dist/queries/label-text.js:108:40
 ❯ node_modules/@testing-library/dom/dist/query-helpers.js:52:17
 ❯ node_modules/@testing-library/dom/dist/query-helpers.js:95:19
 ❯ src/test/StockForm.test.tsx:115:33
    113|     render(<StockForm onSubmit={mockOnSubmit} />);
    114| 
    115|     const initialInput = screen.getByLabelText(/Initial/);
       |                                 ^
    116|     await user.clear(initialInput);
    117|     await user.type(initialInput, "0");

⎯⎯⎯⎯⎯⎯⎯⎯⎯⎯⎯⎯⎯⎯⎯⎯⎯⎯⎯⎯⎯⎯[12/28]⎯

 FAIL  src/test/StockForm.test.tsx > StockForm > should show alert for invalid years
TestingLibraryElementError: Found a label with the text of: /Years/, however no form control was found associated to that label. Make sure you're using the "for" attribute or "aria-labelledby" attribute correctly.

Ignored nodes: comments, script, style
[36m<body>[39m
  [36m<div>[39m
    [36m<form[39m
      [33mclass[39m=[32m"space-y-3 sm:space-y-6"[39m
    [36m>[39m
      [36m<div[39m
        [33mclass[39m=[32m"text-center mb-3 sm:mb-6"[39m
      [36m>[39m
        [36m<h2[39m
          [33mclass[39m=[32m"text-sm sm:text-lg font-bold text-gray-800"[39m
        [36m>[39m
          [0mCompare Stocks/ETFs vs S&P 500[0m
        [36m</h2>[39m
      [36m</div>[39m
      [36m<div>[39m
        [36m<label[39m
          [33mclass[39m=[32m"block text-xs sm:text-sm font-medium text-gray-700 mb-1 sm:mb-2"[39m
        [36m>[39m
          [0mQuick Presets 🚀[0m
        [36m</label>[39m
        [36m<select[39m
          [33mclass[39m=[32m"w-full px-2 sm:px-4 py-2 sm:py-3 text-sm border border-gray-300 rounded-lg focus:ring-2 focus:ring-blue-500 focus:border-blue-500 bg-white"[39m
        [36m>[39m
          [36m<option[39m
            [33mselected[39m=[32m""[39m
            [33mvalue[39m=[32m""[39m
          [36m>[39m
            [0mChoose preset...[0m
          [36m</option>[39m
          [36m<option[39m
            [33mvalue[39m=[32m"0"[39m
          [36m>[39m
            [0mS&P 500 Index Fund[0m
            [0m — [0m
            [0m7[0m
            [0m% return[0m
          [36m</option>[39m
          [36m<option[39m
            [33mvalue[39m=[32m"1"[39m
          [36m>[39m
            [0mNASDAQ 100[0m
            [0m — [0m
            [0m10[0m
            [0m% return[0m
          [36m</option>[39m
          [36m<option[39m
            [33mvalue[39m=[32m"2"[39m
          [36m>[39m
            [0mConservative Bonds[0m
            [0m — [0m
            [0m4[0m
            [0m% return[0m
          [36m</option>[39m
          [36m<option[39m
            [33mvalue[39m=[32m"3"[39m
          [36m>[39m
            [0mHigh Growth Tech[0m
            [0m — [0m
            [0m12[0m
            [0m% return[0m
          [36m</option>[39m
          [36m<option[39m
            [33mvalue[39m=[32m"4"[39m
          [36m>[39m
            [0mDividend Aristocrats[0m
            [0m — [0m
            [0m8[0m
            [0m% return[0m
          [36m</option>[39m
        [36m</select>[39m
      [36m</div>[39m
      [36m<div>[39m
        [36m<label[39m
          [33mclass[39m=[32m"block text-xs sm:text-sm font-medium text-gray-700 mb-1 sm:mb-2"[39m
        [36m>[39m
          [0mInvestment Name[0m
        [36m</label>[39m
        [36m<input[39m
          [33mclass[39m=[32m"w-full px-2 sm:px-4 py-2 sm:py-3 text-sm border border-gray-300 rounded-lg focus:ring-2 focus:ring-blue-500 focus:border-blue-500"[39m
          [33mplaceholder[39m=[32m"e.g., VFIAX, QQQ"[39m
          [33mtype[39m=[32m"text"[39m
          [33mvalue[39m=[32m"S&P 500"[39m
        [36m/>[39m
      [36m</div>[39m
      [36m<div[39m
        [33mclass[39m=[32m"grid grid-cols-2 gap-2 sm:gap-4"[39m
      [36m>[39m
        [36m<div>[39m
          [36m<label[39m
            [33mclass[39m=[32m"block text-xs sm:text-sm font-medium text-gray-700 mb-1 sm:mb-2"[39m
          [36m>[39m
            [0mInitial ($)[0m
          [36m</label>[39m
          [36m<input[39m
            [33mclass[39m=[32m"w-full px-2 sm:px-4 py-2 sm:py-3 text-sm border border-gray-300 rounded-lg focus:ring-2 focus:ring-blue-500 focus:border-blue-500"[39m
            [33mmin[39m=[32m"0"[39m
            [33mplaceholder[39m=[32m"1000"[39m
            [33mrequired[39m=[32m""[39m
            [33mstep[39m=[32m"any"[39m
            [33mtype[39m=[32m"number"[39m
            [33mvalue[39m=[32m"1000"[39m
          [36m/>[39m
        [36m</div>[39m
        [36m<div>[39m
          [36m<label[39m
            [33mclass[39m=[32m"block text-xs sm:text-sm font-medium text-gray-700 mb-1 sm:mb-2"[39m
          [36m>[39m
            [0mMonthly ($)[0m
          [36m</label>[39m
          [36m<input[39m
            [33mclass[39m=[32m"w-full px-2 sm:px-4 py-2 sm:py-3 text-sm border border-gray-300 rounded-lg focus:ring-2 focus:ring-blue-500 focus:border-blue-500"[39m
            [33mmin[39m=[32m"0"[39m
            [33mplaceholder[39m=[32m"100"[39m
            [33mstep[39m=[32m"any"[39m
            [33mtype[39m=[32m"number"[39m
            [33mvalue[39m=[32m"100"[39m
          [36m/>[39m
        [36m</div>[39m
      [36m</div>[39m
      [36m<div[39m
        [33mclass[39m=[32m"grid grid-cols-2 gap-2 sm:gap-4"[39m
      [36m>[39m
        [36m<div>[39m
          [36m<label[39m
            [33mclass[39m=[32m"block text-xs sm:text-sm font-medium text-gray-700 mb-1 sm:mb-2"[39m
          [36m>[39m
            [0mReturn (%)[0m
          [36m</label>[39m
          [36m<input[39m
            [33mclass[39m=[32m"w-full px-2 sm:px-4 py-2 sm:py-3 text-sm border border-gray-300 rounded-lg focus:ring-2 focus:ring-blue-500 focus:border-blue-500"[39m
            [33mmin[39m=[32m"0"[39m
            [33mplaceholder[39m=[32m"7"[39m
            [33mrequired[39m=[32m""[39m
            [33mstep[39m=[32m"any"[39m
            [33mtype[39m=[32m"number"[39m
            [33mvalue[39m=[32m"7"[39m
          [36m/>[39m
        [36m</div>[39m
        [36m<div>[39m
          [36m<label[39m
            [33mclass[39m=[32m"block text-xs sm:text-sm font-medium text-gray-700 mb-1 sm:mb-2"[39m
          [36m>[39m
            [0mFees (%)[0m
          [36m</label>[39m
          [36m<input[39m
            [33mclass[39m=[32m"w-full px-2 sm:px-4 py-2 sm:py-3 text-sm border border-gray-300 rounded-lg focus:ring-2 focus:ring-blue-500 focus:border-blue-500"[39m
            [33mmin[39m=[32m"0"[39m
            [33mplaceholder[39m=[32m"0.1"[39m
            [33mstep[39m=[32m"any"[39m
            [33mtype[39m=[32m"number"[39m
            [33mvalue[39m=[32m"0.1"[39m
          [36m/>[39m
        [36m</div>[39m
      [36m</div>[39m
      [36m<div>[39m
        [36m<label[39m
          [33mclass[39m=[32m"block text-xs sm:text-sm font-medium text-gray-700 mb-1 sm:mb-2"[39m
        [36m>[39m
          [0mYears[0m
        [36m</label>[39m
        [36m<input[39m
          [33mclass[39m=[32m"w-full px-2 sm:px-4 py-2 sm:py-3 text-sm border border-gray-300 rounded-lg focus:ring-2 focus:ring-blue-500 focus:border-blue-500"[39m
          [33mmax[39m=[32m"50"[39m
          [33mmin[39m=[32m"1"[39m
          [33mplaceholder[39m=[32m"10"[39m
          [33mrequired[39m=[32m""[39m
          [33mtype[39m=[32m"number"[39m
          [33mvalue[39m=[32m"10"[39m
        [36m/>[39m
      [36m</div>[39m
      [36m<button[39m
        [33mclass[39m=[32m"w-full bg-blue-600 hover:bg-blue-700 text-white font-semibold py-3 sm:py-4 px-4 sm:px-6 rounded-lg transition-colors flex items-center justify-center gap-2 text-sm sm:text-base"[39m
        [33mtype[39m=[32m"submit"[39m
      [36m>[39m
        [36m<span>[39m
          [0m📊[0m
        [36m</span>[39m
        [0mCompare with S&P 500[0m
      [36m</button>[39m
    [36m</form>[39m
  [36m</div>[39m
[36m</body>[39m
 ❯ Object.getElementError node_modules/@testing-library/dom/dist/config.js:37:19
 ❯ getAllByLabelText node_modules/@testing-library/dom/dist/queries/label-text.js:108:40
 ❯ node_modules/@testing-library/dom/dist/query-helpers.js:52:17
 ❯ node_modules/@testing-library/dom/dist/query-helpers.js:95:19
 ❯ src/test/StockForm.test.tsx:138:31
    136|     render(<StockForm onSubmit={mockOnSubmit} />);
    137| 
    138|     const yearsInput = screen.getByLabelText(/Years/);
       |                               ^
    139|     await user.clear(yearsInput);
    140|     await user.type(yearsInput, "0");

⎯⎯⎯⎯⎯⎯⎯⎯⎯⎯⎯⎯⎯⎯⎯⎯⎯⎯⎯⎯⎯⎯[13/28]⎯

 FAIL  src/test/StockForm.test.tsx > StockForm > should handle form submission with custom values
TestingLibraryElementError: Found a label with the text of: /Investment Name/, however no form control was found associated to that label. Make sure you're using the "for" attribute or "aria-labelledby" attribute correctly.

Ignored nodes: comments, script, style
[36m<body>[39m
  [36m<div>[39m
    [36m<form[39m
      [33mclass[39m=[32m"space-y-3 sm:space-y-6"[39m
    [36m>[39m
      [36m<div[39m
        [33mclass[39m=[32m"text-center mb-3 sm:mb-6"[39m
      [36m>[39m
        [36m<h2[39m
          [33mclass[39m=[32m"text-sm sm:text-lg font-bold text-gray-800"[39m
        [36m>[39m
          [0mCompare Stocks/ETFs vs S&P 500[0m
        [36m</h2>[39m
      [36m</div>[39m
      [36m<div>[39m
        [36m<label[39m
          [33mclass[39m=[32m"block text-xs sm:text-sm font-medium text-gray-700 mb-1 sm:mb-2"[39m
        [36m>[39m
          [0mQuick Presets 🚀[0m
        [36m</label>[39m
        [36m<select[39m
          [33mclass[39m=[32m"w-full px-2 sm:px-4 py-2 sm:py-3 text-sm border border-gray-300 rounded-lg focus:ring-2 focus:ring-blue-500 focus:border-blue-500 bg-white"[39m
        [36m>[39m
          [36m<option[39m
            [33mselected[39m=[32m""[39m
            [33mvalue[39m=[32m""[39m
          [36m>[39m
            [0mChoose preset...[0m
          [36m</option>[39m
          [36m<option[39m
            [33mvalue[39m=[32m"0"[39m
          [36m>[39m
            [0mS&P 500 Index Fund[0m
            [0m — [0m
            [0m7[0m
            [0m% return[0m
          [36m</option>[39m
          [36m<option[39m
            [33mvalue[39m=[32m"1"[39m
          [36m>[39m
            [0mNASDAQ 100[0m
            [0m — [0m
            [0m10[0m
            [0m% return[0m
          [36m</option>[39m
          [36m<option[39m
            [33mvalue[39m=[32m"2"[39m
          [36m>[39m
            [0mConservative Bonds[0m
            [0m — [0m
            [0m4[0m
            [0m% return[0m
          [36m</option>[39m
          [36m<option[39m
            [33mvalue[39m=[32m"3"[39m
          [36m>[39m
            [0mHigh Growth Tech[0m
            [0m — [0m
            [0m12[0m
            [0m% return[0m
          [36m</option>[39m
          [36m<option[39m
            [33mvalue[39m=[32m"4"[39m
          [36m>[39m
            [0mDividend Aristocrats[0m
            [0m — [0m
            [0m8[0m
            [0m% return[0m
          [36m</option>[39m
        [36m</select>[39m
      [36m</div>[39m
      [36m<div>[39m
        [36m<label[39m
          [33mclass[39m=[32m"block text-xs sm:text-sm font-medium text-gray-700 mb-1 sm:mb-2"[39m
        [36m>[39m
          [0mInvestment Name[0m
        [36m</label>[39m
        [36m<input[39m
          [33mclass[39m=[32m"w-full px-2 sm:px-4 py-2 sm:py-3 text-sm border border-gray-300 rounded-lg focus:ring-2 focus:ring-blue-500 focus:border-blue-500"[39m
          [33mplaceholder[39m=[32m"e.g., VFIAX, QQQ"[39m
          [33mtype[39m=[32m"text"[39m
          [33mvalue[39m=[32m"S&P 500"[39m
        [36m/>[39m
      [36m</div>[39m
      [36m<div[39m
        [33mclass[39m=[32m"grid grid-cols-2 gap-2 sm:gap-4"[39m
      [36m>[39m
        [36m<div>[39m
          [36m<label[39m
            [33mclass[39m=[32m"block text-xs sm:text-sm font-medium text-gray-700 mb-1 sm:mb-2"[39m
          [36m>[39m
            [0mInitial ($)[0m
          [36m</label>[39m
          [36m<input[39m
            [33mclass[39m=[32m"w-full px-2 sm:px-4 py-2 sm:py-3 text-sm border border-gray-300 rounded-lg focus:ring-2 focus:ring-blue-500 focus:border-blue-500"[39m
            [33mmin[39m=[32m"0"[39m
            [33mplaceholder[39m=[32m"1000"[39m
            [33mrequired[39m=[32m""[39m
            [33mstep[39m=[32m"any"[39m
            [33mtype[39m=[32m"number"[39m
            [33mvalue[39m=[32m"1000"[39m
          [36m/>[39m
        [36m</div>[39m
        [36m<div>[39m
          [36m<label[39m
            [33mclass[39m=[32m"block text-xs sm:text-sm font-medium text-gray-700 mb-1 sm:mb-2"[39m
          [36m>[39m
            [0mMonthly ($)[0m
          [36m</label>[39m
          [36m<input[39m
            [33mclass[39m=[32m"w-full px-2 sm:px-4 py-2 sm:py-3 text-sm border border-gray-300 rounded-lg focus:ring-2 focus:ring-blue-500 focus:border-blue-500"[39m
            [33mmin[39m=[32m"0"[39m
            [33mplaceholder[39m=[32m"100"[39m
            [33mstep[39m=[32m"any"[39m
            [33mtype[39m=[32m"number"[39m
            [33mvalue[39m=[32m"100"[39m
          [36m/>[39m
        [36m</div>[39m
      [36m</div>[39m
      [36m<div[39m
        [33mclass[39m=[32m"grid grid-cols-2 gap-2 sm:gap-4"[39m
      [36m>[39m
        [36m<div>[39m
          [36m<label[39m
            [33mclass[39m=[32m"block text-xs sm:text-sm font-medium text-gray-700 mb-1 sm:mb-2"[39m
          [36m>[39m
            [0mReturn (%)[0m
          [36m</label>[39m
          [36m<input[39m
            [33mclass[39m=[32m"w-full px-2 sm:px-4 py-2 sm:py-3 text-sm border border-gray-300 rounded-lg focus:ring-2 focus:ring-blue-500 focus:border-blue-500"[39m
            [33mmin[39m=[32m"0"[39m
            [33mplaceholder[39m=[32m"7"[39m
            [33mrequired[39m=[32m""[39m
            [33mstep[39m=[32m"any"[39m
            [33mtype[39m=[32m"number"[39m
            [33mvalue[39m=[32m"7"[39m
          [36m/>[39m
        [36m</div>[39m
        [36m<div>[39m
          [36m<label[39m
            [33mclass[39m=[32m"block text-xs sm:text-sm font-medium text-gray-700 mb-1 sm:mb-2"[39m
          [36m>[39m
            [0mFees (%)[0m
          [36m</label>[39m
          [36m<input[39m
            [33mclass[39m=[32m"w-full px-2 sm:px-4 py-2 sm:py-3 text-sm border border-gray-300 rounded-lg focus:ring-2 focus:ring-blue-500 focus:border-blue-500"[39m
            [33mmin[39m=[32m"0"[39m
            [33mplaceholder[39m=[32m"0.1"[39m
            [33mstep[39m=[32m"any"[39m
            [33mtype[39m=[32m"number"[39m
            [33mvalue[39m=[32m"0.1"[39m
          [36m/>[39m
        [36m</div>[39m
      [36m</div>[39m
      [36m<div>[39m
        [36m<label[39m
          [33mclass[39m=[32m"block text-xs sm:text-sm font-medium text-gray-700 mb-1 sm:mb-2"[39m
        [36m>[39m
          [0mYears[0m
        [36m</label>[39m
        [36m<input[39m
          [33mclass[39m=[32m"w-full px-2 sm:px-4 py-2 sm:py-3 text-sm border border-gray-300 rounded-lg focus:ring-2 focus:ring-blue-500 focus:border-blue-500"[39m
          [33mmax[39m=[32m"50"[39m
          [33mmin[39m=[32m"1"[39m
          [33mplaceholder[39m=[32m"10"[39m
          [33mrequired[39m=[32m""[39m
          [33mtype[39m=[32m"number"[39m
          [33mvalue[39m=[32m"10"[39m
        [36m/>[39m
      [36m</div>[39m
      [36m<button[39m
        [33mclass[39m=[32m"w-full bg-blue-600 hover:bg-blue-700 text-white font-semibold py-3 sm:py-4 px-4 sm:px-6 rounded-lg transition-colors flex items-center justify-center gap-2 text-sm sm:text-base"[39m
        [33mtype[39m=[32m"submit"[39m
      [36m>[39m
        [36m<span>[39m
          [0m📊[0m
        [36m</span>[39m
        [0mCompare with S&P 500[0m
      [36m</button>[39m
    [36m</form>[39m
  [36m</div>[39m
[36m</body>[39m
 ❯ Object.getElementError node_modules/@testing-library/dom/dist/config.js:37:19
 ❯ getAllByLabelText node_modules/@testing-library/dom/dist/queries/label-text.js:108:40
 ❯ node_modules/@testing-library/dom/dist/query-helpers.js:52:17
 ❯ node_modules/@testing-library/dom/dist/query-helpers.js:95:19
 ❯ src/test/StockForm.test.tsx:160:29
    158| 
    159|     // Update all fields
    160|     await user.clear(screen.getByLabelText(/Investment Name/));
       |                             ^
    161|     await user.type(
    162|       screen.getByLabelText(/Investment Name/),

⎯⎯⎯⎯⎯⎯⎯⎯⎯⎯⎯⎯⎯⎯⎯⎯⎯⎯⎯⎯⎯⎯[14/28]⎯

 FAIL  src/test/StockForm.test.tsx > StockForm > should handle empty name field gracefully
TestingLibraryElementError: Found a label with the text of: /Investment Name/, however no form control was found associated to that label. Make sure you're using the "for" attribute or "aria-labelledby" attribute correctly.

Ignored nodes: comments, script, style
[36m<body>[39m
  [36m<div>[39m
    [36m<form[39m
      [33mclass[39m=[32m"space-y-3 sm:space-y-6"[39m
    [36m>[39m
      [36m<div[39m
        [33mclass[39m=[32m"text-center mb-3 sm:mb-6"[39m
      [36m>[39m
        [36m<h2[39m
          [33mclass[39m=[32m"text-sm sm:text-lg font-bold text-gray-800"[39m
        [36m>[39m
          [0mCompare Stocks/ETFs vs S&P 500[0m
        [36m</h2>[39m
      [36m</div>[39m
      [36m<div>[39m
        [36m<label[39m
          [33mclass[39m=[32m"block text-xs sm:text-sm font-medium text-gray-700 mb-1 sm:mb-2"[39m
        [36m>[39m
          [0mQuick Presets 🚀[0m
        [36m</label>[39m
        [36m<select[39m
          [33mclass[39m=[32m"w-full px-2 sm:px-4 py-2 sm:py-3 text-sm border border-gray-300 rounded-lg focus:ring-2 focus:ring-blue-500 focus:border-blue-500 bg-white"[39m
        [36m>[39m
          [36m<option[39m
            [33mselected[39m=[32m""[39m
            [33mvalue[39m=[32m""[39m
          [36m>[39m
            [0mChoose preset...[0m
          [36m</option>[39m
          [36m<option[39m
            [33mvalue[39m=[32m"0"[39m
          [36m>[39m
            [0mS&P 500 Index Fund[0m
            [0m — [0m
            [0m7[0m
            [0m% return[0m
          [36m</option>[39m
          [36m<option[39m
            [33mvalue[39m=[32m"1"[39m
          [36m>[39m
            [0mNASDAQ 100[0m
            [0m — [0m
            [0m10[0m
            [0m% return[0m
          [36m</option>[39m
          [36m<option[39m
            [33mvalue[39m=[32m"2"[39m
          [36m>[39m
            [0mConservative Bonds[0m
            [0m — [0m
            [0m4[0m
            [0m% return[0m
          [36m</option>[39m
          [36m<option[39m
            [33mvalue[39m=[32m"3"[39m
          [36m>[39m
            [0mHigh Growth Tech[0m
            [0m — [0m
            [0m12[0m
            [0m% return[0m
          [36m</option>[39m
          [36m<option[39m
            [33mvalue[39m=[32m"4"[39m
          [36m>[39m
            [0mDividend Aristocrats[0m
            [0m — [0m
            [0m8[0m
            [0m% return[0m
          [36m</option>[39m
        [36m</select>[39m
      [36m</div>[39m
      [36m<div>[39m
        [36m<label[39m
          [33mclass[39m=[32m"block text-xs sm:text-sm font-medium text-gray-700 mb-1 sm:mb-2"[39m
        [36m>[39m
          [0mInvestment Name[0m
        [36m</label>[39m
        [36m<input[39m
          [33mclass[39m=[32m"w-full px-2 sm:px-4 py-2 sm:py-3 text-sm border border-gray-300 rounded-lg focus:ring-2 focus:ring-blue-500 focus:border-blue-500"[39m
          [33mplaceholder[39m=[32m"e.g., VFIAX, QQQ"[39m
          [33mtype[39m=[32m"text"[39m
          [33mvalue[39m=[32m"S&P 500"[39m
        [36m/>[39m
      [36m</div>[39m
      [36m<div[39m
        [33mclass[39m=[32m"grid grid-cols-2 gap-2 sm:gap-4"[39m
      [36m>[39m
        [36m<div>[39m
          [36m<label[39m
            [33mclass[39m=[32m"block text-xs sm:text-sm font-medium text-gray-700 mb-1 sm:mb-2"[39m
          [36m>[39m
            [0mInitial ($)[0m
          [36m</label>[39m
          [36m<input[39m
            [33mclass[39m=[32m"w-full px-2 sm:px-4 py-2 sm:py-3 text-sm border border-gray-300 rounded-lg focus:ring-2 focus:ring-blue-500 focus:border-blue-500"[39m
            [33mmin[39m=[32m"0"[39m
            [33mplaceholder[39m=[32m"1000"[39m
            [33mrequired[39m=[32m""[39m
            [33mstep[39m=[32m"any"[39m
            [33mtype[39m=[32m"number"[39m
            [33mvalue[39m=[32m"1000"[39m
          [36m/>[39m
        [36m</div>[39m
        [36m<div>[39m
          [36m<label[39m
            [33mclass[39m=[32m"block text-xs sm:text-sm font-medium text-gray-700 mb-1 sm:mb-2"[39m
          [36m>[39m
            [0mMonthly ($)[0m
          [36m</label>[39m
          [36m<input[39m
            [33mclass[39m=[32m"w-full px-2 sm:px-4 py-2 sm:py-3 text-sm border border-gray-300 rounded-lg focus:ring-2 focus:ring-blue-500 focus:border-blue-500"[39m
            [33mmin[39m=[32m"0"[39m
            [33mplaceholder[39m=[32m"100"[39m
            [33mstep[39m=[32m"any"[39m
            [33mtype[39m=[32m"number"[39m
            [33mvalue[39m=[32m"100"[39m
          [36m/>[39m
        [36m</div>[39m
      [36m</div>[39m
      [36m<div[39m
        [33mclass[39m=[32m"grid grid-cols-2 gap-2 sm:gap-4"[39m
      [36m>[39m
        [36m<div>[39m
          [36m<label[39m
            [33mclass[39m=[32m"block text-xs sm:text-sm font-medium text-gray-700 mb-1 sm:mb-2"[39m
          [36m>[39m
            [0mReturn (%)[0m
          [36m</label>[39m
          [36m<input[39m
            [33mclass[39m=[32m"w-full px-2 sm:px-4 py-2 sm:py-3 text-sm border border-gray-300 rounded-lg focus:ring-2 focus:ring-blue-500 focus:border-blue-500"[39m
            [33mmin[39m=[32m"0"[39m
            [33mplaceholder[39m=[32m"7"[39m
            [33mrequired[39m=[32m""[39m
            [33mstep[39m=[32m"any"[39m
            [33mtype[39m=[32m"number"[39m
            [33mvalue[39m=[32m"7"[39m
          [36m/>[39m
        [36m</div>[39m
        [36m<div>[39m
          [36m<label[39m
            [33mclass[39m=[32m"block text-xs sm:text-sm font-medium text-gray-700 mb-1 sm:mb-2"[39m
          [36m>[39m
            [0mFees (%)[0m
          [36m</label>[39m
          [36m<input[39m
            [33mclass[39m=[32m"w-full px-2 sm:px-4 py-2 sm:py-3 text-sm border border-gray-300 rounded-lg focus:ring-2 focus:ring-blue-500 focus:border-blue-500"[39m
            [33mmin[39m=[32m"0"[39m
            [33mplaceholder[39m=[32m"0.1"[39m
            [33mstep[39m=[32m"any"[39m
            [33mtype[39m=[32m"number"[39m
            [33mvalue[39m=[32m"0.1"[39m
          [36m/>[39m
        [36m</div>[39m
      [36m</div>[39m
      [36m<div>[39m
        [36m<label[39m
          [33mclass[39m=[32m"block text-xs sm:text-sm font-medium text-gray-700 mb-1 sm:mb-2"[39m
        [36m>[39m
          [0mYears[0m
        [36m</label>[39m
        [36m<input[39m
          [33mclass[39m=[32m"w-full px-2 sm:px-4 py-2 sm:py-3 text-sm border border-gray-300 rounded-lg focus:ring-2 focus:ring-blue-500 focus:border-blue-500"[39m
          [33mmax[39m=[32m"50"[39m
          [33mmin[39m=[32m"1"[39m
          [33mplaceholder[39m=[32m"10"[39m
          [33mrequired[39m=[32m""[39m
          [33mtype[39m=[32m"number"[39m
          [33mvalue[39m=[32m"10"[39m
        [36m/>[39m
      [36m</div>[39m
      [36m<button[39m
        [33mclass[39m=[32m"w-full bg-blue-600 hover:bg-blue-700 text-white font-semibold py-3 sm:py-4 px-4 sm:px-6 rounded-lg transition-colors flex items-center justify-center gap-2 text-sm sm:text-base"[39m
        [33mtype[39m=[32m"submit"[39m
      [36m>[39m
        [36m<span>[39m
          [0m📊[0m
        [36m</span>[39m
        [0mCompare with S&P 500[0m
      [36m</button>[39m
    [36m</form>[39m
  [36m</div>[39m
[36m</body>[39m
 ❯ Object.getElementError node_modules/@testing-library/dom/dist/config.js:37:19
 ❯ getAllByLabelText node_modules/@testing-library/dom/dist/queries/label-text.js:108:40
 ❯ node_modules/@testing-library/dom/dist/query-helpers.js:52:17
 ❯ node_modules/@testing-library/dom/dist/query-helpers.js:95:19
 ❯ src/test/StockForm.test.tsx:200:30
    198|     render(<StockForm onSubmit={mockOnSubmit} />);
    199| 
    200|     const nameInput = screen.getByLabelText(/Investment Name/);
       |                              ^
    201|     await user.clear(nameInput);
    202| 

⎯⎯⎯⎯⎯⎯⎯⎯⎯⎯⎯⎯⎯⎯⎯⎯⎯⎯⎯⎯⎯⎯[15/28]⎯

 FAIL  src/test/calculations.test.ts > Stock Calculations > calculateStockGrowth > should calculate future value with no monthly contributions
AssertionError: expected 2009.6613766956327 to be close to 1967.15, received difference is 42.511376695632634, but expected 0.05
 ❯ src/test/calculations.test.ts:17:22
     15|     it("should calculate future value with no monthly contributions", …
     16|       const result = calculateStockGrowth(1000, 0, 7, 10);
     17|       expect(result).toBeCloseTo(1967.15, 1); // 1000 * (1.07)^10
       |                      ^
     18|     });
     19| 

⎯⎯⎯⎯⎯⎯⎯⎯⎯⎯⎯⎯⎯⎯⎯⎯⎯⎯⎯⎯⎯⎯[16/28]⎯

 FAIL  src/test/calculations.test.ts > Stock Calculations > calculateStockGrowth > should calculate future value with monthly contributions
AssertionError: expected 19318.142120049335 to be close to 19671.5, received difference is 353.35787995066494, but expected 0.05
 ❯ src/test/calculations.test.ts:22:22
     20|     it("should calculate future value with monthly contributions", () …
     21|       const result = calculateStockGrowth(1000, 100, 7, 10);
     22|       expect(result).toBeCloseTo(19671.5, 1); // Complex compound inte…
       |                      ^
     23|     });
     24| 

⎯⎯⎯⎯⎯⎯⎯⎯⎯⎯⎯⎯⎯⎯⎯⎯⎯⎯⎯⎯⎯⎯[17/28]⎯

 FAIL  src/test/calculations.test.ts > Stock Calculations > calculateStockGrowth > should handle single year investment
AssertionError: expected 2311.5486098202796 to be close to 2272.04, received difference is 39.50860982027962, but expected 0.05
 ❯ src/test/calculations.test.ts:32:22
     30|     it("should handle single year investment", () => {
     31|       const result = calculateStockGrowth(1000, 100, 7, 1);
     32|       expect(result).toBeCloseTo(2272.04, 1);
       |                      ^
     33|     });
     34|   });

⎯⎯⎯⎯⎯⎯⎯⎯⎯⎯⎯⎯⎯⎯⎯⎯⎯⎯⎯⎯⎯⎯[18/28]⎯

 FAIL  src/test/calculations.test.ts > Edge Cases and Error Handling > should handle zero monthly contribution for real estate
AssertionError: expected false to be true // Object.is equality

[32m- Expected[39m
[31m+ Received[39m

[32m- true[39m
[31m+ false[39m

 ❯ src/test/calculations.test.ts:264:49
    262| 
    263|     const result = calculateRealEstateReturns(realEstateData);
    264|     expect(Number.isFinite(result.totalEquity)).toBe(true);
       |                                                 ^
    265|     expect(result.totalEquity).toBeGreaterThan(500000);
    266|   });

⎯⎯⎯⎯⎯⎯⎯⎯⎯⎯⎯⎯⎯⎯⎯⎯⎯⎯⎯⎯⎯⎯[19/28]⎯

 FAIL  src/test/useInvestmentCalculator.test.ts > useInvestmentCalculator > Stock Investment Validation > should validate initial amount
AssertionError: expected undefined to be 'Please enter a valid initial amount' // Object.is equality

[32m- Expected:[39m 
"Please enter a valid initial amount"

[31m+ Received:[39m 
undefined

 ❯ src/test/useInvestmentCalculator.test.ts:40:45
     38|         );
     39|         expect(result).toBe(null);
     40|         expect(hook.current.error?.message).toBe(
       |                                             ^
     41|           "Please enter a valid initial amount"
     42|         );

⎯⎯⎯⎯⎯⎯⎯⎯⎯⎯⎯⎯⎯⎯⎯⎯⎯⎯⎯⎯⎯⎯[20/28]⎯

 FAIL  src/test/useInvestmentCalculator.test.ts > useInvestmentCalculator > Stock Investment Validation > should validate years
AssertionError: expected undefined to be 'Please enter a valid number of years' // Object.is equality

[32m- Expected:[39m 
"Please enter a valid number of years"

[31m+ Received:[39m 
undefined

 ❯ src/test/useInvestmentCalculator.test.ts:62:45
     60|         );
     61|         expect(result).toBe(null);
     62|         expect(hook.current.error?.message).toBe(
       |                                             ^
     63|           "Please enter a valid number of years"
     64|         );

⎯⎯⎯⎯⎯⎯⎯⎯⎯⎯⎯⎯⎯⎯⎯⎯⎯⎯⎯⎯⎯⎯[21/28]⎯

 FAIL  src/test/useInvestmentCalculator.test.ts > useInvestmentCalculator > Stock Investment Validation > should validate negative return rate
AssertionError: expected undefined to be 'Return rate cannot be negative' // Object.is equality

[32m- Expected:[39m 
"Return rate cannot be negative"

[31m+ Received:[39m 
undefined

 ❯ src/test/useInvestmentCalculator.test.ts:84:45
     82|         );
     83|         expect(result).toBe(null);
     84|         expect(hook.current.error?.message).toBe(
       |                                             ^
     85|           "Return rate cannot be negative"
     86|         );

⎯⎯⎯⎯⎯⎯⎯⎯⎯⎯⎯⎯⎯⎯⎯⎯⎯⎯⎯⎯⎯⎯[22/28]⎯

 FAIL  src/test/useInvestmentCalculator.test.ts > useInvestmentCalculator > Real Estate Investment Validation > should validate property value
AssertionError: expected undefined to be 'Please enter a valid property value' // Object.is equality

[32m- Expected:[39m 
"Please enter a valid property value"

[31m+ Received:[39m 
undefined

 ❯ src/test/useInvestmentCalculator.test.ts:138:45
    136|         );
    137|         expect(result).toBe(null);
    138|         expect(hook.current.error?.message).toBe(
       |                                             ^
    139|           "Please enter a valid property value"
    140|         );

⎯⎯⎯⎯⎯⎯⎯⎯⎯⎯⎯⎯⎯⎯⎯⎯⎯⎯⎯⎯⎯⎯[23/28]⎯

 FAIL  src/test/useInvestmentCalculator.test.ts > useInvestmentCalculator > Real Estate Investment Validation > should validate down payment
AssertionError: expected undefined to be 'Please enter a valid down payment' // Object.is equality

[32m- Expected:[39m 
"Please enter a valid down payment"

[31m+ Received:[39m 
undefined

 ❯ src/test/useInvestmentCalculator.test.ts:166:45
    164|         );
    165|         expect(result).toBe(null);
    166|         expect(hook.current.error?.message).toBe(
       |                                             ^
    167|           "Please enter a valid down payment"
    168|         );

⎯⎯⎯⎯⎯⎯⎯⎯⎯⎯⎯⎯⎯⎯⎯⎯⎯⎯⎯⎯⎯⎯[24/28]⎯

 FAIL  src/test/useInvestmentCalculator.test.ts > useInvestmentCalculator > Real Estate Investment Validation > should validate down payment vs property value
AssertionError: expected undefined to be 'Down payment cannot exceed property v…' // Object.is equality

[32m- Expected:[39m 
"Down payment cannot exceed property value"

[31m+ Received:[39m 
undefined

 ❯ src/test/useInvestmentCalculator.test.ts:194:45
    192|         );
    193|         expect(result).toBe(null);
    194|         expect(hook.current.error?.message).toBe(
       |                                             ^
    195|           "Down payment cannot exceed property value"
    196|         );

⎯⎯⎯⎯⎯⎯⎯⎯⎯⎯⎯⎯⎯⎯⎯⎯⎯⎯⎯⎯⎯⎯[25/28]⎯

 FAIL  src/test/useInvestmentCalculator.test.ts > useInvestmentCalculator > Error Handling > should clear errors
AssertionError: expected null not to be null // Object.is equality
 ❯ src/test/useInvestmentCalculator.test.ts:245:40
    243|       await act(async () => {
    244|         await hook.current.calculateInvestment(invalidData, "stocks");
    245|         expect(hook.current.error).not.toBe(null);
       |                                        ^
    246|       });
    247| 

⎯⎯⎯⎯⎯⎯⎯⎯⎯⎯⎯⎯⎯⎯⎯⎯⎯⎯⎯⎯⎯⎯[26/28]⎯

 FAIL  src/test/useInvestmentCalculator.test.ts > useInvestmentCalculator > Error Handling > should handle unknown investment type
AssertionError: expected undefined to be 'Unknown investment type' // Object.is equality

[32m- Expected:[39m 
"Unknown investment type"

[31m+ Received:[39m 
undefined

 ❯ src/test/useInvestmentCalculator.test.ts:272:45
    270|         );
    271|         expect(result).toBe(null);
    272|         expect(hook.current.error?.message).toBe("Unknown investment t…
       |                                             ^
    273|       });
    274|     });

⎯⎯⎯⎯⎯⎯⎯⎯⎯⎯⎯⎯⎯⎯⎯⎯⎯⎯⎯⎯⎯⎯[27/28]⎯

 FAIL  src/test/useInvestmentCalculator.test.ts > useInvestmentCalculator > Loading State > should set loading state during calculation
AssertionError: expected false to be true // Object.is equality

[32m- Expected[39m
[31m+ Received[39m

[32m- true[39m
[31m+ false[39m

 ❯ src/test/useInvestmentCalculator.test.ts:296:28
    294|       });
    295| 
    296|       expect(loadingState).toBe(true);
       |                            ^
    297|       expect(hook.current.isCalculating).toBe(false);
    298|     });

⎯⎯⎯⎯⎯⎯⎯⎯⎯⎯⎯⎯⎯⎯⎯⎯⎯⎯⎯⎯⎯⎯[28/28]⎯


 Test Files  5 failed (5)
      Tests  28 failed | 37 passed (65)
   Start at  22:27:16
   Duration  1.89s (transform 321ms, setup 613ms, collect 943ms, tests 961ms, environment 2.10s, prepare 1.05s)

